Archive member included to satisfy reference by file (symbol)

d:/programy/stm32cubeide_1.10.1/stm32cubeide/plugins/com.st.stm32cube.ide.mcu.externaltools.gnu-tools-for-stm32.10.3-2021.10.win32_1.0.0.202111181127/tools/bin/../lib/gcc/arm-none-eabi/10.3.1/../../../../arm-none-eabi/lib/thumb/v6-m/nofp\libc_nano.a(lib_a-errno.o)
                              ./Core/Src/syscalls.o (__errno)
d:/programy/stm32cubeide_1.10.1/stm32cubeide/plugins/com.st.stm32cube.ide.mcu.externaltools.gnu-tools-for-stm32.10.3-2021.10.win32_1.0.0.202111181127/tools/bin/../lib/gcc/arm-none-eabi/10.3.1/../../../../arm-none-eabi/lib/thumb/v6-m/nofp\libc_nano.a(lib_a-exit.o)
                              d:/programy/stm32cubeide_1.10.1/stm32cubeide/plugins/com.st.stm32cube.ide.mcu.externaltools.gnu-tools-for-stm32.10.3-2021.10.win32_1.0.0.202111181127/tools/bin/../lib/gcc/arm-none-eabi/10.3.1/../../../../arm-none-eabi/lib/thumb/v6-m/nofp/crt0.o (exit)
d:/programy/stm32cubeide_1.10.1/stm32cubeide/plugins/com.st.stm32cube.ide.mcu.externaltools.gnu-tools-for-stm32.10.3-2021.10.win32_1.0.0.202111181127/tools/bin/../lib/gcc/arm-none-eabi/10.3.1/../../../../arm-none-eabi/lib/thumb/v6-m/nofp\libc_nano.a(lib_a-impure.o)
                              d:/programy/stm32cubeide_1.10.1/stm32cubeide/plugins/com.st.stm32cube.ide.mcu.externaltools.gnu-tools-for-stm32.10.3-2021.10.win32_1.0.0.202111181127/tools/bin/../lib/gcc/arm-none-eabi/10.3.1/../../../../arm-none-eabi/lib/thumb/v6-m/nofp\libc_nano.a(lib_a-exit.o) (_global_impure_ptr)
d:/programy/stm32cubeide_1.10.1/stm32cubeide/plugins/com.st.stm32cube.ide.mcu.externaltools.gnu-tools-for-stm32.10.3-2021.10.win32_1.0.0.202111181127/tools/bin/../lib/gcc/arm-none-eabi/10.3.1/../../../../arm-none-eabi/lib/thumb/v6-m/nofp\libc_nano.a(lib_a-init.o)
                              d:/programy/stm32cubeide_1.10.1/stm32cubeide/plugins/com.st.stm32cube.ide.mcu.externaltools.gnu-tools-for-stm32.10.3-2021.10.win32_1.0.0.202111181127/tools/bin/../lib/gcc/arm-none-eabi/10.3.1/../../../../arm-none-eabi/lib/thumb/v6-m/nofp/crt0.o (__libc_init_array)
d:/programy/stm32cubeide_1.10.1/stm32cubeide/plugins/com.st.stm32cube.ide.mcu.externaltools.gnu-tools-for-stm32.10.3-2021.10.win32_1.0.0.202111181127/tools/bin/../lib/gcc/arm-none-eabi/10.3.1/../../../../arm-none-eabi/lib/thumb/v6-m/nofp\libc_nano.a(lib_a-memset.o)
                              d:/programy/stm32cubeide_1.10.1/stm32cubeide/plugins/com.st.stm32cube.ide.mcu.externaltools.gnu-tools-for-stm32.10.3-2021.10.win32_1.0.0.202111181127/tools/bin/../lib/gcc/arm-none-eabi/10.3.1/../../../../arm-none-eabi/lib/thumb/v6-m/nofp/crt0.o (memset)
d:/programy/stm32cubeide_1.10.1/stm32cubeide/plugins/com.st.stm32cube.ide.mcu.externaltools.gnu-tools-for-stm32.10.3-2021.10.win32_1.0.0.202111181127/tools/bin/../lib/gcc/arm-none-eabi/10.3.1/thumb/v6-m/nofp\libgcc.a(_udivsi3.o)
                              ./Core/Src/system_stm32f0xx.o (__aeabi_uidiv)
d:/programy/stm32cubeide_1.10.1/stm32cubeide/plugins/com.st.stm32cube.ide.mcu.externaltools.gnu-tools-for-stm32.10.3-2021.10.win32_1.0.0.202111181127/tools/bin/../lib/gcc/arm-none-eabi/10.3.1/thumb/v6-m/nofp\libgcc.a(_dvmd_tls.o)
                              d:/programy/stm32cubeide_1.10.1/stm32cubeide/plugins/com.st.stm32cube.ide.mcu.externaltools.gnu-tools-for-stm32.10.3-2021.10.win32_1.0.0.202111181127/tools/bin/../lib/gcc/arm-none-eabi/10.3.1/thumb/v6-m/nofp\libgcc.a(_udivsi3.o) (__aeabi_idiv0)

Discarded input sections

 .text          0x0000000000000000        0x0 d:/programy/stm32cubeide_1.10.1/stm32cubeide/plugins/com.st.stm32cube.ide.mcu.externaltools.gnu-tools-for-stm32.10.3-2021.10.win32_1.0.0.202111181127/tools/bin/../lib/gcc/arm-none-eabi/10.3.1/thumb/v6-m/nofp/crti.o
 .data          0x0000000000000000        0x0 d:/programy/stm32cubeide_1.10.1/stm32cubeide/plugins/com.st.stm32cube.ide.mcu.externaltools.gnu-tools-for-stm32.10.3-2021.10.win32_1.0.0.202111181127/tools/bin/../lib/gcc/arm-none-eabi/10.3.1/thumb/v6-m/nofp/crti.o
 .bss           0x0000000000000000        0x0 d:/programy/stm32cubeide_1.10.1/stm32cubeide/plugins/com.st.stm32cube.ide.mcu.externaltools.gnu-tools-for-stm32.10.3-2021.10.win32_1.0.0.202111181127/tools/bin/../lib/gcc/arm-none-eabi/10.3.1/thumb/v6-m/nofp/crti.o
 .data          0x0000000000000000        0x4 d:/programy/stm32cubeide_1.10.1/stm32cubeide/plugins/com.st.stm32cube.ide.mcu.externaltools.gnu-tools-for-stm32.10.3-2021.10.win32_1.0.0.202111181127/tools/bin/../lib/gcc/arm-none-eabi/10.3.1/thumb/v6-m/nofp/crtbegin.o
 .rodata        0x0000000000000000       0x24 d:/programy/stm32cubeide_1.10.1/stm32cubeide/plugins/com.st.stm32cube.ide.mcu.externaltools.gnu-tools-for-stm32.10.3-2021.10.win32_1.0.0.202111181127/tools/bin/../lib/gcc/arm-none-eabi/10.3.1/thumb/v6-m/nofp/crtbegin.o
[...]
Memory Configuration

Name             Origin             Length             Attributes
RAM              0x0000000020000000 0x0000000000004000 xrw
FLASH            0x0000000008000000 0x0000000000020000 xr
*default*        0x0000000000000000 0xffffffffffffffff

Linker script and memory map

LOAD d:/programy/stm32cubeide_1.10.1/stm32cubeide/plugins/com.st.stm32cube.ide.mcu.externaltools.gnu-tools-for-stm32.10.3-2021.10.win32_1.0.0.202111181127/tools/bin/../lib/gcc/arm-none-eabi/10.3.1/thumb/v6-m/nofp/crti.o
LOAD d:/programy/stm32cubeide_1.10.1/stm32cubeide/plugins/com.st.stm32cube.ide.mcu.externaltools.gnu-tools-for-stm32.10.3-2021.10.win32_1.0.0.202111181127/tools/bin/../lib/gcc/arm-none-eabi/10.3.1/thumb/v6-m/nofp/crtbegin.o
LOAD d:/programy/stm32cubeide_1.10.1/stm32cubeide/plugins/com.st.stm32cube.ide.mcu.externaltools.gnu-tools-for-stm32.10.3-2021.10.win32_1.0.0.202111181127/tools/bin/../lib/gcc/arm-none-eabi/10.3.1/../../../../arm-none-eabi/lib/thumb/v6-m/nofp/crt0.o
LOAD ./Core/Src/main.o
LOAD ./Core/Src/stm32f0xx_hal_msp.o
LOAD ./Core/Src/stm32f0xx_it.o
LOAD ./Core/Src/syscalls.o
LOAD ./Core/Src/sysmem.o
LOAD ./Core/Src/system_stm32f0xx.o
LOAD ./Core/Startup/startup_stm32f072rbtx.o
LOAD ./Drivers/STM32F0xx_HAL_Driver/Src/stm32f0xx_hal.o
LOAD ./Drivers/STM32F0xx_HAL_Driver/Src/stm32f0xx_hal_cortex.o
LOAD ./Drivers/STM32F0xx_HAL_Driver/Src/stm32f0xx_hal_dac.o
LOAD ./Drivers/STM32F0xx_HAL_Driver/Src/stm32f0xx_hal_dac_ex.o
LOAD ./Drivers/STM32F0xx_HAL_Driver/Src/stm32f0xx_hal_dma.o
LOAD ./Drivers/STM32F0xx_HAL_Driver/Src/stm32f0xx_hal_exti.o
LOAD ./Drivers/STM32F0xx_HAL_Driver/Src/stm32f0xx_hal_flash.o
LOAD ./Drivers/STM32F0xx_HAL_Driver/Src/stm32f0xx_hal_flash_ex.o
LOAD ./Drivers/STM32F0xx_HAL_Driver/Src/stm32f0xx_hal_gpio.o
LOAD ./Drivers/STM32F0xx_HAL_Driver/Src/stm32f0xx_hal_i2c.o
LOAD ./Drivers/STM32F0xx_HAL_Driver/Src/stm32f0xx_hal_i2c_ex.o
LOAD ./Drivers/STM32F0xx_HAL_Driver/Src/stm32f0xx_hal_pwr.o
LOAD ./Drivers/STM32F0xx_HAL_Driver/Src/stm32f0xx_hal_pwr_ex.o
LOAD ./Drivers/STM32F0xx_HAL_Driver/Src/stm32f0xx_hal_rcc.o
LOAD ./Drivers/STM32F0xx_HAL_Driver/Src/stm32f0xx_hal_rcc_ex.o
LOAD ./Drivers/STM32F0xx_HAL_Driver/Src/stm32f0xx_hal_tim.o
LOAD ./Drivers/STM32F0xx_HAL_Driver/Src/stm32f0xx_hal_tim_ex.o
START GROUP
LOAD d:/programy/stm32cubeide_1.10.1/stm32cubeide/plugins/com.st.stm32cube.ide.mcu.externaltools.gnu-tools-for-stm32.10.3-2021.10.win32_1.0.0.202111181127/tools/bin/../lib/gcc/arm-none-eabi/10.3.1/../../../../arm-none-eabi/lib/thumb/v6-m/nofp\libc_nano.a
LOAD d:/programy/stm32cubeide_1.10.1/stm32cubeide/plugins/com.st.stm32cube.ide.mcu.externaltools.gnu-tools-for-stm32.10.3-2021.10.win32_1.0.0.202111181127/tools/bin/../lib/gcc/arm-none-eabi/10.3.1/../../../../arm-none-eabi/lib/thumb/v6-m/nofp\libm.a
END GROUP
START GROUP
LOAD d:/programy/stm32cubeide_1.10.1/stm32cubeide/plugins/com.st.stm32cube.ide.mcu.externaltools.gnu-tools-for-stm32.10.3-2021.10.win32_1.0.0.202111181127/tools/bin/../lib/gcc/arm-none-eabi/10.3.1/thumb/v6-m/nofp\libgcc.a
LOAD d:/programy/stm32cubeide_1.10.1/stm32cubeide/plugins/com.st.stm32cube.ide.mcu.externaltools.gnu-tools-for-stm32.10.3-2021.10.win32_1.0.0.202111181127/tools/bin/../lib/gcc/arm-none-eabi/10.3.1/../../../../arm-none-eabi/lib/thumb/v6-m/nofp\libc_nano.a
END GROUP
START GROUP
LOAD d:/programy/stm32cubeide_1.10.1/stm32cubeide/plugins/com.st.stm32cube.ide.mcu.externaltools.gnu-tools-for-stm32.10.3-2021.10.win32_1.0.0.202111181127/tools/bin/../lib/gcc/arm-none-eabi/10.3.1/thumb/v6-m/nofp\libgcc.a
LOAD d:/programy/stm32cubeide_1.10.1/stm32cubeide/plugins/com.st.stm32cube.ide.mcu.externaltools.gnu-tools-for-stm32.10.3-2021.10.win32_1.0.0.202111181127/tools/bin/../lib/gcc/arm-none-eabi/10.3.1/../../../../arm-none-eabi/lib/thumb/v6-m/nofp\libc_nano.a
LOAD d:/programy/stm32cubeide_1.10.1/stm32cubeide/plugins/com.st.stm32cube.ide.mcu.externaltools.gnu-tools-for-stm32.10.3-2021.10.win32_1.0.0.202111181127/tools/bin/../lib/gcc/arm-none-eabi/10.3.1/../../../../arm-none-eabi/lib/thumb/v6-m/nofp\libnosys.a
END GROUP
START GROUP
LOAD d:/programy/stm32cubeide_1.10.1/stm32cubeide/plugins/com.st.stm32cube.ide.mcu.externaltools.gnu-tools-for-stm32.10.3-2021.10.win32_1.0.0.202111181127/tools/bin/../lib/gcc/arm-none-eabi/10.3.1/thumb/v6-m/nofp\libgcc.a
LOAD d:/programy/stm32cubeide_1.10.1/stm32cubeide/plugins/com.st.stm32cube.ide.mcu.externaltools.gnu-tools-for-stm32.10.3-2021.10.win32_1.0.0.202111181127/tools/bin/../lib/gcc/arm-none-eabi/10.3.1/../../../../arm-none-eabi/lib/thumb/v6-m/nofp\libc_nano.a
LOAD d:/programy/stm32cubeide_1.10.1/stm32cubeide/plugins/com.st.stm32cube.ide.mcu.externaltools.gnu-tools-for-stm32.10.3-2021.10.win32_1.0.0.202111181127/tools/bin/../lib/gcc/arm-none-eabi/10.3.1/../../../../arm-none-eabi/lib/thumb/v6-m/nofp\libnosys.a
END GROUP
LOAD d:/programy/stm32cubeide_1.10.1/stm32cubeide/plugins/com.st.stm32cube.ide.mcu.externaltools.gnu-tools-for-stm32.10.3-2021.10.win32_1.0.0.202111181127/tools/bin/../lib/gcc/arm-none-eabi/10.3.1/thumb/v6-m/nofp/crtend.o
LOAD d:/programy/stm32cubeide_1.10.1/stm32cubeide/plugins/com.st.stm32cube.ide.mcu.externaltools.gnu-tools-for-stm32.10.3-2021.10.win32_1.0.0.202111181127/tools/bin/../lib/gcc/arm-none-eabi/10.3.1/thumb/v6-m/nofp/crtn.o
                0x0000000020004000                _estack = (ORIGIN (RAM) + LENGTH (RAM))
                0x0000000000000200                _Min_Heap_Size = 0x200
                0x0000000000000400                _Min_Stack_Size = 0x400

.isr_vector     0x0000000008000000       0xc0
                0x0000000008000000                . = ALIGN (0x4)
 *(.isr_vector)
 .isr_vector    0x0000000008000000       0xc0 ./Core/Startup/startup_stm32f072rbtx.o
                0x0000000008000000                g_pfnVectors
                0x00000000080000c0                . = ALIGN (0x4)

.text           0x00000000080000c0     0x2350
                0x00000000080000c0                . = ALIGN (0x4)
 *(.text)
 .text          0x00000000080000c0       0x48 d:/programy/stm32cubeide_1.10.1/stm32cubeide/plugins/com.st.stm32cube.ide.mcu.externaltools.gnu-tools-for-stm32.10.3-2021.10.win32_1.0.0.202111181127/tools/bin/../lib/gcc/arm-none-eabi/10.3.1/thumb/v6-m/nofp/crtbegin.o
 .text          0x0000000008000108      0x114 d:/programy/stm32cubeide_1.10.1/stm32cubeide/plugins/com.st.stm32cube.ide.mcu.externaltools.gnu-tools-for-stm32.10.3-2021.10.win32_1.0.0.202111181127/tools/bin/../lib/gcc/arm-none-eabi/10.3.1/thumb/v6-m/nofp\libgcc.a(_udivsi3.o)
                0x0000000008000108                __aeabi_uidiv
                0x0000000008000108                __udivsi3
                0x0000000008000214                __aeabi_uidivmod
 .text          0x000000000800021c        0x4 d:/programy/stm32cubeide_1.10.1/stm32cubeide/plugins/com.st.stm32cube.ide.mcu.externaltools.gnu-tools-for-stm32.10.3-2021.10.win32_1.0.0.202111181127/tools/bin/../lib/gcc/arm-none-eabi/10.3.1/thumb/v6-m/nofp\libgcc.a(_dvmd_tls.o)
                0x000000000800021c                __aeabi_idiv0
                0x000000000800021c                __aeabi_ldiv0
 *(.text*)
 .text.main     0x0000000008000220       0x84 ./Core/Src/main.o
                0x0000000008000220                main
 .text.SystemClock_Config
                0x00000000080002a4       0x90 ./Core/Src/main.o
                0x00000000080002a4                SystemClock_Config
 .text.MX_DAC_Init
                0x0000000008000334       0x5c ./Core/Src/main.o
 .text.MX_TIM2_Init
                0x0000000008000390       0xa8 ./Core/Src/main.o
 .text.MX_DMA_Init
                0x0000000008000438       0x3c ./Core/Src/main.o
 .text.MX_GPIO_Init
                0x0000000008000474      0x100 ./Core/Src/main.o
 .text.Error_Handler
                0x0000000008000574        0xa ./Core/Src/main.o
                0x0000000008000574                Error_Handler
 *fill*         0x000000000800057e        0x2 
 .text.HAL_MspInit
                0x0000000008000580       0x48 ./Core/Src/stm32f0xx_hal_msp.o
                0x0000000008000580                HAL_MspInit
 .text.HAL_DAC_MspInit
                0x00000000080005c8       0xe4 ./Core/Src/stm32f0xx_hal_msp.o
                0x00000000080005c8                HAL_DAC_MspInit
 .text.HAL_TIM_Base_MspInit
                0x00000000080006ac       0x38 ./Core/Src/stm32f0xx_hal_msp.o
                0x00000000080006ac                HAL_TIM_Base_MspInit
 .text.NMI_Handler
                0x00000000080006e4        0x6 ./Core/Src/stm32f0xx_it.o
                0x00000000080006e4                NMI_Handler
 .text.HardFault_Handler
                0x00000000080006ea        0x6 ./Core/Src/stm32f0xx_it.o
                0x00000000080006ea                HardFault_Handler
 .text.SVC_Handler
                0x00000000080006f0        0xa ./Core/Src/stm32f0xx_it.o
                0x00000000080006f0                SVC_Handler
 .text.PendSV_Handler
                0x00000000080006fa        0xa ./Core/Src/stm32f0xx_it.o
                0x00000000080006fa                PendSV_Handler
 .text.SysTick_Handler
                0x0000000008000704        0xe ./Core/Src/stm32f0xx_it.o
                0x0000000008000704                SysTick_Handler
 *fill*         0x0000000008000712        0x2 
 .text.DMA1_Channel2_3_IRQHandler
                0x0000000008000714       0x18 ./Core/Src/stm32f0xx_it.o
                0x0000000008000714                DMA1_Channel2_3_IRQHandler
 .text.SystemInit
                0x000000000800072c        0xa ./Core/Src/system_stm32f0xx.o
                0x000000000800072c                SystemInit
 *fill*         0x0000000008000736        0x2 
 .text.Reset_Handler
                0x0000000008000738       0x50 ./Core/Startup/startup_stm32f072rbtx.o
                0x0000000008000738                Reset_Handler
 .text.Default_Handler
                0x0000000008000788        0x2 ./Core/Startup/startup_stm32f072rbtx.o
                0x0000000008000788                TIM1_CC_IRQHandler
                0x0000000008000788                TSC_IRQHandler
                0x0000000008000788                ADC1_COMP_IRQHandler
                0x0000000008000788                I2C1_IRQHandler
                0x0000000008000788                RCC_CRS_IRQHandler
                0x0000000008000788                SPI1_IRQHandler
                0x0000000008000788                TIM6_DAC_IRQHandler
                0x0000000008000788                USART3_4_IRQHandler
                0x0000000008000788                EXTI2_3_IRQHandler
                0x0000000008000788                I2C2_IRQHandler
                0x0000000008000788                TIM17_IRQHandler
                0x0000000008000788                CEC_CAN_IRQHandler
                0x0000000008000788                RTC_IRQHandler
                0x0000000008000788                PVD_VDDIO2_IRQHandler
                0x0000000008000788                DMA1_Channel4_5_6_7_IRQHandler
                0x0000000008000788                TIM16_IRQHandler
                0x0000000008000788                TIM3_IRQHandler
                0x0000000008000788                EXTI4_15_IRQHandler
                0x0000000008000788                DMA1_Channel1_IRQHandler
                0x0000000008000788                Default_Handler
                0x0000000008000788                TIM14_IRQHandler
                0x0000000008000788                TIM7_IRQHandler
                0x0000000008000788                TIM15_IRQHandler
                0x0000000008000788                EXTI0_1_IRQHandler
                0x0000000008000788                USB_IRQHandler
                0x0000000008000788                SPI2_IRQHandler
                0x0000000008000788                WWDG_IRQHandler
                0x0000000008000788                TIM2_IRQHandler
                0x0000000008000788                USART2_IRQHandler
                0x0000000008000788                FLASH_IRQHandler
                0x0000000008000788                USART1_IRQHandler
                0x0000000008000788                TIM1_BRK_UP_TRG_COM_IRQHandler
 *fill*         0x000000000800078a        0x2 
 .text.HAL_Init
                0x000000000800078c       0x28 ./Drivers/STM32F0xx_HAL_Driver/Src/stm32f0xx_hal.o
                0x000000000800078c                HAL_Init
 .text.HAL_InitTick
                0x00000000080007b4       0x68 ./Drivers/STM32F0xx_HAL_Driver/Src/stm32f0xx_hal.o
                0x00000000080007b4                HAL_InitTick
 .text.HAL_IncTick
                0x000000000800081c       0x24 ./Drivers/STM32F0xx_HAL_Driver/Src/stm32f0xx_hal.o
                0x000000000800081c                HAL_IncTick
 .text.HAL_GetTick
                0x0000000008000840       0x14 ./Drivers/STM32F0xx_HAL_Driver/Src/stm32f0xx_hal.o
                0x0000000008000840                HAL_GetTick
 .text.__NVIC_EnableIRQ
                0x0000000008000854       0x34 ./Drivers/STM32F0xx_HAL_Driver/Src/stm32f0xx_hal_cortex.o
 .text.__NVIC_SetPriority
                0x0000000008000888       0xdc ./Drivers/STM32F0xx_HAL_Driver/Src/stm32f0xx_hal_cortex.o
 .text.SysTick_Config
                0x0000000008000964       0x48 ./Drivers/STM32F0xx_HAL_Driver/Src/stm32f0xx_hal_cortex.o
 .text.HAL_NVIC_SetPriority
                0x00000000080009ac       0x2a ./Drivers/STM32F0xx_HAL_Driver/Src/stm32f0xx_hal_cortex.o
                0x00000000080009ac                HAL_NVIC_SetPriority
 .text.HAL_NVIC_EnableIRQ
                0x00000000080009d6       0x20 ./Drivers/STM32F0xx_HAL_Driver/Src/stm32f0xx_hal_cortex.o
                0x00000000080009d6                HAL_NVIC_EnableIRQ
 .text.HAL_SYSTICK_Config
                0x00000000080009f6       0x1a ./Drivers/STM32F0xx_HAL_Driver/Src/stm32f0xx_hal_cortex.o
                0x00000000080009f6                HAL_SYSTICK_Config
 .text.HAL_DAC_Init
                0x0000000008000a10       0x46 ./Drivers/STM32F0xx_HAL_Driver/Src/stm32f0xx_hal_dac.o
                0x0000000008000a10                HAL_DAC_Init
 .text.HAL_DAC_ConvCpltCallbackCh1
                0x0000000008000a56       0x10 ./Drivers/STM32F0xx_HAL_Driver/Src/stm32f0xx_hal_dac.o
                0x0000000008000a56                HAL_DAC_ConvCpltCallbackCh1
 .text.HAL_DAC_ConvHalfCpltCallbackCh1
                0x0000000008000a66       0x10 ./Drivers/STM32F0xx_HAL_Driver/Src/stm32f0xx_hal_dac.o
                0x0000000008000a66                HAL_DAC_ConvHalfCpltCallbackCh1
 .text.HAL_DAC_ErrorCallbackCh1
                0x0000000008000a76       0x10 ./Drivers/STM32F0xx_HAL_Driver/Src/stm32f0xx_hal_dac.o
                0x0000000008000a76                HAL_DAC_ErrorCallbackCh1
 *fill*         0x0000000008000a86        0x2 
 .text.HAL_DAC_ConfigChannel
                0x0000000008000a88       0x80 ./Drivers/STM32F0xx_HAL_Driver/Src/stm32f0xx_hal_dac_ex.o
                0x0000000008000a88                HAL_DAC_ConfigChannel
 .text.HAL_DAC_Start_DMA
                0x0000000008000b08      0x180 ./Drivers/STM32F0xx_HAL_Driver/Src/stm32f0xx_hal_dac_ex.o
                0x0000000008000b08                HAL_DAC_Start_DMA
 .text.DAC_DMAConvCpltCh1
                0x0000000008000c88       0x24 ./Drivers/STM32F0xx_HAL_Driver/Src/stm32f0xx_hal_dac_ex.o
 .text.DAC_DMAHalfConvCpltCh1
                0x0000000008000cac       0x1e ./Drivers/STM32F0xx_HAL_Driver/Src/stm32f0xx_hal_dac_ex.o
 .text.DAC_DMAErrorCh1
                0x0000000008000cca       0x30 ./Drivers/STM32F0xx_HAL_Driver/Src/stm32f0xx_hal_dac_ex.o
 .text.DAC_DMAConvCpltCh2
                0x0000000008000cfa       0x24 ./Drivers/STM32F0xx_HAL_Driver/Src/stm32f0xx_hal_dac_ex.o
                0x0000000008000cfa                DAC_DMAConvCpltCh2
 .text.DAC_DMAHalfConvCpltCh2
                0x0000000008000d1e       0x1e ./Drivers/STM32F0xx_HAL_Driver/Src/stm32f0xx_hal_dac_ex.o
                0x0000000008000d1e                DAC_DMAHalfConvCpltCh2
 .text.DAC_DMAErrorCh2
                0x0000000008000d3c       0x30 ./Drivers/STM32F0xx_HAL_Driver/Src/stm32f0xx_hal_dac_ex.o
                0x0000000008000d3c                DAC_DMAErrorCh2
 .text.HAL_DACEx_ConvCpltCallbackCh2
                0x0000000008000d6c       0x10 ./Drivers/STM32F0xx_HAL_Driver/Src/stm32f0xx_hal_dac_ex.o
                0x0000000008000d6c                HAL_DACEx_ConvCpltCallbackCh2
 .text.HAL_DACEx_ConvHalfCpltCallbackCh2
                0x0000000008000d7c       0x10 ./Drivers/STM32F0xx_HAL_Driver/Src/stm32f0xx_hal_dac_ex.o
                0x0000000008000d7c                HAL_DACEx_ConvHalfCpltCallbackCh2
 .text.HAL_DACEx_ErrorCallbackCh2
                0x0000000008000d8c       0x10 ./Drivers/STM32F0xx_HAL_Driver/Src/stm32f0xx_hal_dac_ex.o
                0x0000000008000d8c                HAL_DACEx_ErrorCallbackCh2
 .text.HAL_DMA_Init
                0x0000000008000d9c       0x90 ./Drivers/STM32F0xx_HAL_Driver/Src/stm32f0xx_hal_dma.o
                0x0000000008000d9c                HAL_DMA_Init
 .text.HAL_DMA_Start_IT
                0x0000000008000e2c       0xcc ./Drivers/STM32F0xx_HAL_Driver/Src/stm32f0xx_hal_dma.o
                0x0000000008000e2c                HAL_DMA_Start_IT
 .text.HAL_DMA_IRQHandler
                0x0000000008000ef8      0x144 ./Drivers/STM32F0xx_HAL_Driver/Src/stm32f0xx_hal_dma.o
                0x0000000008000ef8                HAL_DMA_IRQHandler
 .text.DMA_SetConfig
                0x000000000800103c       0x58 ./Drivers/STM32F0xx_HAL_Driver/Src/stm32f0xx_hal_dma.o
 .text.DMA_CalcBaseAndBitshift
                0x0000000008001094       0x38 ./Drivers/STM32F0xx_HAL_Driver/Src/stm32f0xx_hal_dma.o
 .text.HAL_GPIO_Init
                0x00000000080010cc      0x2f0 ./Drivers/STM32F0xx_HAL_Driver/Src/stm32f0xx_hal_gpio.o
                0x00000000080010cc                HAL_GPIO_Init
 .text.HAL_GPIO_ReadPin
                0x00000000080013bc       0x3a ./Drivers/STM32F0xx_HAL_Driver/Src/stm32f0xx_hal_gpio.o
                0x00000000080013bc                HAL_GPIO_ReadPin
 .text.HAL_GPIO_WritePin
                0x00000000080013f6       0x3a ./Drivers/STM32F0xx_HAL_Driver/Src/stm32f0xx_hal_gpio.o
                0x00000000080013f6                HAL_GPIO_WritePin
 .text.HAL_RCC_OscConfig
                0x0000000008001430      0x70c ./Drivers/STM32F0xx_HAL_Driver/Src/stm32f0xx_hal_rcc.o
                0x0000000008001430                HAL_RCC_OscConfig
 .text.HAL_RCC_ClockConfig
                0x0000000008001b3c      0x1b4 ./Drivers/STM32F0xx_HAL_Driver/Src/stm32f0xx_hal_rcc.o
                0x0000000008001b3c                HAL_RCC_ClockConfig
 .text.HAL_RCC_GetSysClockFreq
                0x0000000008001cf0       0xe4 ./Drivers/STM32F0xx_HAL_Driver/Src/stm32f0xx_hal_rcc.o
                0x0000000008001cf0                HAL_RCC_GetSysClockFreq
 .text.HAL_TIM_Base_Init
                0x0000000008001dd4       0xa0 ./Drivers/STM32F0xx_HAL_Driver/Src/stm32f0xx_hal_tim.o
                0x0000000008001dd4                HAL_TIM_Base_Init
 .text.HAL_TIM_Base_Start
                0x0000000008001e74       0x94 ./Drivers/STM32F0xx_HAL_Driver/Src/stm32f0xx_hal_tim.o
                0x0000000008001e74                HAL_TIM_Base_Start
 .text.HAL_TIM_ConfigClockSource
                0x0000000008001f08      0x1a8 ./Drivers/STM32F0xx_HAL_Driver/Src/stm32f0xx_hal_tim.o
                0x0000000008001f08                HAL_TIM_ConfigClockSource
 .text.TIM_Base_SetConfig
                0x00000000080020b0      0x100 ./Drivers/STM32F0xx_HAL_Driver/Src/stm32f0xx_hal_tim.o
                0x00000000080020b0                TIM_Base_SetConfig
 .text.TIM_TI1_ConfigInputStage
                0x00000000080021b0       0x5c ./Drivers/STM32F0xx_HAL_Driver/Src/stm32f0xx_hal_tim.o
 .text.TIM_TI2_ConfigInputStage
                0x000000000800220c       0x64 ./Drivers/STM32F0xx_HAL_Driver/Src/stm32f0xx_hal_tim.o
 .text.TIM_ITRx_SetConfig
                0x0000000008002270       0x32 ./Drivers/STM32F0xx_HAL_Driver/Src/stm32f0xx_hal_tim.o
 *fill*         0x00000000080022a2        0x2 
 .text.TIM_ETR_SetConfig
                0x00000000080022a4       0x40 ./Drivers/STM32F0xx_HAL_Driver/Src/stm32f0xx_hal_tim.o
                0x00000000080022a4                TIM_ETR_SetConfig
 .text.HAL_TIMEx_MasterConfigSynchronization
                0x00000000080022e4       0xbc ./Drivers/STM32F0xx_HAL_Driver/Src/stm32f0xx_hal_tim_ex.o
                0x00000000080022e4                HAL_TIMEx_MasterConfigSynchronization
 .text.__libc_init_array
                0x00000000080023a0       0x48 d:/programy/stm32cubeide_1.10.1/stm32cubeide/plugins/com.st.stm32cube.ide.mcu.externaltools.gnu-tools-for-stm32.10.3-2021.10.win32_1.0.0.202111181127/tools/bin/../lib/gcc/arm-none-eabi/10.3.1/../../../../arm-none-eabi/lib/thumb/v6-m/nofp\libc_nano.a(lib_a-init.o)
                0x00000000080023a0                __libc_init_array
 .text.memset   0x00000000080023e8       0x10 d:/programy/stm32cubeide_1.10.1/stm32cubeide/plugins/com.st.stm32cube.ide.mcu.externaltools.gnu-tools-for-stm32.10.3-2021.10.win32_1.0.0.202111181127/tools/bin/../lib/gcc/arm-none-eabi/10.3.1/../../../../arm-none-eabi/lib/thumb/v6-m/nofp\libc_nano.a(lib_a-memset.o)
                0x00000000080023e8                memset
 *(.glue_7)
 .glue_7        0x00000000080023f8        0x0 linker stubs
 *(.glue_7t)
 .glue_7t       0x00000000080023f8        0x0 linker stubs
 *(.eh_frame)
 .eh_frame      0x00000000080023f8        0x0 d:/programy/stm32cubeide_1.10.1/stm32cubeide/plugins/com.st.stm32cube.ide.mcu.externaltools.gnu-tools-for-stm32.10.3-2021.10.win32_1.0.0.202111181127/tools/bin/../lib/gcc/arm-none-eabi/10.3.1/thumb/v6-m/nofp/crtbegin.o
 *(.init)
 .init          0x00000000080023f8        0x4 d:/programy/stm32cubeide_1.10.1/stm32cubeide/plugins/com.st.stm32cube.ide.mcu.externaltools.gnu-tools-for-stm32.10.3-2021.10.win32_1.0.0.202111181127/tools/bin/../lib/gcc/arm-none-eabi/10.3.1/thumb/v6-m/nofp/crti.o
                0x00000000080023f8                _init
 .init          0x00000000080023fc        0x8 d:/programy/stm32cubeide_1.10.1/stm32cubeide/plugins/com.st.stm32cube.ide.mcu.externaltools.gnu-tools-for-stm32.10.3-2021.10.win32_1.0.0.202111181127/tools/bin/../lib/gcc/arm-none-eabi/10.3.1/thumb/v6-m/nofp/crtn.o
 *(.fini)
 .fini          0x0000000008002404        0x4 d:/programy/stm32cubeide_1.10.1/stm32cubeide/plugins/com.st.stm32cube.ide.mcu.externaltools.gnu-tools-for-stm32.10.3-2021.10.win32_1.0.0.202111181127/tools/bin/../lib/gcc/arm-none-eabi/10.3.1/thumb/v6-m/nofp/crti.o
                0x0000000008002404                _fini
 .fini          0x0000000008002408        0x8 d:/programy/stm32cubeide_1.10.1/stm32cubeide/plugins/com.st.stm32cube.ide.mcu.externaltools.gnu-tools-for-stm32.10.3-2021.10.win32_1.0.0.202111181127/tools/bin/../lib/gcc/arm-none-eabi/10.3.1/thumb/v6-m/nofp/crtn.o
                0x0000000008002410                . = ALIGN (0x4)
                0x0000000008002410                _etext = .

.vfp11_veneer   0x0000000008002410        0x0
 .vfp11_veneer  0x0000000008002410        0x0 linker stubs

.v4_bx          0x0000000008002410        0x0
 .v4_bx         0x0000000008002410        0x0 linker stubs

.iplt           0x0000000008002410        0x0
 .iplt          0x0000000008002410        0x0 d:/programy/stm32cubeide_1.10.1/stm32cubeide/plugins/com.st.stm32cube.ide.mcu.externaltools.gnu-tools-for-stm32.10.3-2021.10.win32_1.0.0.202111181127/tools/bin/../lib/gcc/arm-none-eabi/10.3.1/thumb/v6-m/nofp/crtbegin.o

.rodata         0x0000000008002410       0x30
                0x0000000008002410                . = ALIGN (0x4)
 *(.rodata)
 *(.rodata*)
 .rodata.AHBPrescTable
                0x0000000008002410       0x10 ./Core/Src/system_stm32f0xx.o
                0x0000000008002410                AHBPrescTable
 .rodata.aPLLMULFactorTable.1
                0x0000000008002420       0x10 ./Drivers/STM32F0xx_HAL_Driver/Src/stm32f0xx_hal_rcc.o
 .rodata.aPredivFactorTable.0
                0x0000000008002430       0x10 ./Drivers/STM32F0xx_HAL_Driver/Src/stm32f0xx_hal_rcc.o
                0x0000000008002440                . = ALIGN (0x4)

.rel.dyn        0x0000000008002440        0x0
 .rel.iplt      0x0000000008002440        0x0 d:/programy/stm32cubeide_1.10.1/stm32cubeide/plugins/com.st.stm32cube.ide.mcu.externaltools.gnu-tools-for-stm32.10.3-2021.10.win32_1.0.0.202111181127/tools/bin/../lib/gcc/arm-none-eabi/10.3.1/thumb/v6-m/nofp/crtbegin.o

.ARM.extab      0x0000000008002440        0x0
                0x0000000008002440                . = ALIGN (0x4)
 *(.ARM.extab* .gnu.linkonce.armextab.*)
                0x0000000008002440                . = ALIGN (0x4)

.ARM            0x0000000008002440        0x0
                0x0000000008002440                . = ALIGN (0x4)
                0x0000000008002440                __exidx_start = .
 *(.ARM.exidx*)
                0x0000000008002440                __exidx_end = .
                0x0000000008002440                . = ALIGN (0x4)

.preinit_array  0x0000000008002440        0x0
                0x0000000008002440                . = ALIGN (0x4)
                0x0000000008002440                PROVIDE (__preinit_array_start = .)
 *(.preinit_array*)
                0x0000000008002440                PROVIDE (__preinit_array_end = .)
                0x0000000008002440                . = ALIGN (0x4)

.init_array     0x0000000008002440        0x4
                0x0000000008002440                . = ALIGN (0x4)
                0x0000000008002440                PROVIDE (__init_array_start = .)
 *(SORT_BY_NAME(.init_array.*))
 *(.init_array*)
 .init_array    0x0000000008002440        0x4 d:/programy/stm32cubeide_1.10.1/stm32cubeide/plugins/com.st.stm32cube.ide.mcu.externaltools.gnu-tools-for-stm32.10.3-2021.10.win32_1.0.0.202111181127/tools/bin/../lib/gcc/arm-none-eabi/10.3.1/thumb/v6-m/nofp/crtbegin.o
                0x0000000008002444                PROVIDE (__init_array_end = .)
                0x0000000008002444                . = ALIGN (0x4)

.fini_array     0x0000000008002444        0x4
                0x0000000008002444                . = ALIGN (0x4)
                [!provide]                        PROVIDE (__fini_array_start = .)
 *(SORT_BY_NAME(.fini_array.*))
 *(.fini_array*)
 .fini_array    0x0000000008002444        0x4 d:/programy/stm32cubeide_1.10.1/stm32cubeide/plugins/com.st.stm32cube.ide.mcu.externaltools.gnu-tools-for-stm32.10.3-2021.10.win32_1.0.0.202111181127/tools/bin/../lib/gcc/arm-none-eabi/10.3.1/thumb/v6-m/nofp/crtbegin.o
                [!provide]                        PROVIDE (__fini_array_end = .)
                0x0000000008002448                . = ALIGN (0x4)
                0x0000000008002448                _sidata = LOADADDR (.data)

.data           0x0000000020000000      0x20c load address 0x0000000008002448
                0x0000000020000000                . = ALIGN (0x4)
                0x0000000020000000                _sdata = .
 *(.data)
 *(.data*)
 .data.Wave_LUT
                0x0000000020000000      0x200 ./Core/Src/main.o
                0x0000000020000000                Wave_LUT
 .data.SystemCoreClock
                0x0000000020000200        0x4 ./Core/Src/system_stm32f0xx.o
                0x0000000020000200                SystemCoreClock
 .data.uwTickPrio
                0x0000000020000204        0x4 ./Drivers/STM32F0xx_HAL_Driver/Src/stm32f0xx_hal.o
                0x0000000020000204                uwTickPrio
 .data.uwTickFreq
                0x0000000020000208        0x1 ./Drivers/STM32F0xx_HAL_Driver/Src/stm32f0xx_hal.o
                0x0000000020000208                uwTickFreq
 *(.RamFunc)
 *(.RamFunc*)
                0x000000002000020c                . = ALIGN (0x4)
 *fill*         0x0000000020000209        0x3 
                0x000000002000020c                _edata = .

.igot.plt       0x000000002000020c        0x0 load address 0x0000000008002654
 .igot.plt      0x000000002000020c        0x0 d:/programy/stm32cubeide_1.10.1/stm32cubeide/plugins/com.st.stm32cube.ide.mcu.externaltools.gnu-tools-for-stm32.10.3-2021.10.win32_1.0.0.202111181127/tools/bin/../lib/gcc/arm-none-eabi/10.3.1/thumb/v6-m/nofp/crtbegin.o
                0x000000002000020c                . = ALIGN (0x4)

.bss            0x000000002000020c       0xc0 load address 0x0000000008002654
                0x000000002000020c                _sbss = .
                0x000000002000020c                __bss_start__ = _sbss
 *(.bss)
 .bss           0x000000002000020c       0x1c d:/programy/stm32cubeide_1.10.1/stm32cubeide/plugins/com.st.stm32cube.ide.mcu.externaltools.gnu-tools-for-stm32.10.3-2021.10.win32_1.0.0.202111181127/tools/bin/../lib/gcc/arm-none-eabi/10.3.1/thumb/v6-m/nofp/crtbegin.o
 *(.bss*)
 .bss.hdac      0x0000000020000228       0x14 ./Core/Src/main.o
                0x0000000020000228                hdac
 .bss.hdma_dac_ch1
                0x000000002000023c       0x44 ./Core/Src/main.o
                0x000000002000023c                hdma_dac_ch1
 .bss.htim2     0x0000000020000280       0x48 ./Core/Src/main.o
                0x0000000020000280                htim2
 .bss.uwTick    0x00000000200002c8        0x4 ./Drivers/STM32F0xx_HAL_Driver/Src/stm32f0xx_hal.o
                0x00000000200002c8                uwTick
 *(COMMON)
                0x00000000200002cc                . = ALIGN (0x4)
                0x00000000200002cc                _ebss = .
                0x00000000200002cc                __bss_end__ = _ebss

._user_heap_stack
                0x00000000200002cc      0x604 load address 0x0000000008002654
                0x00000000200002d0                . = ALIGN (0x8)
 *fill*         0x00000000200002cc        0x4 
                [!provide]                        PROVIDE (end = .)
                0x00000000200002d0                PROVIDE (_end = .)
                0x00000000200004d0                . = (. + _Min_Heap_Size)
 *fill*         0x00000000200002d0      0x200 
                0x00000000200008d0                . = (. + _Min_Stack_Size)
 *fill*         0x00000000200004d0      0x400 
                0x00000000200008d0                . = ALIGN (0x8)

/DISCARD/
 libc.a(*)
 libm.a(*)
 libgcc.a(*)

.ARM.attributes
                0x0000000000000000       0x28
 *(.ARM.attributes)
 .ARM.attributes
                0x0000000000000000       0x1e d:/programy/stm32cubeide_1.10.1/stm32cubeide/plugins/com.st.stm32cube.ide.mcu.externaltools.gnu-tools-for-stm32.10.3-2021.10.win32_1.0.0.202111181127/tools/bin/../lib/gcc/arm-none-eabi/10.3.1/thumb/v6-m/nofp/crti.o
 .ARM.attributes
                0x000000000000001e       0x2c d:/programy/stm32cubeide_1.10.1/stm32cubeide/plugins/com.st.stm32cube.ide.mcu.externaltools.gnu-tools-for-stm32.10.3-2021.10.win32_1.0.0.202111181127/tools/bin/../lib/gcc/arm-none-eabi/10.3.1/thumb/v6-m/nofp/crtbegin.o
 .ARM.attributes
                0x000000000000004a       0x2c ./Core/Src/main.o
 .ARM.attributes
                0x0000000000000076       0x2c ./Core/Src/stm32f0xx_hal_msp.o
 .ARM.attributes
                0x00000000000000a2       0x2c ./Core/Src/stm32f0xx_it.o
 .ARM.attributes
                0x00000000000000ce       0x2c ./Core/Src/system_stm32f0xx.o
 .ARM.attributes
                0x00000000000000fa       0x21 ./Core/Startup/startup_stm32f072rbtx.o
 .ARM.attributes
                0x000000000000011b       0x2c ./Drivers/STM32F0xx_HAL_Driver/Src/stm32f0xx_hal.o
 .ARM.attributes
                0x0000000000000147       0x2c ./Drivers/STM32F0xx_HAL_Driver/Src/stm32f0xx_hal_cortex.o
 .ARM.attributes
                0x0000000000000173       0x2c ./Drivers/STM32F0xx_HAL_Driver/Src/stm32f0xx_hal_dac.o
 .ARM.attributes
                0x000000000000019f       0x2c ./Drivers/STM32F0xx_HAL_Driver/Src/stm32f0xx_hal_dac_ex.o
 .ARM.attributes
                0x00000000000001cb       0x2c ./Drivers/STM32F0xx_HAL_Driver/Src/stm32f0xx_hal_dma.o
 .ARM.attributes
                0x00000000000001f7       0x2c ./Drivers/STM32F0xx_HAL_Driver/Src/stm32f0xx_hal_gpio.o
 .ARM.attributes
                0x0000000000000223       0x2c ./Drivers/STM32F0xx_HAL_Driver/Src/stm32f0xx_hal_rcc.o
 .ARM.attributes
                0x000000000000024f       0x2c ./Drivers/STM32F0xx_HAL_Driver/Src/stm32f0xx_hal_tim.o
 .ARM.attributes
                0x000000000000027b       0x2c ./Drivers/STM32F0xx_HAL_Driver/Src/stm32f0xx_hal_tim_ex.o
 .ARM.attributes
                0x00000000000002a7       0x2c d:/programy/stm32cubeide_1.10.1/stm32cubeide/plugins/com.st.stm32cube.ide.mcu.externaltools.gnu-tools-for-stm32.10.3-2021.10.win32_1.0.0.202111181127/tools/bin/../lib/gcc/arm-none-eabi/10.3.1/../../../../arm-none-eabi/lib/thumb/v6-m/nofp\libc_nano.a(lib_a-init.o)
 .ARM.attributes
                0x00000000000002d3       0x2c d:/programy/stm32cubeide_1.10.1/stm32cubeide/plugins/com.st.stm32cube.ide.mcu.externaltools.gnu-tools-for-stm32.10.3-2021.10.win32_1.0.0.202111181127/tools/bin/../lib/gcc/arm-none-eabi/10.3.1/../../../../arm-none-eabi/lib/thumb/v6-m/nofp\libc_nano.a(lib_a-memset.o)
 .ARM.attributes
                0x00000000000002ff       0x1e d:/programy/stm32cubeide_1.10.1/stm32cubeide/plugins/com.st.stm32cube.ide.mcu.externaltools.gnu-tools-for-stm32.10.3-2021.10.win32_1.0.0.202111181127/tools/bin/../lib/gcc/arm-none-eabi/10.3.1/thumb/v6-m/nofp\libgcc.a(_udivsi3.o)
 .ARM.attributes
                0x000000000000031d       0x1e d:/programy/stm32cubeide_1.10.1/stm32cubeide/plugins/com.st.stm32cube.ide.mcu.externaltools.gnu-tools-for-stm32.10.3-2021.10.win32_1.0.0.202111181127/tools/bin/../lib/gcc/arm-none-eabi/10.3.1/thumb/v6-m/nofp\libgcc.a(_dvmd_tls.o)
 .ARM.attributes
                0x000000000000033b       0x1e d:/programy/stm32cubeide_1.10.1/stm32cubeide/plugins/com.st.stm32cube.ide.mcu.externaltools.gnu-tools-for-stm32.10.3-2021.10.win32_1.0.0.202111181127/tools/bin/../lib/gcc/arm-none-eabi/10.3.1/thumb/v6-m/nofp/crtn.o
OUTPUT(RLC_nucleo.elf elf32-littlearm)
LOAD linker stubs
LOAD d:/programy/stm32cubeide_1.10.1/stm32cubeide/plugins/com.st.stm32cube.ide.mcu.externaltools.gnu-tools-for-stm32.10.3-2021.10.win32_1.0.0.202111181127/tools/bin/../lib/gcc/arm-none-eabi/10.3.1/../../../../arm-none-eabi/lib/thumb/v6-m/nofp\libc.a
LOAD d:/programy/stm32cubeide_1.10.1/stm32cubeide/plugins/com.st.stm32cube.ide.mcu.externaltools.gnu-tools-for-stm32.10.3-2021.10.win32_1.0.0.202111181127/tools/bin/../lib/gcc/arm-none-eabi/10.3.1/../../../../arm-none-eabi/lib/thumb/v6-m/nofp\libm.a
LOAD d:/programy/stm32cubeide_1.10.1/stm32cubeide/plugins/com.st.stm32cube.ide.mcu.externaltools.gnu-tools-for-stm32.10.3-2021.10.win32_1.0.0.202111181127/tools/bin/../lib/gcc/arm-none-eabi/10.3.1/thumb/v6-m/nofp\libgcc.a

.debug_info     0x0000000000000000     0x9a7a
 .debug_info    0x0000000000000000     0x1089 ./Core/Src/main.o
 .debug_info    0x0000000000001089      0xb92 ./Core/Src/stm32f0xx_hal_msp.o
 .debug_info    0x0000000000001c1b      0x35d ./Core/Src/stm32f0xx_it.o
 .debug_info    0x0000000000001f78      0x269 ./Core/Src/system_stm32f0xx.o
 .debug_info    0x00000000000021e1       0x22 ./Core/Startup/startup_stm32f072rbtx.o
 .debug_info    0x0000000000002203      0x6f6 ./Drivers/STM32F0xx_HAL_Driver/Src/stm32f0xx_hal.o
 .debug_info    0x00000000000028f9      0x723 ./Drivers/STM32F0xx_HAL_Driver/Src/stm32f0xx_hal_cortex.o
 .debug_info    0x000000000000301c      0x8c3 ./Drivers/STM32F0xx_HAL_Driver/Src/stm32f0xx_hal_dac.o
 .debug_info    0x00000000000038df      0x9f5 ./Drivers/STM32F0xx_HAL_Driver/Src/stm32f0xx_hal_dac_ex.o
 .debug_info    0x00000000000042d4      0x75c ./Drivers/STM32F0xx_HAL_Driver/Src/stm32f0xx_hal_dma.o
 .debug_info    0x0000000000004a30      0x628 ./Drivers/STM32F0xx_HAL_Driver/Src/stm32f0xx_hal_gpio.o
 .debug_info    0x0000000000005058      0x8b0 ./Drivers/STM32F0xx_HAL_Driver/Src/stm32f0xx_hal_rcc.o
 .debug_info    0x0000000000005908     0x2bab ./Drivers/STM32F0xx_HAL_Driver/Src/stm32f0xx_hal_tim.o
 .debug_info    0x00000000000084b3     0x15c7 ./Drivers/STM32F0xx_HAL_Driver/Src/stm32f0xx_hal_tim_ex.o

.debug_abbrev   0x0000000000000000     0x1a9f
 .debug_abbrev  0x0000000000000000      0x296 ./Core/Src/main.o
 .debug_abbrev  0x0000000000000296      0x200 ./Core/Src/stm32f0xx_hal_msp.o
 .debug_abbrev  0x0000000000000496      0x15f ./Core/Src/stm32f0xx_it.o
 .debug_abbrev  0x00000000000005f5      0x116 ./Core/Src/system_stm32f0xx.o
 .debug_abbrev  0x000000000000070b       0x12 ./Core/Startup/startup_stm32f072rbtx.o
 .debug_abbrev  0x000000000000071d      0x20e ./Drivers/STM32F0xx_HAL_Driver/Src/stm32f0xx_hal.o
 .debug_abbrev  0x000000000000092b      0x283 ./Drivers/STM32F0xx_HAL_Driver/Src/stm32f0xx_hal_cortex.o
 .debug_abbrev  0x0000000000000bae      0x1ae ./Drivers/STM32F0xx_HAL_Driver/Src/stm32f0xx_hal_dac.o
 .debug_abbrev  0x0000000000000d5c      0x21d ./Drivers/STM32F0xx_HAL_Driver/Src/stm32f0xx_hal_dac_ex.o
 .debug_abbrev  0x0000000000000f79      0x218 ./Drivers/STM32F0xx_HAL_Driver/Src/stm32f0xx_hal_dma.o
 .debug_abbrev  0x0000000000001191      0x1bb ./Drivers/STM32F0xx_HAL_Driver/Src/stm32f0xx_hal_gpio.o
 .debug_abbrev  0x000000000000134c      0x283 ./Drivers/STM32F0xx_HAL_Driver/Src/stm32f0xx_hal_rcc.o
 .debug_abbrev  0x00000000000015cf      0x264 ./Drivers/STM32F0xx_HAL_Driver/Src/stm32f0xx_hal_tim.o
 .debug_abbrev  0x0000000000001833      0x26c ./Drivers/STM32F0xx_HAL_Driver/Src/stm32f0xx_hal_tim_ex.o

.debug_aranges  0x0000000000000000      0xaa8
 .debug_aranges
                0x0000000000000000       0x50 ./Core/Src/main.o
 .debug_aranges
                0x0000000000000050       0x40 ./Core/Src/stm32f0xx_hal_msp.o
 .debug_aranges
                0x0000000000000090       0x48 ./Core/Src/stm32f0xx_it.o
 .debug_aranges
                0x00000000000000d8       0x28 ./Core/Src/system_stm32f0xx.o
 .debug_aranges
                0x0000000000000100       0x28 ./Core/Startup/startup_stm32f072rbtx.o
 .debug_aranges
                0x0000000000000128       0xd0 ./Drivers/STM32F0xx_HAL_Driver/Src/stm32f0xx_hal.o
 .debug_aranges
                0x00000000000001f8       0xc0 ./Drivers/STM32F0xx_HAL_Driver/Src/stm32f0xx_hal_cortex.o
 .debug_aranges
                0x00000000000002b8       0xa8 ./Drivers/STM32F0xx_HAL_Driver/Src/stm32f0xx_hal_dac.o
 .debug_aranges
                0x0000000000000360       0xb0 ./Drivers/STM32F0xx_HAL_Driver/Src/stm32f0xx_hal_dac_ex.o
 .debug_aranges
                0x0000000000000410       0x88 ./Drivers/STM32F0xx_HAL_Driver/Src/stm32f0xx_hal_dma.o
 .debug_aranges
                0x0000000000000498       0x58 ./Drivers/STM32F0xx_HAL_Driver/Src/stm32f0xx_hal_gpio.o
 .debug_aranges
                0x00000000000004f0       0x80 ./Drivers/STM32F0xx_HAL_Driver/Src/stm32f0xx_hal_rcc.o
 .debug_aranges
                0x0000000000000570      0x3d0 ./Drivers/STM32F0xx_HAL_Driver/Src/stm32f0xx_hal_tim.o
 .debug_aranges
                0x0000000000000940      0x168 ./Drivers/STM32F0xx_HAL_Driver/Src/stm32f0xx_hal_tim_ex.o

.debug_ranges   0x0000000000000000      0x9d0
 .debug_ranges  0x0000000000000000       0x40 ./Core/Src/main.o
 .debug_ranges  0x0000000000000040       0x30 ./Core/Src/stm32f0xx_hal_msp.o
 .debug_ranges  0x0000000000000070       0x38 ./Core/Src/stm32f0xx_it.o
 .debug_ranges  0x00000000000000a8       0x18 ./Core/Src/system_stm32f0xx.o
 .debug_ranges  0x00000000000000c0       0x20 ./Core/Startup/startup_stm32f072rbtx.o
 .debug_ranges  0x00000000000000e0       0xc0 ./Drivers/STM32F0xx_HAL_Driver/Src/stm32f0xx_hal.o
 .debug_ranges  0x00000000000001a0       0xb0 ./Drivers/STM32F0xx_HAL_Driver/Src/stm32f0xx_hal_cortex.o
 .debug_ranges  0x0000000000000250       0x98 ./Drivers/STM32F0xx_HAL_Driver/Src/stm32f0xx_hal_dac.o
 .debug_ranges  0x00000000000002e8       0xa0 ./Drivers/STM32F0xx_HAL_Driver/Src/stm32f0xx_hal_dac_ex.o
 .debug_ranges  0x0000000000000388       0x78 ./Drivers/STM32F0xx_HAL_Driver/Src/stm32f0xx_hal_dma.o
 .debug_ranges  0x0000000000000400       0x48 ./Drivers/STM32F0xx_HAL_Driver/Src/stm32f0xx_hal_gpio.o
 .debug_ranges  0x0000000000000448       0x70 ./Drivers/STM32F0xx_HAL_Driver/Src/stm32f0xx_hal_rcc.o
 .debug_ranges  0x00000000000004b8      0x3c0 ./Drivers/STM32F0xx_HAL_Driver/Src/stm32f0xx_hal_tim.o
 .debug_ranges  0x0000000000000878      0x158 ./Drivers/STM32F0xx_HAL_Driver/Src/stm32f0xx_hal_tim_ex.o

.debug_macro    0x0000000000000000    0x18c5e
 .debug_macro   0x0000000000000000      0x1d7 ./Core/Src/main.o
 .debug_macro   0x00000000000001d7      0xa4e ./Core/Src/main.o
 .debug_macro   0x0000000000000c25      0x133 ./Core/Src/main.o
 .debug_macro   0x0000000000000d58       0x2e ./Core/Src/main.o
 .debug_macro   0x0000000000000d86       0x22 ./Core/Src/main.o
 .debug_macro   0x0000000000000da8       0x22 ./Core/Src/main.o
 .debug_macro   0x0000000000000dca       0x8e ./Core/Src/main.o
 .debug_macro   0x0000000000000e58       0x51 ./Core/Src/main.o
 .debug_macro   0x0000000000000ea9      0x103 ./Core/Src/main.o
 .debug_macro   0x0000000000000fac       0x6a ./Core/Src/main.o
 .debug_macro   0x0000000000001016      0x1df ./Core/Src/main.o
 .debug_macro   0x00000000000011f5       0x1c ./Core/Src/main.o
 .debug_macro   0x0000000000001211       0x22 ./Core/Src/main.o
 .debug_macro   0x0000000000001233       0xaf ./Core/Src/main.o
 .debug_macro   0x00000000000012e2      0x391 ./Core/Src/main.o
 .debug_macro   0x0000000000001673     0xfe73 ./Core/Src/main.o
 .debug_macro   0x00000000000114e6       0x66 ./Core/Src/main.o
 .debug_macro   0x000000000001154c     0x34be ./Core/Src/main.o
 .debug_macro   0x0000000000014a0a      0x174 ./Core/Src/main.o
 .debug_macro   0x0000000000014b7e       0x55 ./Core/Src/main.o
 .debug_macro   0x0000000000014bd3      0x946 ./Core/Src/main.o
 .debug_macro   0x0000000000015519      0x5f3 ./Core/Src/main.o
 .debug_macro   0x0000000000015b0c      0x1ae ./Core/Src/main.o
 .debug_macro   0x0000000000015cba      0x1a7 ./Core/Src/main.o
 .debug_macro   0x0000000000015e61      0x1a7 ./Core/Src/main.o
 .debug_macro   0x0000000000016008      0x22c ./Core/Src/main.o
 .debug_macro   0x0000000000016234       0x34 ./Core/Src/main.o
 .debug_macro   0x0000000000016268       0x43 ./Core/Src/main.o
 .debug_macro   0x00000000000162ab       0x28 ./Core/Src/main.o
 .debug_macro   0x00000000000162d3       0xd5 ./Core/Src/main.o
 .debug_macro   0x00000000000163a8       0xed ./Core/Src/main.o
 .debug_macro   0x0000000000016495       0xb0 ./Core/Src/main.o
 .debug_macro   0x0000000000016545      0x217 ./Core/Src/main.o
 .debug_macro   0x000000000001675c      0x22c ./Core/Src/main.o
 .debug_macro   0x0000000000016988       0x61 ./Core/Src/main.o
 .debug_macro   0x00000000000169e9       0xa5 ./Core/Src/main.o
 .debug_macro   0x0000000000016a8e       0x4c ./Core/Src/main.o
 .debug_macro   0x0000000000016ada      0x16d ./Core/Src/main.o
 .debug_macro   0x0000000000016c47      0x8f4 ./Core/Src/main.o
 .debug_macro   0x000000000001753b       0x28 ./Core/Src/main.o
 .debug_macro   0x0000000000017563      0x130 ./Core/Src/main.o
 .debug_macro   0x0000000000017693       0x4c ./Core/Src/main.o
 .debug_macro   0x00000000000176df      0x1d1 ./Core/Src/stm32f0xx_hal_msp.o
 .debug_macro   0x00000000000178b0      0x1db ./Core/Src/stm32f0xx_it.o
 .debug_macro   0x0000000000017a8b      0x1c2 ./Core/Src/system_stm32f0xx.o
 .debug_macro   0x0000000000017c4d      0x1e6 ./Drivers/STM32F0xx_HAL_Driver/Src/stm32f0xx_hal.o
 .debug_macro   0x0000000000017e33      0x1c2 ./Drivers/STM32F0xx_HAL_Driver/Src/stm32f0xx_hal_cortex.o
 .debug_macro   0x0000000000017ff5      0x1c3 ./Drivers/STM32F0xx_HAL_Driver/Src/stm32f0xx_hal_dac.o
 .debug_macro   0x00000000000181b8      0x1c2 ./Drivers/STM32F0xx_HAL_Driver/Src/stm32f0xx_hal_dac_ex.o
 .debug_macro   0x000000000001837a      0x1c2 ./Drivers/STM32F0xx_HAL_Driver/Src/stm32f0xx_hal_dma.o
 .debug_macro   0x000000000001853c      0x1c9 ./Drivers/STM32F0xx_HAL_Driver/Src/stm32f0xx_hal_gpio.o
 .debug_macro   0x0000000000018705      0x1d4 ./Drivers/STM32F0xx_HAL_Driver/Src/stm32f0xx_hal_rcc.o
 .debug_macro   0x00000000000188d9      0x1c3 ./Drivers/STM32F0xx_HAL_Driver/Src/stm32f0xx_hal_tim.o
 .debug_macro   0x0000000000018a9c      0x1c2 ./Drivers/STM32F0xx_HAL_Driver/Src/stm32f0xx_hal_tim_ex.o

.debug_line     0x0000000000000000     0xbc01
 .debug_line    0x0000000000000000      0x846 ./Core/Src/main.o
 .debug_line    0x0000000000000846      0x790 ./Core/Src/stm32f0xx_hal_msp.o
 .debug_line    0x0000000000000fd6      0x76a ./Core/Src/stm32f0xx_it.o
 .debug_line    0x0000000000001740      0x775 ./Core/Src/system_stm32f0xx.o
 .debug_line    0x0000000000001eb5       0x89 ./Core/Startup/startup_stm32f072rbtx.o
 .debug_line    0x0000000000001f3e      0x968 ./Drivers/STM32F0xx_HAL_Driver/Src/stm32f0xx_hal.o
 .debug_line    0x00000000000028a6      0xa14 ./Drivers/STM32F0xx_HAL_Driver/Src/stm32f0xx_hal_cortex.o
 .debug_line    0x00000000000032ba      0x8f6 ./Drivers/STM32F0xx_HAL_Driver/Src/stm32f0xx_hal_dac.o
 .debug_line    0x0000000000003bb0      0xb21 ./Drivers/STM32F0xx_HAL_Driver/Src/stm32f0xx_hal_dac_ex.o
 .debug_line    0x00000000000046d1      0xc8c ./Drivers/STM32F0xx_HAL_Driver/Src/stm32f0xx_hal_dma.o
 .debug_line    0x000000000000535d      0xaf8 ./Drivers/STM32F0xx_HAL_Driver/Src/stm32f0xx_hal_gpio.o
 .debug_line    0x0000000000005e55      0xdf3 ./Drivers/STM32F0xx_HAL_Driver/Src/stm32f0xx_hal_rcc.o
 .debug_line    0x0000000000006c48     0x36ad ./Drivers/STM32F0xx_HAL_Driver/Src/stm32f0xx_hal_tim.o
 .debug_line    0x000000000000a2f5     0x190c ./Drivers/STM32F0xx_HAL_Driver/Src/stm32f0xx_hal_tim_ex.o

.debug_str      0x0000000000000000    0x919f0
 .debug_str     0x0000000000000000    0x8f80d ./Core/Src/main.o
                                      0x8fbdc (size before relaxing)
 .debug_str     0x000000000008f80d       0xb0 ./Core/Src/stm32f0xx_hal_msp.o
                                      0x8f6c1 (size before relaxing)
 .debug_str     0x000000000008f8bd       0x95 ./Core/Src/stm32f0xx_it.o
                                      0x8f19a (size before relaxing)
 .debug_str     0x000000000008f952       0x8b ./Core/Src/system_stm32f0xx.o
                                      0x8eeed (size before relaxing)
 .debug_str     0x000000000008f9dd       0x36 ./Core/Startup/startup_stm32f072rbtx.o
                                         0x6b (size before relaxing)
 .debug_str     0x000000000008fa13      0x384 ./Drivers/STM32F0xx_HAL_Driver/Src/stm32f0xx_hal.o
                                      0x8f4e3 (size before relaxing)
 .debug_str     0x000000000008fd97      0x1bf ./Drivers/STM32F0xx_HAL_Driver/Src/stm32f0xx_hal_cortex.o
                                      0x8f2d4 (size before relaxing)
 .debug_str     0x000000000008ff56      0x152 ./Drivers/STM32F0xx_HAL_Driver/Src/stm32f0xx_hal_dac.o
                                      0x8f336 (size before relaxing)
 .debug_str     0x00000000000900a8      0x1c4 ./Drivers/STM32F0xx_HAL_Driver/Src/stm32f0xx_hal_dac_ex.o
                                      0x8f431 (size before relaxing)
 .debug_str     0x000000000009026c      0x207 ./Drivers/STM32F0xx_HAL_Driver/Src/stm32f0xx_hal_dma.o
                                      0x8f293 (size before relaxing)
 .debug_str     0x0000000000090473      0x102 ./Drivers/STM32F0xx_HAL_Driver/Src/stm32f0xx_hal_gpio.o
                                      0x8f08e (size before relaxing)
 .debug_str     0x0000000000090575      0x21a ./Drivers/STM32F0xx_HAL_Driver/Src/stm32f0xx_hal_rcc.o
                                      0x8f334 (size before relaxing)
 .debug_str     0x000000000009078f      0xdce ./Drivers/STM32F0xx_HAL_Driver/Src/stm32f0xx_hal_tim.o
                                      0x902f3 (size before relaxing)
 .debug_str     0x000000000009155d      0x493 ./Drivers/STM32F0xx_HAL_Driver/Src/stm32f0xx_hal_tim_ex.o
                                      0x8fb0f (size before relaxing)

.comment        0x0000000000000000       0x50
 .comment       0x0000000000000000       0x50 ./Core/Src/main.o
                                         0x51 (size before relaxing)
 .comment       0x0000000000000050       0x51 ./Core/Src/stm32f0xx_hal_msp.o
 .comment       0x0000000000000050       0x51 ./Core/Src/stm32f0xx_it.o
 .comment       0x0000000000000050       0x51 ./Core/Src/system_stm32f0xx.o
 .comment       0x0000000000000050       0x51 ./Drivers/STM32F0xx_HAL_Driver/Src/stm32f0xx_hal.o
 .comment       0x0000000000000050       0x51 ./Drivers/STM32F0xx_HAL_Driver/Src/stm32f0xx_hal_cortex.o
 .comment       0x0000000000000050       0x51 ./Drivers/STM32F0xx_HAL_Driver/Src/stm32f0xx_hal_dac.o
 .comment       0x0000000000000050       0x51 ./Drivers/STM32F0xx_HAL_Driver/Src/stm32f0xx_hal_dac_ex.o
 .comment       0x0000000000000050       0x51 ./Drivers/STM32F0xx_HAL_Driver/Src/stm32f0xx_hal_dma.o
 .comment       0x0000000000000050       0x51 ./Drivers/STM32F0xx_HAL_Driver/Src/stm32f0xx_hal_gpio.o
 .comment       0x0000000000000050       0x51 ./Drivers/STM32F0xx_HAL_Driver/Src/stm32f0xx_hal_rcc.o
 .comment       0x0000000000000050       0x51 ./Drivers/STM32F0xx_HAL_Driver/Src/stm32f0xx_hal_tim.o
 .comment       0x0000000000000050       0x51 ./Drivers/STM32F0xx_HAL_Driver/Src/stm32f0xx_hal_tim_ex.o

.debug_frame    0x0000000000000000     0x25e8
 .debug_frame   0x0000000000000000       0xec ./Core/Src/main.o
 .debug_frame   0x00000000000000ec       0xb0 ./Core/Src/stm32f0xx_hal_msp.o
 .debug_frame   0x000000000000019c       0xb8 ./Core/Src/stm32f0xx_it.o
 .debug_frame   0x0000000000000254       0x4c ./Core/Src/system_stm32f0xx.o
 .debug_frame   0x00000000000002a0      0x2a4 ./Drivers/STM32F0xx_HAL_Driver/Src/stm32f0xx_hal.o
 .debug_frame   0x0000000000000544      0x2a0 ./Drivers/STM32F0xx_HAL_Driver/Src/stm32f0xx_hal_cortex.o
 .debug_frame   0x00000000000007e4      0x250 ./Drivers/STM32F0xx_HAL_Driver/Src/stm32f0xx_hal_dac.o
 .debug_frame   0x0000000000000a34      0x270 ./Drivers/STM32F0xx_HAL_Driver/Src/stm32f0xx_hal_dac_ex.o
 .debug_frame   0x0000000000000ca4      0x1d0 ./Drivers/STM32F0xx_HAL_Driver/Src/stm32f0xx_hal_dma.o
 .debug_frame   0x0000000000000e74      0x110 ./Drivers/STM32F0xx_HAL_Driver/Src/stm32f0xx_hal_gpio.o
 .debug_frame   0x0000000000000f84      0x198 ./Drivers/STM32F0xx_HAL_Driver/Src/stm32f0xx_hal_rcc.o
 .debug_frame   0x000000000000111c      0xf00 ./Drivers/STM32F0xx_HAL_Driver/Src/stm32f0xx_hal_tim.o
 .debug_frame   0x000000000000201c      0x560 ./Drivers/STM32F0xx_HAL_Driver/Src/stm32f0xx_hal_tim_ex.o
 .debug_frame   0x000000000000257c       0x2c d:/programy/stm32cubeide_1.10.1/stm32cubeide/plugins/com.st.stm32cube.ide.mcu.externaltools.gnu-tools-for-stm32.10.3-2021.10.win32_1.0.0.202111181127/tools/bin/../lib/gcc/arm-none-eabi/10.3.1/../../../../arm-none-eabi/lib/thumb/v6-m/nofp\libc_nano.a(lib_a-init.o)
 .debug_frame   0x00000000000025a8       0x20 d:/programy/stm32cubeide_1.10.1/stm32cubeide/plugins/com.st.stm32cube.ide.mcu.externaltools.gnu-tools-for-stm32.10.3-2021.10.win32_1.0.0.202111181127/tools/bin/../lib/gcc/arm-none-eabi/10.3.1/../../../../arm-none-eabi/lib/thumb/v6-m/nofp\libc_nano.a(lib_a-memset.o)
 .debug_frame   0x00000000000025c8       0x20 d:/programy/stm32cubeide_1.10.1/stm32cubeide/plugins/com.st.stm32cube.ide.mcu.externaltools.gnu-tools-for-stm32.10.3-2021.10.win32_1.0.0.202111181127/tools/bin/../lib/gcc/arm-none-eabi/10.3.1/thumb/v6-m/nofp\libgcc.a(_udivsi3.o)
