19:43:45 **** Incremental Build of configuration Debug for project RLC_nucleo ****
make -j8 all 
arm-none-eabi-gcc "../Core/Src/main.c" -mcpu=cortex-m0 -std=gnu11 -g3 -DDEBUG -DUSE_HAL_DRIVER -DSTM32F072xB -c -I../Core/Inc -I../Drivers/STM32F0xx_HAL_Driver/Inc -I../Drivers/STM32F0xx_HAL_Driver/Inc/Legacy -I../Drivers/CMSIS/Device/ST/STM32F0xx/Include -I../Drivers/CMSIS/Include -O0 -ffunction-sections -fdata-sections -Wall -fstack-usage -MMD -MP -MF"Core/Src/main.d" -MT"Core/Src/main.o" --specs=nano.specs -mfloat-abi=soft -mthumb -o "Core/Src/main.o"
arm-none-eabi-gcc -o "RLC_nucleo.elf" @"objects.list"   -mcpu=cortex-m0 -T"D:\Projekty\Prywatne\RLC_meter\Code\RLC_nucleo\STM32F072RBTX_FLASH.ld" --specs=nosys.specs -Wl,-Map="RLC_nucleo.map" -Wl,--gc-sections -static --specs=nano.specs -mfloat-abi=soft -mthumb -Wl,--start-group -lc -lm -Wl,--end-group
Finished building target: RLC_nucleo.elf
 
arm-none-eabi-size   RLC_nucleo.elf 
arm-none-eabi-objdump -h -S  RLC_nucleo.elf  > "RLC_nucleo.list"
   text	   data	    bss	    dec	    hex	filename
   9260	    532	   1732	  11524	   2d04	RLC_nucleo.elf
Finished building: default.size.stdout
 
Finished building: RLC_nucleo.list
 
19:43:54 **** Incremental Build of configuration Debug for project RLC_nucleo ****
make -j8 all 
arm-none-eabi-size   RLC_nucleo.elf 
   text	   data	    bss	    dec	    hex	filename
   9260	    532	   1732	  11524	   2d04	RLC_nucleo.elf
Finished building: default.size.stdout
 
19:49:02 **** Incremental Build of configuration Debug for project RLC_nucleo ****
make -j8 all 
arm-none-eabi-gcc "../Core/Src/main.c" -mcpu=cortex-m0 -std=gnu11 -g3 -DDEBUG -DUSE_HAL_DRIVER -DSTM32F072xB -c -I../Core/Inc -I../Drivers/STM32F0xx_HAL_Driver/Inc -I../Drivers/STM32F0xx_HAL_Driver/Inc/Legacy -I../Drivers/CMSIS/Device/ST/STM32F0xx/Include -I../Drivers/CMSIS/Include -O0 -ffunction-sections -fdata-sections -Wall -fstack-usage -MMD -MP -MF"Core/Src/main.d" -MT"Core/Src/main.o" --specs=nano.specs -mfloat-abi=soft -mthumb -o "Core/Src/main.o"
arm-none-eabi-gcc -o "RLC_nucleo.elf" @"objects.list"   -mcpu=cortex-m0 -T"D:\Projekty\Prywatne\RLC_meter\Code\RLC_nucleo\STM32F072RBTX_FLASH.ld" --specs=nosys.specs -Wl,-Map="RLC_nucleo.map" -Wl,--gc-sections -static --specs=nano.specs -mfloat-abi=soft -mthumb -Wl,--start-group -lc -lm -Wl,--end-group
Finished building target: RLC_nucleo.elf
 
arm-none-eabi-size   RLC_nucleo.elf 
arm-none-eabi-objdump -h -S  RLC_nucleo.elf  > "RLC_nucleo.list"
   text	   data	    bss	    dec	    hex	filename
   9280	    532	   1732	  11544	   2d18	RLC_nucleo.elf
Finished building: default.size.stdout
 
Finished building: RLC_nucleo.list
 
