Archive member included to satisfy reference by file (symbol)

d:/programy/stm32cubeide_1.10.1/stm32cubeide/plugins/com.st.stm32cube.ide.mcu.externaltools.gnu-tools-for-stm32.10.3-2021.10.win32_1.0.0.202111181127/tools/bin/../lib/gcc/arm-none-eabi/10.3.1/../../../../arm-none-eabi/lib/thumb/v7e-m+fp/hard\libc_nano.a(lib_a-errno.o)
                              ./Core/Src/syscalls.o (__errno)
d:/programy/stm32cubeide_1.10.1/stm32cubeide/plugins/com.st.stm32cube.ide.mcu.externaltools.gnu-tools-for-stm32.10.3-2021.10.win32_1.0.0.202111181127/tools/bin/../lib/gcc/arm-none-eabi/10.3.1/../../../../arm-none-eabi/lib/thumb/v7e-m+fp/hard\libc_nano.a(lib_a-exit.o)
                              d:/programy/stm32cubeide_1.10.1/stm32cubeide/plugins/com.st.stm32cube.ide.mcu.externaltools.gnu-tools-for-stm32.10.3-2021.10.win32_1.0.0.202111181127/tools/bin/../lib/gcc/arm-none-eabi/10.3.1/../../../../arm-none-eabi/lib/thumb/v7e-m+fp/hard/crt0.o (exit)
d:/programy/stm32cubeide_1.10.1/stm32cubeide/plugins/com.st.stm32cube.ide.mcu.externaltools.gnu-tools-for-stm32.10.3-2021.10.win32_1.0.0.202111181127/tools/bin/../lib/gcc/arm-none-eabi/10.3.1/../../../../arm-none-eabi/lib/thumb/v7e-m+fp/hard\libc_nano.a(lib_a-impure.o)
                              d:/programy/stm32cubeide_1.10.1/stm32cubeide/plugins/com.st.stm32cube.ide.mcu.externaltools.gnu-tools-for-stm32.10.3-2021.10.win32_1.0.0.202111181127/tools/bin/../lib/gcc/arm-none-eabi/10.3.1/../../../../arm-none-eabi/lib/thumb/v7e-m+fp/hard\libc_nano.a(lib_a-exit.o) (_global_impure_ptr)
d:/programy/stm32cubeide_1.10.1/stm32cubeide/plugins/com.st.stm32cube.ide.mcu.externaltools.gnu-tools-for-stm32.10.3-2021.10.win32_1.0.0.202111181127/tools/bin/../lib/gcc/arm-none-eabi/10.3.1/../../../../arm-none-eabi/lib/thumb/v7e-m+fp/hard\libc_nano.a(lib_a-init.o)
                              d:/programy/stm32cubeide_1.10.1/stm32cubeide/plugins/com.st.stm32cube.ide.mcu.externaltools.gnu-tools-for-stm32.10.3-2021.10.win32_1.0.0.202111181127/tools/bin/../lib/gcc/arm-none-eabi/10.3.1/../../../../arm-none-eabi/lib/thumb/v7e-m+fp/hard/crt0.o (__libc_init_array)
d:/programy/stm32cubeide_1.10.1/stm32cubeide/plugins/com.st.stm32cube.ide.mcu.externaltools.gnu-tools-for-stm32.10.3-2021.10.win32_1.0.0.202111181127/tools/bin/../lib/gcc/arm-none-eabi/10.3.1/../../../../arm-none-eabi/lib/thumb/v7e-m+fp/hard\libc_nano.a(lib_a-memset.o)
                              d:/programy/stm32cubeide_1.10.1/stm32cubeide/plugins/com.st.stm32cube.ide.mcu.externaltools.gnu-tools-for-stm32.10.3-2021.10.win32_1.0.0.202111181127/tools/bin/../lib/gcc/arm-none-eabi/10.3.1/../../../../arm-none-eabi/lib/thumb/v7e-m+fp/hard/crt0.o (memset)
d:/programy/stm32cubeide_1.10.1/stm32cubeide/plugins/com.st.stm32cube.ide.mcu.externaltools.gnu-tools-for-stm32.10.3-2021.10.win32_1.0.0.202111181127/tools/bin/../lib/gcc/arm-none-eabi/10.3.1/../../../../arm-none-eabi/lib/thumb/v7e-m+fp/hard\libc_nano.a(lib_a-sprintf.o)
                              ./Core/Src/main.o (sprintf)
d:/programy/stm32cubeide_1.10.1/stm32cubeide/plugins/com.st.stm32cube.ide.mcu.externaltools.gnu-tools-for-stm32.10.3-2021.10.win32_1.0.0.202111181127/tools/bin/../lib/gcc/arm-none-eabi/10.3.1/../../../../arm-none-eabi/lib/thumb/v7e-m+fp/hard\libc_nano.a(lib_a-strlen.o)
                              ./Core/Src/fonts.o (strlen)
d:/programy/stm32cubeide_1.10.1/stm32cubeide/plugins/com.st.stm32cube.ide.mcu.externaltools.gnu-tools-for-stm32.10.3-2021.10.win32_1.0.0.202111181127/tools/bin/../lib/gcc/arm-none-eabi/10.3.1/../../../../arm-none-eabi/lib/thumb/v7e-m+fp/hard\libc_nano.a(lib_a-nano-svfprintf.o)
                              d:/programy/stm32cubeide_1.10.1/stm32cubeide/plugins/com.st.stm32cube.ide.mcu.externaltools.gnu-tools-for-stm32.10.3-2021.10.win32_1.0.0.202111181127/tools/bin/../lib/gcc/arm-none-eabi/10.3.1/../../../../arm-none-eabi/lib/thumb/v7e-m+fp/hard\libc_nano.a(lib_a-sprintf.o) (_svfprintf_r)
d:/programy/stm32cubeide_1.10.1/stm32cubeide/plugins/com.st.stm32cube.ide.mcu.externaltools.gnu-tools-for-stm32.10.3-2021.10.win32_1.0.0.202111181127/tools/bin/../lib/gcc/arm-none-eabi/10.3.1/../../../../arm-none-eabi/lib/thumb/v7e-m+fp/hard\libc_nano.a(lib_a-nano-vfprintf_i.o)
                              d:/programy/stm32cubeide_1.10.1/stm32cubeide/plugins/com.st.stm32cube.ide.mcu.externaltools.gnu-tools-for-stm32.10.3-2021.10.win32_1.0.0.202111181127/tools/bin/../lib/gcc/arm-none-eabi/10.3.1/../../../../arm-none-eabi/lib/thumb/v7e-m+fp/hard\libc_nano.a(lib_a-nano-svfprintf.o) (_printf_i)
d:/programy/stm32cubeide_1.10.1/stm32cubeide/plugins/com.st.stm32cube.ide.mcu.externaltools.gnu-tools-for-stm32.10.3-2021.10.win32_1.0.0.202111181127/tools/bin/../lib/gcc/arm-none-eabi/10.3.1/../../../../arm-none-eabi/lib/thumb/v7e-m+fp/hard\libc_nano.a(lib_a-memchr.o)
[...]
Memory Configuration

Name             Origin             Length             Attributes
RAM              0x0000000020000000 0x0000000000008000 xrw
FLASH            0x0000000008000000 0x0000000000008000 xr
*default*        0x0000000000000000 0xffffffffffffffff

Linker script and memory map

LOAD d:/programy/stm32cubeide_1.10.1/stm32cubeide/plugins/com.st.stm32cube.ide.mcu.externaltools.gnu-tools-for-stm32.10.3-2021.10.win32_1.0.0.202111181127/tools/bin/../lib/gcc/arm-none-eabi/10.3.1/thumb/v7e-m+fp/hard/crti.o
LOAD d:/programy/stm32cubeide_1.10.1/stm32cubeide/plugins/com.st.stm32cube.ide.mcu.externaltools.gnu-tools-for-stm32.10.3-2021.10.win32_1.0.0.202111181127/tools/bin/../lib/gcc/arm-none-eabi/10.3.1/thumb/v7e-m+fp/hard/crtbegin.o
LOAD d:/programy/stm32cubeide_1.10.1/stm32cubeide/plugins/com.st.stm32cube.ide.mcu.externaltools.gnu-tools-for-stm32.10.3-2021.10.win32_1.0.0.202111181127/tools/bin/../lib/gcc/arm-none-eabi/10.3.1/../../../../arm-none-eabi/lib/thumb/v7e-m+fp/hard/crt0.o
LOAD ./Core/Src/fonts.o
LOAD ./Core/Src/main.o
LOAD ./Core/Src/ssd1306.o
LOAD ./Core/Src/stm32g4xx_hal_msp.o
LOAD ./Core/Src/stm32g4xx_it.o
LOAD ./Core/Src/syscalls.o
LOAD ./Core/Src/sysmem.o
LOAD ./Core/Src/system_stm32g4xx.o
LOAD ./Core/Startup/startup_stm32g431k6tx.o
LOAD ./Drivers/STM32G4xx_HAL_Driver/Src/stm32g4xx_hal.o
LOAD ./Drivers/STM32G4xx_HAL_Driver/Src/stm32g4xx_hal_adc.o
LOAD ./Drivers/STM32G4xx_HAL_Driver/Src/stm32g4xx_hal_adc_ex.o
LOAD ./Drivers/STM32G4xx_HAL_Driver/Src/stm32g4xx_hal_cortex.o
LOAD ./Drivers/STM32G4xx_HAL_Driver/Src/stm32g4xx_hal_dac.o
LOAD ./Drivers/STM32G4xx_HAL_Driver/Src/stm32g4xx_hal_dac_ex.o
LOAD ./Drivers/STM32G4xx_HAL_Driver/Src/stm32g4xx_hal_dma.o
LOAD ./Drivers/STM32G4xx_HAL_Driver/Src/stm32g4xx_hal_dma_ex.o
LOAD ./Drivers/STM32G4xx_HAL_Driver/Src/stm32g4xx_hal_exti.o
LOAD ./Drivers/STM32G4xx_HAL_Driver/Src/stm32g4xx_hal_flash.o
LOAD ./Drivers/STM32G4xx_HAL_Driver/Src/stm32g4xx_hal_flash_ex.o
LOAD ./Drivers/STM32G4xx_HAL_Driver/Src/stm32g4xx_hal_flash_ramfunc.o
LOAD ./Drivers/STM32G4xx_HAL_Driver/Src/stm32g4xx_hal_gpio.o
LOAD ./Drivers/STM32G4xx_HAL_Driver/Src/stm32g4xx_hal_i2c.o
LOAD ./Drivers/STM32G4xx_HAL_Driver/Src/stm32g4xx_hal_i2c_ex.o
LOAD ./Drivers/STM32G4xx_HAL_Driver/Src/stm32g4xx_hal_pwr.o
LOAD ./Drivers/STM32G4xx_HAL_Driver/Src/stm32g4xx_hal_pwr_ex.o
LOAD ./Drivers/STM32G4xx_HAL_Driver/Src/stm32g4xx_hal_rcc.o
LOAD ./Drivers/STM32G4xx_HAL_Driver/Src/stm32g4xx_hal_rcc_ex.o
LOAD ./Drivers/STM32G4xx_HAL_Driver/Src/stm32g4xx_hal_tim.o
LOAD ./Drivers/STM32G4xx_HAL_Driver/Src/stm32g4xx_hal_tim_ex.o
LOAD ./Drivers/STM32G4xx_HAL_Driver/Src/stm32g4xx_ll_adc.o
START GROUP
LOAD d:/programy/stm32cubeide_1.10.1/stm32cubeide/plugins/com.st.stm32cube.ide.mcu.externaltools.gnu-tools-for-stm32.10.3-2021.10.win32_1.0.0.202111181127/tools/bin/../lib/gcc/arm-none-eabi/10.3.1/../../../../arm-none-eabi/lib/thumb/v7e-m+fp/hard\libc_nano.a
LOAD d:/programy/stm32cubeide_1.10.1/stm32cubeide/plugins/com.st.stm32cube.ide.mcu.externaltools.gnu-tools-for-stm32.10.3-2021.10.win32_1.0.0.202111181127/tools/bin/../lib/gcc/arm-none-eabi/10.3.1/../../../../arm-none-eabi/lib/thumb/v7e-m+fp/hard\libm.a
END GROUP
START GROUP
LOAD d:/programy/stm32cubeide_1.10.1/stm32cubeide/plugins/com.st.stm32cube.ide.mcu.externaltools.gnu-tools-for-stm32.10.3-2021.10.win32_1.0.0.202111181127/tools/bin/../lib/gcc/arm-none-eabi/10.3.1/thumb/v7e-m+fp/hard\libgcc.a
LOAD d:/programy/stm32cubeide_1.10.1/stm32cubeide/plugins/com.st.stm32cube.ide.mcu.externaltools.gnu-tools-for-stm32.10.3-2021.10.win32_1.0.0.202111181127/tools/bin/../lib/gcc/arm-none-eabi/10.3.1/../../../../arm-none-eabi/lib/thumb/v7e-m+fp/hard\libc_nano.a
END GROUP
START GROUP
LOAD d:/programy/stm32cubeide_1.10.1/stm32cubeide/plugins/com.st.stm32cube.ide.mcu.externaltools.gnu-tools-for-stm32.10.3-2021.10.win32_1.0.0.202111181127/tools/bin/../lib/gcc/arm-none-eabi/10.3.1/thumb/v7e-m+fp/hard\libgcc.a
LOAD d:/programy/stm32cubeide_1.10.1/stm32cubeide/plugins/com.st.stm32cube.ide.mcu.externaltools.gnu-tools-for-stm32.10.3-2021.10.win32_1.0.0.202111181127/tools/bin/../lib/gcc/arm-none-eabi/10.3.1/../../../../arm-none-eabi/lib/thumb/v7e-m+fp/hard\libc_nano.a
LOAD d:/programy/stm32cubeide_1.10.1/stm32cubeide/plugins/com.st.stm32cube.ide.mcu.externaltools.gnu-tools-for-stm32.10.3-2021.10.win32_1.0.0.202111181127/tools/bin/../lib/gcc/arm-none-eabi/10.3.1/../../../../arm-none-eabi/lib/thumb/v7e-m+fp/hard\libnosys.a
END GROUP
START GROUP
LOAD d:/programy/stm32cubeide_1.10.1/stm32cubeide/plugins/com.st.stm32cube.ide.mcu.externaltools.gnu-tools-for-stm32.10.3-2021.10.win32_1.0.0.202111181127/tools/bin/../lib/gcc/arm-none-eabi/10.3.1/thumb/v7e-m+fp/hard\libgcc.a
LOAD d:/programy/stm32cubeide_1.10.1/stm32cubeide/plugins/com.st.stm32cube.ide.mcu.externaltools.gnu-tools-for-stm32.10.3-2021.10.win32_1.0.0.202111181127/tools/bin/../lib/gcc/arm-none-eabi/10.3.1/../../../../arm-none-eabi/lib/thumb/v7e-m+fp/hard\libc_nano.a
LOAD d:/programy/stm32cubeide_1.10.1/stm32cubeide/plugins/com.st.stm32cube.ide.mcu.externaltools.gnu-tools-for-stm32.10.3-2021.10.win32_1.0.0.202111181127/tools/bin/../lib/gcc/arm-none-eabi/10.3.1/../../../../arm-none-eabi/lib/thumb/v7e-m+fp/hard\libnosys.a
END GROUP
LOAD d:/programy/stm32cubeide_1.10.1/stm32cubeide/plugins/com.st.stm32cube.ide.mcu.externaltools.gnu-tools-for-stm32.10.3-2021.10.win32_1.0.0.202111181127/tools/bin/../lib/gcc/arm-none-eabi/10.3.1/thumb/v7e-m+fp/hard/crtend.o
LOAD d:/programy/stm32cubeide_1.10.1/stm32cubeide/plugins/com.st.stm32cube.ide.mcu.externaltools.gnu-tools-for-stm32.10.3-2021.10.win32_1.0.0.202111181127/tools/bin/../lib/gcc/arm-none-eabi/10.3.1/thumb/v7e-m+fp/hard/crtn.o
                0x0000000020008000                _estack = (ORIGIN (RAM) + LENGTH (RAM))
                0x0000000000000200                _Min_Heap_Size = 0x200
                0x0000000000000400                _Min_Stack_Size = 0x400

.isr_vector     0x0000000008000000      0x1d8
                0x0000000008000000                . = ALIGN (0x4)
 *(.isr_vector)
 .isr_vector    0x0000000008000000      0x1d8 ./Core/Startup/startup_stm32g431k6tx.o
                0x0000000008000000                g_pfnVectors
                0x00000000080001d8                . = ALIGN (0x4)

.text           0x00000000080001e0     0x6d1c
                0x00000000080001e0                . = ALIGN (0x4)
 *(.text)
 .text          0x00000000080001e0       0x40 d:/programy/stm32cubeide_1.10.1/stm32cubeide/plugins/com.st.stm32cube.ide.mcu.externaltools.gnu-tools-for-stm32.10.3-2021.10.win32_1.0.0.202111181127/tools/bin/../lib/gcc/arm-none-eabi/10.3.1/thumb/v7e-m+fp/hard/crtbegin.o
 .text          0x0000000008000220       0xa0 d:/programy/stm32cubeide_1.10.1/stm32cubeide/plugins/com.st.stm32cube.ide.mcu.externaltools.gnu-tools-for-stm32.10.3-2021.10.win32_1.0.0.202111181127/tools/bin/../lib/gcc/arm-none-eabi/10.3.1/../../../../arm-none-eabi/lib/thumb/v7e-m+fp/hard\libc_nano.a(lib_a-memchr.o)
                0x0000000008000220                memchr
 *(.text*)
 .text.oled.3   0x00000000080002c0      0x154 ./Core/Src/main.o
 .text.main     0x0000000008000414       0xf4 ./Core/Src/main.o
                0x0000000008000414                main
 .text.rangeSelection.0
                0x0000000008000508      0x158 ./Core/Src/main.o
 .text.getDCOffset.1
                0x0000000008000660       0x90 ./Core/Src/main.o
 .text.getRMSValue.2
                0x00000000080006f0      0x128 ./Core/Src/main.o
 .text.SystemClock_Config
                0x0000000008000818       0x7c ./Core/Src/main.o
                0x0000000008000818                SystemClock_Config
 .text.MX_ADC1_Init
                0x0000000008000894       0xf0 ./Core/Src/main.o
 .text.MX_ADC2_Init
                0x0000000008000984       0xcc ./Core/Src/main.o
 .text.MX_DAC1_Init
                0x0000000008000a50       0x74 ./Core/Src/main.o
 .text.MX_I2C1_Init
                0x0000000008000ac4       0x80 ./Core/Src/main.o
 .text.MX_TIM2_Init
                0x0000000008000b44       0x98 ./Core/Src/main.o
 .text.MX_TIM3_Init
                0x0000000008000bdc       0x9c ./Core/Src/main.o
 .text.MX_TIM4_Init
                0x0000000008000c78       0x9c ./Core/Src/main.o
 .text.MX_DMA_Init
                0x0000000008000d14       0x54 ./Core/Src/main.o
 .text.MX_GPIO_Init
                0x0000000008000d68       0xc8 ./Core/Src/main.o
 .text.HAL_TIM_PeriodElapsedCallback
                0x0000000008000e30       0x20 ./Core/Src/main.o
                0x0000000008000e30                HAL_TIM_PeriodElapsedCallback
 .text.Error_Handler
                0x0000000008000e50        0xa ./Core/Src/main.o
                0x0000000008000e50                Error_Handler
 *fill*         0x0000000008000e5a        0x2 
 .text.SSD1306_Init
                0x0000000008000e5c      0x188 ./Core/Src/ssd1306.o
                0x0000000008000e5c                SSD1306_Init
 .text.SSD1306_UpdateScreen
                0x0000000008000fe4       0x5c ./Core/Src/ssd1306.o
                0x0000000008000fe4                SSD1306_UpdateScreen
 .text.SSD1306_Fill
                0x0000000008001040       0x30 ./Core/Src/ssd1306.o
                0x0000000008001040                SSD1306_Fill
 .text.SSD1306_DrawPixel
                0x0000000008001070       0xc0 ./Core/Src/ssd1306.o
                0x0000000008001070                SSD1306_DrawPixel
 .text.SSD1306_GotoXY
                0x0000000008001130       0x2c ./Core/Src/ssd1306.o
                0x0000000008001130                SSD1306_GotoXY
 .text.SSD1306_Putc
                0x000000000800115c      0x100 ./Core/Src/ssd1306.o
                0x000000000800115c                SSD1306_Putc
 .text.SSD1306_Puts
                0x000000000800125c       0x4a ./Core/Src/ssd1306.o
                0x000000000800125c                SSD1306_Puts
 .text.SSD1306_Clear
                0x00000000080012a6       0x12 ./Core/Src/ssd1306.o
                0x00000000080012a6                SSD1306_Clear
 .text.ssd1306_I2C_Init
                0x00000000080012b8       0x2c ./Core/Src/ssd1306.o
                0x00000000080012b8                ssd1306_I2C_Init
 .text.ssd1306_I2C_WriteMulti
                0x00000000080012e4       0xcc ./Core/Src/ssd1306.o
                0x00000000080012e4                ssd1306_I2C_WriteMulti
 .text.ssd1306_I2C_Write
                0x00000000080013b0       0x3c ./Core/Src/ssd1306.o
                0x00000000080013b0                ssd1306_I2C_Write
 .text.HAL_MspInit
                0x00000000080013ec       0x48 ./Core/Src/stm32g4xx_hal_msp.o
                0x00000000080013ec                HAL_MspInit
 .text.HAL_ADC_MspInit
                0x0000000008001434      0x148 ./Core/Src/stm32g4xx_hal_msp.o
                0x0000000008001434                HAL_ADC_MspInit
 .text.HAL_DAC_MspInit
                0x000000000800157c       0xdc ./Core/Src/stm32g4xx_hal_msp.o
                0x000000000800157c                HAL_DAC_MspInit
 .text.HAL_I2C_MspInit
                0x0000000008001658       0xec ./Core/Src/stm32g4xx_hal_msp.o
                0x0000000008001658                HAL_I2C_MspInit
 .text.HAL_TIM_Base_MspInit
                0x0000000008001744       0x98 ./Core/Src/stm32g4xx_hal_msp.o
                0x0000000008001744                HAL_TIM_Base_MspInit
 .text.NMI_Handler
                0x00000000080017dc        0x6 ./Core/Src/stm32g4xx_it.o
                0x00000000080017dc                NMI_Handler
 .text.HardFault_Handler
                0x00000000080017e2        0x6 ./Core/Src/stm32g4xx_it.o
                0x00000000080017e2                HardFault_Handler
 .text.MemManage_Handler
                0x00000000080017e8        0x6 ./Core/Src/stm32g4xx_it.o
                0x00000000080017e8                MemManage_Handler
 .text.BusFault_Handler
                0x00000000080017ee        0x6 ./Core/Src/stm32g4xx_it.o
                0x00000000080017ee                BusFault_Handler
 .text.UsageFault_Handler
                0x00000000080017f4        0x6 ./Core/Src/stm32g4xx_it.o
                0x00000000080017f4                UsageFault_Handler
 .text.SVC_Handler
                0x00000000080017fa        0xe ./Core/Src/stm32g4xx_it.o
                0x00000000080017fa                SVC_Handler
 .text.DebugMon_Handler
                0x0000000008001808        0xe ./Core/Src/stm32g4xx_it.o
                0x0000000008001808                DebugMon_Handler
 .text.PendSV_Handler
                0x0000000008001816        0xe ./Core/Src/stm32g4xx_it.o
                0x0000000008001816                PendSV_Handler
 .text.SysTick_Handler
                0x0000000008001824        0xc ./Core/Src/stm32g4xx_it.o
                0x0000000008001824                SysTick_Handler
 .text.DMA1_Channel2_IRQHandler
                0x0000000008001830       0x14 ./Core/Src/stm32g4xx_it.o
                0x0000000008001830                DMA1_Channel2_IRQHandler
 .text.TIM3_IRQHandler
                0x0000000008001844       0x14 ./Core/Src/stm32g4xx_it.o
                0x0000000008001844                TIM3_IRQHandler
 .text._sbrk    0x0000000008001858       0x6c ./Core/Src/sysmem.o
                0x0000000008001858                _sbrk
 .text.SystemInit
                0x00000000080018c4       0x24 ./Core/Src/system_stm32g4xx.o
                0x00000000080018c4                SystemInit
 .text.Reset_Handler
                0x00000000080018e8       0x50 ./Core/Startup/startup_stm32g431k6tx.o
                0x00000000080018e8                Reset_Handler
 .text.Default_Handler
                0x0000000008001938        0x2 ./Core/Startup/startup_stm32g431k6tx.o
                0x0000000008001938                RTC_Alarm_IRQHandler
                0x0000000008001938                EXTI2_IRQHandler
                0x0000000008001938                TIM8_TRG_COM_IRQHandler
                0x0000000008001938                TIM8_CC_IRQHandler
                0x0000000008001938                TIM1_CC_IRQHandler
                0x0000000008001938                USB_HP_IRQHandler
                0x0000000008001938                CORDIC_IRQHandler
                0x0000000008001938                EXTI3_IRQHandler
                0x0000000008001938                I2C3_ER_IRQHandler
                0x0000000008001938                EXTI0_IRQHandler
                0x0000000008001938                I2C2_EV_IRQHandler
                0x0000000008001938                FPU_IRQHandler
                0x0000000008001938                FDCAN1_IT1_IRQHandler
                0x0000000008001938                TIM1_UP_TIM16_IRQHandler
                0x0000000008001938                ADC1_2_IRQHandler
                0x0000000008001938                SPI1_IRQHandler
                0x0000000008001938                TIM6_DAC_IRQHandler
                0x0000000008001938                TIM8_UP_IRQHandler
                0x0000000008001938                DMA2_Channel2_IRQHandler
                0x0000000008001938                DMA1_Channel4_IRQHandler
                0x0000000008001938                USART3_IRQHandler
                0x0000000008001938                TIM4_IRQHandler
                0x0000000008001938                DMA2_Channel1_IRQHandler
                0x0000000008001938                I2C1_EV_IRQHandler
                0x0000000008001938                DMA1_Channel6_IRQHandler
                0x0000000008001938                UART4_IRQHandler
                0x0000000008001938                DMA2_Channel4_IRQHandler
                0x0000000008001938                RCC_IRQHandler
                0x0000000008001938                DMA1_Channel1_IRQHandler
                0x0000000008001938                Default_Handler
                0x0000000008001938                RTC_TAMP_LSECSS_IRQHandler
                0x0000000008001938                FMAC_IRQHandler
                0x0000000008001938                EXTI15_10_IRQHandler
                0x0000000008001938                TIM7_IRQHandler
                0x0000000008001938                UCPD1_IRQHandler
                0x0000000008001938                I2C3_EV_IRQHandler
                0x0000000008001938                EXTI9_5_IRQHandler
                0x0000000008001938                RTC_WKUP_IRQHandler
                0x0000000008001938                PVD_PVM_IRQHandler
                0x0000000008001938                SPI2_IRQHandler
                0x0000000008001938                DMA2_Channel5_IRQHandler
                0x0000000008001938                CRS_IRQHandler
                0x0000000008001938                DMA1_Channel5_IRQHandler
                0x0000000008001938                USB_LP_IRQHandler
                0x0000000008001938                EXTI4_IRQHandler
                0x0000000008001938                RNG_IRQHandler
                0x0000000008001938                TIM1_TRG_COM_TIM17_IRQHandler
                0x0000000008001938                DMA1_Channel3_IRQHandler
                0x0000000008001938                WWDG_IRQHandler
                0x0000000008001938                LPUART1_IRQHandler
                0x0000000008001938                DMA2_Channel6_IRQHandler
                0x0000000008001938                FDCAN1_IT0_IRQHandler
                0x0000000008001938                TIM2_IRQHandler
                0x0000000008001938                COMP1_2_3_IRQHandler
                0x0000000008001938                EXTI1_IRQHandler
                0x0000000008001938                USART2_IRQHandler
                0x0000000008001938                I2C2_ER_IRQHandler
                0x0000000008001938                TIM8_BRK_IRQHandler
                0x0000000008001938                FLASH_IRQHandler
                0x0000000008001938                USART1_IRQHandler
                0x0000000008001938                SPI3_IRQHandler
                0x0000000008001938                I2C1_ER_IRQHandler
                0x0000000008001938                LPTIM1_IRQHandler
                0x0000000008001938                DMAMUX_OVR_IRQHandler
                0x0000000008001938                USBWakeUp_IRQHandler
                0x0000000008001938                SAI1_IRQHandler
                0x0000000008001938                DMA2_Channel3_IRQHandler
                0x0000000008001938                COMP4_IRQHandler
                0x0000000008001938                TIM1_BRK_TIM15_IRQHandler
 .text.HAL_Init
                0x000000000800193a       0x30 ./Drivers/STM32G4xx_HAL_Driver/Src/stm32g4xx_hal.o
                0x000000000800193a                HAL_Init
 *fill*         0x000000000800196a        0x2 
 .text.HAL_InitTick
                0x000000000800196c       0x74 ./Drivers/STM32G4xx_HAL_Driver/Src/stm32g4xx_hal.o
                0x000000000800196c                HAL_InitTick
 .text.HAL_IncTick
                0x00000000080019e0       0x24 ./Drivers/STM32G4xx_HAL_Driver/Src/stm32g4xx_hal.o
                0x00000000080019e0                HAL_IncTick
 .text.HAL_GetTick
                0x0000000008001a04       0x18 ./Drivers/STM32G4xx_HAL_Driver/Src/stm32g4xx_hal.o
                0x0000000008001a04                HAL_GetTick
 .text.HAL_Delay
                0x0000000008001a1c       0x44 ./Drivers/STM32G4xx_HAL_Driver/Src/stm32g4xx_hal.o
                0x0000000008001a1c                HAL_Delay
 .text.LL_ADC_SetCommonClock
                0x0000000008001a60       0x26 ./Drivers/STM32G4xx_HAL_Driver/Src/stm32g4xx_hal_adc.o
 .text.LL_ADC_SetCommonPathInternalCh
                0x0000000008001a86       0x26 ./Drivers/STM32G4xx_HAL_Driver/Src/stm32g4xx_hal_adc.o
 .text.LL_ADC_GetCommonPathInternalCh
                0x0000000008001aac       0x1c ./Drivers/STM32G4xx_HAL_Driver/Src/stm32g4xx_hal_adc.o
 .text.LL_ADC_SetOffset
                0x0000000008001ac8       0x48 ./Drivers/STM32G4xx_HAL_Driver/Src/stm32g4xx_hal_adc.o
 .text.LL_ADC_GetOffsetChannel
                0x0000000008001b10       0x2c ./Drivers/STM32G4xx_HAL_Driver/Src/stm32g4xx_hal_adc.o
 .text.LL_ADC_SetOffsetState
                0x0000000008001b3c       0x36 ./Drivers/STM32G4xx_HAL_Driver/Src/stm32g4xx_hal_adc.o
 .text.LL_ADC_SetOffsetSign
                0x0000000008001b72       0x36 ./Drivers/STM32G4xx_HAL_Driver/Src/stm32g4xx_hal_adc.o
 .text.LL_ADC_SetOffsetSaturation
                0x0000000008001ba8       0x36 ./Drivers/STM32G4xx_HAL_Driver/Src/stm32g4xx_hal_adc.o
 .text.LL_ADC_SetSamplingTimeCommonConfig
                0x0000000008001bde       0x26 ./Drivers/STM32G4xx_HAL_Driver/Src/stm32g4xx_hal_adc.o
 .text.LL_ADC_REG_SetSequencerRanks
                0x0000000008001c04       0x58 ./Drivers/STM32G4xx_HAL_Driver/Src/stm32g4xx_hal_adc.o
 .text.LL_ADC_SetChannelSamplingTime
                0x0000000008001c5c       0x56 ./Drivers/STM32G4xx_HAL_Driver/Src/stm32g4xx_hal_adc.o
 *fill*         0x0000000008001cb2        0x2 
 .text.LL_ADC_SetChannelSingleDiff
                0x0000000008001cb4       0x50 ./Drivers/STM32G4xx_HAL_Driver/Src/stm32g4xx_hal_adc.o
 .text.LL_ADC_GetMultimode
                0x0000000008001d04       0x1c ./Drivers/STM32G4xx_HAL_Driver/Src/stm32g4xx_hal_adc.o
 .text.LL_ADC_DisableDeepPowerDown
                0x0000000008001d20       0x24 ./Drivers/STM32G4xx_HAL_Driver/Src/stm32g4xx_hal_adc.o
 .text.LL_ADC_IsDeepPowerDownEnabled
                0x0000000008001d44       0x28 ./Drivers/STM32G4xx_HAL_Driver/Src/stm32g4xx_hal_adc.o
 .text.LL_ADC_EnableInternalRegulator
                0x0000000008001d6c       0x28 ./Drivers/STM32G4xx_HAL_Driver/Src/stm32g4xx_hal_adc.o
 .text.LL_ADC_IsInternalRegulatorEnabled
                0x0000000008001d94       0x28 ./Drivers/STM32G4xx_HAL_Driver/Src/stm32g4xx_hal_adc.o
 .text.LL_ADC_Enable
                0x0000000008001dbc       0x28 ./Drivers/STM32G4xx_HAL_Driver/Src/stm32g4xx_hal_adc.o
 .text.LL_ADC_Disable
                0x0000000008001de4       0x28 ./Drivers/STM32G4xx_HAL_Driver/Src/stm32g4xx_hal_adc.o
 .text.LL_ADC_IsEnabled
                0x0000000008001e0c       0x26 ./Drivers/STM32G4xx_HAL_Driver/Src/stm32g4xx_hal_adc.o
 .text.LL_ADC_IsDisableOngoing
                0x0000000008001e32       0x26 ./Drivers/STM32G4xx_HAL_Driver/Src/stm32g4xx_hal_adc.o
 .text.LL_ADC_REG_StartConversion
                0x0000000008001e58       0x28 ./Drivers/STM32G4xx_HAL_Driver/Src/stm32g4xx_hal_adc.o
 .text.LL_ADC_REG_IsConversionOngoing
                0x0000000008001e80       0x26 ./Drivers/STM32G4xx_HAL_Driver/Src/stm32g4xx_hal_adc.o
 .text.LL_ADC_INJ_IsConversionOngoing
                0x0000000008001ea6       0x26 ./Drivers/STM32G4xx_HAL_Driver/Src/stm32g4xx_hal_adc.o
 .text.HAL_ADC_Init
                0x0000000008001ecc      0x314 ./Drivers/STM32G4xx_HAL_Driver/Src/stm32g4xx_hal_adc.o
                0x0000000008001ecc                HAL_ADC_Init
 .text.HAL_ADC_Start
                0x00000000080021e0      0x178 ./Drivers/STM32G4xx_HAL_Driver/Src/stm32g4xx_hal_adc.o
                0x00000000080021e0                HAL_ADC_Start
 .text.HAL_ADC_GetValue
                0x0000000008002358       0x1a ./Drivers/STM32G4xx_HAL_Driver/Src/stm32g4xx_hal_adc.o
                0x0000000008002358                HAL_ADC_GetValue
 *fill*         0x0000000008002372        0x2 
 .text.HAL_ADC_ConfigChannel
                0x0000000008002374      0x7e0 ./Drivers/STM32G4xx_HAL_Driver/Src/stm32g4xx_hal_adc.o
                0x0000000008002374                HAL_ADC_ConfigChannel
 .text.ADC_Enable
                0x0000000008002b54       0xc4 ./Drivers/STM32G4xx_HAL_Driver/Src/stm32g4xx_hal_adc.o
                0x0000000008002b54                ADC_Enable
 .text.ADC_Disable
                0x0000000008002c18       0xbe ./Drivers/STM32G4xx_HAL_Driver/Src/stm32g4xx_hal_adc.o
                0x0000000008002c18                ADC_Disable
 .text.LL_ADC_IsEnabled
                0x0000000008002cd6       0x26 ./Drivers/STM32G4xx_HAL_Driver/Src/stm32g4xx_hal_adc_ex.o
 .text.LL_ADC_StartCalibration
                0x0000000008002cfc       0x32 ./Drivers/STM32G4xx_HAL_Driver/Src/stm32g4xx_hal_adc_ex.o
 .text.LL_ADC_IsCalibrationOnGoing
                0x0000000008002d2e       0x28 ./Drivers/STM32G4xx_HAL_Driver/Src/stm32g4xx_hal_adc_ex.o
 .text.LL_ADC_REG_IsConversionOngoing
                0x0000000008002d56       0x26 ./Drivers/STM32G4xx_HAL_Driver/Src/stm32g4xx_hal_adc_ex.o
 .text.HAL_ADCEx_Calibration_Start
                0x0000000008002d7c       0xc4 ./Drivers/STM32G4xx_HAL_Driver/Src/stm32g4xx_hal_adc_ex.o
                0x0000000008002d7c                HAL_ADCEx_Calibration_Start
 .text.HAL_ADCEx_MultiModeConfigChannel
                0x0000000008002e40      0x148 ./Drivers/STM32G4xx_HAL_Driver/Src/stm32g4xx_hal_adc_ex.o
                0x0000000008002e40                HAL_ADCEx_MultiModeConfigChannel
 .text.__NVIC_SetPriorityGrouping
                0x0000000008002f88       0x48 ./Drivers/STM32G4xx_HAL_Driver/Src/stm32g4xx_hal_cortex.o
 .text.__NVIC_GetPriorityGrouping
                0x0000000008002fd0       0x1c ./Drivers/STM32G4xx_HAL_Driver/Src/stm32g4xx_hal_cortex.o
 .text.__NVIC_EnableIRQ
                0x0000000008002fec       0x3c ./Drivers/STM32G4xx_HAL_Driver/Src/stm32g4xx_hal_cortex.o
 .text.__NVIC_SetPriority
                0x0000000008003028       0x54 ./Drivers/STM32G4xx_HAL_Driver/Src/stm32g4xx_hal_cortex.o
 .text.NVIC_EncodePriority
                0x000000000800307c       0x66 ./Drivers/STM32G4xx_HAL_Driver/Src/stm32g4xx_hal_cortex.o
 *fill*         0x00000000080030e2        0x2 
 .text.SysTick_Config
                0x00000000080030e4       0x44 ./Drivers/STM32G4xx_HAL_Driver/Src/stm32g4xx_hal_cortex.o
 .text.HAL_NVIC_SetPriorityGrouping
                0x0000000008003128       0x16 ./Drivers/STM32G4xx_HAL_Driver/Src/stm32g4xx_hal_cortex.o
                0x0000000008003128                HAL_NVIC_SetPriorityGrouping
 .text.HAL_NVIC_SetPriority
                0x000000000800313e       0x34 ./Drivers/STM32G4xx_HAL_Driver/Src/stm32g4xx_hal_cortex.o
                0x000000000800313e                HAL_NVIC_SetPriority
 .text.HAL_NVIC_EnableIRQ
                0x0000000008003172       0x1c ./Drivers/STM32G4xx_HAL_Driver/Src/stm32g4xx_hal_cortex.o
                0x0000000008003172                HAL_NVIC_EnableIRQ
 .text.HAL_SYSTICK_Config
                0x000000000800318e       0x18 ./Drivers/STM32G4xx_HAL_Driver/Src/stm32g4xx_hal_cortex.o
                0x000000000800318e                HAL_SYSTICK_Config
 .text.HAL_DAC_Init
                0x00000000080031a6       0x44 ./Drivers/STM32G4xx_HAL_Driver/Src/stm32g4xx_hal_dac.o
                0x00000000080031a6                HAL_DAC_Init
 *fill*         0x00000000080031ea        0x2 
 .text.HAL_DAC_Start_DMA
                0x00000000080031ec      0x19c ./Drivers/STM32G4xx_HAL_Driver/Src/stm32g4xx_hal_dac.o
                0x00000000080031ec                HAL_DAC_Start_DMA
 .text.HAL_DAC_ConvCpltCallbackCh1
                0x0000000008003388       0x14 ./Drivers/STM32G4xx_HAL_Driver/Src/stm32g4xx_hal_dac.o
                0x0000000008003388                HAL_DAC_ConvCpltCallbackCh1
 .text.HAL_DAC_ConvHalfCpltCallbackCh1
                0x000000000800339c       0x14 ./Drivers/STM32G4xx_HAL_Driver/Src/stm32g4xx_hal_dac.o
                0x000000000800339c                HAL_DAC_ConvHalfCpltCallbackCh1
 .text.HAL_DAC_ErrorCallbackCh1
                0x00000000080033b0       0x14 ./Drivers/STM32G4xx_HAL_Driver/Src/stm32g4xx_hal_dac.o
                0x00000000080033b0                HAL_DAC_ErrorCallbackCh1
 .text.HAL_DAC_ConfigChannel
                0x00000000080033c4      0x350 ./Drivers/STM32G4xx_HAL_Driver/Src/stm32g4xx_hal_dac.o
                0x00000000080033c4                HAL_DAC_ConfigChannel
 .text.DAC_DMAConvCpltCh1
                0x0000000008003714       0x22 ./Drivers/STM32G4xx_HAL_Driver/Src/stm32g4xx_hal_dac.o
                0x0000000008003714                DAC_DMAConvCpltCh1
 .text.DAC_DMAHalfConvCpltCh1
                0x0000000008003736       0x1c ./Drivers/STM32G4xx_HAL_Driver/Src/stm32g4xx_hal_dac.o
                0x0000000008003736                DAC_DMAHalfConvCpltCh1
 .text.DAC_DMAErrorCh1
                0x0000000008003752       0x2e ./Drivers/STM32G4xx_HAL_Driver/Src/stm32g4xx_hal_dac.o
                0x0000000008003752                DAC_DMAErrorCh1
 .text.HAL_DACEx_ConvCpltCallbackCh2
                0x0000000008003780       0x14 ./Drivers/STM32G4xx_HAL_Driver/Src/stm32g4xx_hal_dac_ex.o
                0x0000000008003780                HAL_DACEx_ConvCpltCallbackCh2
 .text.HAL_DACEx_ConvHalfCpltCallbackCh2
                0x0000000008003794       0x14 ./Drivers/STM32G4xx_HAL_Driver/Src/stm32g4xx_hal_dac_ex.o
                0x0000000008003794                HAL_DACEx_ConvHalfCpltCallbackCh2
 .text.HAL_DACEx_ErrorCallbackCh2
                0x00000000080037a8       0x14 ./Drivers/STM32G4xx_HAL_Driver/Src/stm32g4xx_hal_dac_ex.o
                0x00000000080037a8                HAL_DACEx_ErrorCallbackCh2
 .text.DAC_DMAConvCpltCh2
                0x00000000080037bc       0x22 ./Drivers/STM32G4xx_HAL_Driver/Src/stm32g4xx_hal_dac_ex.o
                0x00000000080037bc                DAC_DMAConvCpltCh2
 .text.DAC_DMAHalfConvCpltCh2
                0x00000000080037de       0x1c ./Drivers/STM32G4xx_HAL_Driver/Src/stm32g4xx_hal_dac_ex.o
                0x00000000080037de                DAC_DMAHalfConvCpltCh2
 .text.DAC_DMAErrorCh2
                0x00000000080037fa       0x2e ./Drivers/STM32G4xx_HAL_Driver/Src/stm32g4xx_hal_dac_ex.o
                0x00000000080037fa                DAC_DMAErrorCh2
 .text.HAL_DMA_Init
                0x0000000008003828      0x150 ./Drivers/STM32G4xx_HAL_Driver/Src/stm32g4xx_hal_dma.o
                0x0000000008003828                HAL_DMA_Init
 .text.HAL_DMA_Start_IT
                0x0000000008003978       0xf6 ./Drivers/STM32G4xx_HAL_Driver/Src/stm32g4xx_hal_dma.o
                0x0000000008003978                HAL_DMA_Start_IT
 .text.HAL_DMA_IRQHandler
                0x0000000008003a6e      0x15e ./Drivers/STM32G4xx_HAL_Driver/Src/stm32g4xx_hal_dma.o
                0x0000000008003a6e                HAL_DMA_IRQHandler
 .text.DMA_SetConfig
                0x0000000008003bcc       0x7c ./Drivers/STM32G4xx_HAL_Driver/Src/stm32g4xx_hal_dma.o
 .text.DMA_CalcDMAMUXChannelBaseAndMask
                0x0000000008003c48       0x7c ./Drivers/STM32G4xx_HAL_Driver/Src/stm32g4xx_hal_dma.o
 .text.DMA_CalcDMAMUXRequestGenBaseAndMask
                0x0000000008003cc4       0x48 ./Drivers/STM32G4xx_HAL_Driver/Src/stm32g4xx_hal_dma.o
 .text.HAL_GPIO_Init
                0x0000000008003d0c      0x304 ./Drivers/STM32G4xx_HAL_Driver/Src/stm32g4xx_hal_gpio.o
                0x0000000008003d0c                HAL_GPIO_Init
 .text.HAL_GPIO_ReadPin
                0x0000000008004010       0x30 ./Drivers/STM32G4xx_HAL_Driver/Src/stm32g4xx_hal_gpio.o
                0x0000000008004010                HAL_GPIO_ReadPin
 .text.HAL_GPIO_WritePin
                0x0000000008004040       0x30 ./Drivers/STM32G4xx_HAL_Driver/Src/stm32g4xx_hal_gpio.o
                0x0000000008004040                HAL_GPIO_WritePin
 .text.HAL_I2C_Init
                0x0000000008004070      0x11e ./Drivers/STM32G4xx_HAL_Driver/Src/stm32g4xx_hal_i2c.o
                0x0000000008004070                HAL_I2C_Init
 *fill*         0x000000000800418e        0x2 
 .text.HAL_I2C_Master_Transmit
                0x0000000008004190      0x1e8 ./Drivers/STM32G4xx_HAL_Driver/Src/stm32g4xx_hal_i2c.o
                0x0000000008004190                HAL_I2C_Master_Transmit
 .text.HAL_I2C_IsDeviceReady
                0x0000000008004378      0x20e ./Drivers/STM32G4xx_HAL_Driver/Src/stm32g4xx_hal_i2c.o
                0x0000000008004378                HAL_I2C_IsDeviceReady
 .text.I2C_Flush_TXDR
                0x0000000008004586       0x48 ./Drivers/STM32G4xx_HAL_Driver/Src/stm32g4xx_hal_i2c.o
 .text.I2C_WaitOnFlagUntilTimeout
                0x00000000080045ce       0x80 ./Drivers/STM32G4xx_HAL_Driver/Src/stm32g4xx_hal_i2c.o
 .text.I2C_WaitOnTXISFlagUntilTimeout
                0x000000000800464e       0x80 ./Drivers/STM32G4xx_HAL_Driver/Src/stm32g4xx_hal_i2c.o
 .text.I2C_WaitOnSTOPFlagUntilTimeout
                0x00000000080046ce       0x78 ./Drivers/STM32G4xx_HAL_Driver/Src/stm32g4xx_hal_i2c.o
 *fill*         0x0000000008004746        0x2 
 .text.I2C_IsErrorOccurred
                0x0000000008004748      0x1d8 ./Drivers/STM32G4xx_HAL_Driver/Src/stm32g4xx_hal_i2c.o
 .text.I2C_TransferConfig
                0x0000000008004920       0x64 ./Drivers/STM32G4xx_HAL_Driver/Src/stm32g4xx_hal_i2c.o
 .text.HAL_I2CEx_ConfigAnalogFilter
                0x0000000008004984       0x96 ./Drivers/STM32G4xx_HAL_Driver/Src/stm32g4xx_hal_i2c_ex.o
                0x0000000008004984                HAL_I2CEx_ConfigAnalogFilter
 .text.HAL_I2CEx_ConfigDigitalFilter
                0x0000000008004a1a       0x98 ./Drivers/STM32G4xx_HAL_Driver/Src/stm32g4xx_hal_i2c_ex.o
                0x0000000008004a1a                HAL_I2CEx_ConfigDigitalFilter
 *fill*         0x0000000008004ab2        0x2 
 .text.HAL_PWREx_ControlVoltageScaling
                0x0000000008004ab4      0x148 ./Drivers/STM32G4xx_HAL_Driver/Src/stm32g4xx_hal_pwr_ex.o
                0x0000000008004ab4                HAL_PWREx_ControlVoltageScaling
 .text.HAL_RCC_OscConfig
                0x0000000008004bfc      0x630 ./Drivers/STM32G4xx_HAL_Driver/Src/stm32g4xx_hal_rcc.o
                0x0000000008004bfc                HAL_RCC_OscConfig
 .text.HAL_RCC_ClockConfig
                0x000000000800522c      0x278 ./Drivers/STM32G4xx_HAL_Driver/Src/stm32g4xx_hal_rcc.o
                0x000000000800522c                HAL_RCC_ClockConfig
 .text.HAL_RCC_GetSysClockFreq
                0x00000000080054a4       0xc4 ./Drivers/STM32G4xx_HAL_Driver/Src/stm32g4xx_hal_rcc.o
                0x00000000080054a4                HAL_RCC_GetSysClockFreq
 .text.HAL_RCC_GetHCLKFreq
                0x0000000008005568       0x18 ./Drivers/STM32G4xx_HAL_Driver/Src/stm32g4xx_hal_rcc.o
                0x0000000008005568                HAL_RCC_GetHCLKFreq
 .text.RCC_GetSysClockFreqFromPLLSource
                0x0000000008005580       0x8c ./Drivers/STM32G4xx_HAL_Driver/Src/stm32g4xx_hal_rcc.o
 .text.HAL_RCCEx_PeriphCLKConfig
                0x000000000800560c      0x3e0 ./Drivers/STM32G4xx_HAL_Driver/Src/stm32g4xx_hal_rcc_ex.o
                0x000000000800560c                HAL_RCCEx_PeriphCLKConfig
 .text.HAL_TIM_Base_Init
                0x00000000080059ec       0xae ./Drivers/STM32G4xx_HAL_Driver/Src/stm32g4xx_hal_tim.o
                0x00000000080059ec                HAL_TIM_Base_Init
 *fill*         0x0000000008005a9a        0x2 
 .text.HAL_TIM_Base_Start
                0x0000000008005a9c       0xc4 ./Drivers/STM32G4xx_HAL_Driver/Src/stm32g4xx_hal_tim.o
                0x0000000008005a9c                HAL_TIM_Base_Start
 .text.HAL_TIM_Base_Start_IT
                0x0000000008005b60       0xd4 ./Drivers/STM32G4xx_HAL_Driver/Src/stm32g4xx_hal_tim.o
                0x0000000008005b60                HAL_TIM_Base_Start_IT
 .text.HAL_TIM_IRQHandler
                0x0000000008005c34      0x2fe ./Drivers/STM32G4xx_HAL_Driver/Src/stm32g4xx_hal_tim.o
                0x0000000008005c34                HAL_TIM_IRQHandler
 *fill*         0x0000000008005f32        0x2 
 .text.HAL_TIM_ConfigClockSource
                0x0000000008005f34      0x1f4 ./Drivers/STM32G4xx_HAL_Driver/Src/stm32g4xx_hal_tim.o
                0x0000000008005f34                HAL_TIM_ConfigClockSource
 .text.HAL_TIM_OC_DelayElapsedCallback
                0x0000000008006128       0x14 ./Drivers/STM32G4xx_HAL_Driver/Src/stm32g4xx_hal_tim.o
                0x0000000008006128                HAL_TIM_OC_DelayElapsedCallback
 .text.HAL_TIM_IC_CaptureCallback
                0x000000000800613c       0x14 ./Drivers/STM32G4xx_HAL_Driver/Src/stm32g4xx_hal_tim.o
                0x000000000800613c                HAL_TIM_IC_CaptureCallback
 .text.HAL_TIM_PWM_PulseFinishedCallback
                0x0000000008006150       0x14 ./Drivers/STM32G4xx_HAL_Driver/Src/stm32g4xx_hal_tim.o
                0x0000000008006150                HAL_TIM_PWM_PulseFinishedCallback
 .text.HAL_TIM_TriggerCallback
                0x0000000008006164       0x14 ./Drivers/STM32G4xx_HAL_Driver/Src/stm32g4xx_hal_tim.o
                0x0000000008006164                HAL_TIM_TriggerCallback
 .text.TIM_Base_SetConfig
                0x0000000008006178      0x120 ./Drivers/STM32G4xx_HAL_Driver/Src/stm32g4xx_hal_tim.o
                0x0000000008006178                TIM_Base_SetConfig
 .text.TIM_TI1_ConfigInputStage
                0x0000000008006298       0x5e ./Drivers/STM32G4xx_HAL_Driver/Src/stm32g4xx_hal_tim.o
 .text.TIM_TI2_ConfigInputStage
                0x00000000080062f6       0x60 ./Drivers/STM32G4xx_HAL_Driver/Src/stm32g4xx_hal_tim.o
 .text.TIM_ITRx_SetConfig
                0x0000000008006356       0x3a ./Drivers/STM32G4xx_HAL_Driver/Src/stm32g4xx_hal_tim.o
 .text.TIM_ETR_SetConfig
                0x0000000008006390       0x40 ./Drivers/STM32G4xx_HAL_Driver/Src/stm32g4xx_hal_tim.o
                0x0000000008006390                TIM_ETR_SetConfig
 .text.HAL_TIMEx_MasterConfigSynchronization
                0x00000000080063d0      0x104 ./Drivers/STM32G4xx_HAL_Driver/Src/stm32g4xx_hal_tim_ex.o
                0x00000000080063d0                HAL_TIMEx_MasterConfigSynchronization
 .text.HAL_TIMEx_CommutCallback
                0x00000000080064d4       0x14 ./Drivers/STM32G4xx_HAL_Driver/Src/stm32g4xx_hal_tim_ex.o
                0x00000000080064d4                HAL_TIMEx_CommutCallback
 .text.HAL_TIMEx_BreakCallback
                0x00000000080064e8       0x14 ./Drivers/STM32G4xx_HAL_Driver/Src/stm32g4xx_hal_tim_ex.o
                0x00000000080064e8                HAL_TIMEx_BreakCallback
 .text.HAL_TIMEx_Break2Callback
                0x00000000080064fc       0x14 ./Drivers/STM32G4xx_HAL_Driver/Src/stm32g4xx_hal_tim_ex.o
                0x00000000080064fc                HAL_TIMEx_Break2Callback
 .text.HAL_TIMEx_EncoderIndexCallback
                0x0000000008006510       0x14 ./Drivers/STM32G4xx_HAL_Driver/Src/stm32g4xx_hal_tim_ex.o
                0x0000000008006510                HAL_TIMEx_EncoderIndexCallback
 .text.HAL_TIMEx_DirectionChangeCallback
                0x0000000008006524       0x14 ./Drivers/STM32G4xx_HAL_Driver/Src/stm32g4xx_hal_tim_ex.o
                0x0000000008006524                HAL_TIMEx_DirectionChangeCallback
 .text.HAL_TIMEx_IndexErrorCallback
                0x0000000008006538       0x14 ./Drivers/STM32G4xx_HAL_Driver/Src/stm32g4xx_hal_tim_ex.o
                0x0000000008006538                HAL_TIMEx_IndexErrorCallback
 .text.HAL_TIMEx_TransitionErrorCallback
                0x000000000800654c       0x14 ./Drivers/STM32G4xx_HAL_Driver/Src/stm32g4xx_hal_tim_ex.o
                0x000000000800654c                HAL_TIMEx_TransitionErrorCallback
 .text.__errno  0x0000000008006560        0xc d:/programy/stm32cubeide_1.10.1/stm32cubeide/plugins/com.st.stm32cube.ide.mcu.externaltools.gnu-tools-for-stm32.10.3-2021.10.win32_1.0.0.202111181127/tools/bin/../lib/gcc/arm-none-eabi/10.3.1/../../../../arm-none-eabi/lib/thumb/v7e-m+fp/hard\libc_nano.a(lib_a-errno.o)
                0x0000000008006560                __errno
 .text.__libc_init_array
                0x000000000800656c       0x48 d:/programy/stm32cubeide_1.10.1/stm32cubeide/plugins/com.st.stm32cube.ide.mcu.externaltools.gnu-tools-for-stm32.10.3-2021.10.win32_1.0.0.202111181127/tools/bin/../lib/gcc/arm-none-eabi/10.3.1/../../../../arm-none-eabi/lib/thumb/v7e-m+fp/hard\libc_nano.a(lib_a-init.o)
                0x000000000800656c                __libc_init_array
 .text.memset   0x00000000080065b4       0x10 d:/programy/stm32cubeide_1.10.1/stm32cubeide/plugins/com.st.stm32cube.ide.mcu.externaltools.gnu-tools-for-stm32.10.3-2021.10.win32_1.0.0.202111181127/tools/bin/../lib/gcc/arm-none-eabi/10.3.1/../../../../arm-none-eabi/lib/thumb/v7e-m+fp/hard\libc_nano.a(lib_a-memset.o)
                0x00000000080065b4                memset
 .text.sprintf  0x00000000080065c4       0x40 d:/programy/stm32cubeide_1.10.1/stm32cubeide/plugins/com.st.stm32cube.ide.mcu.externaltools.gnu-tools-for-stm32.10.3-2021.10.win32_1.0.0.202111181127/tools/bin/../lib/gcc/arm-none-eabi/10.3.1/../../../../arm-none-eabi/lib/thumb/v7e-m+fp/hard\libc_nano.a(lib_a-sprintf.o)
                0x00000000080065c4                siprintf
                0x00000000080065c4                sprintf
 .text.__ssputs_r
                0x0000000008006604       0xb6 d:/programy/stm32cubeide_1.10.1/stm32cubeide/plugins/com.st.stm32cube.ide.mcu.externaltools.gnu-tools-for-stm32.10.3-2021.10.win32_1.0.0.202111181127/tools/bin/../lib/gcc/arm-none-eabi/10.3.1/../../../../arm-none-eabi/lib/thumb/v7e-m+fp/hard\libc_nano.a(lib_a-nano-svfprintf.o)
                0x0000000008006604                __ssputs_r
 *fill*         0x00000000080066ba        0x2 
 .text._svfprintf_r
                0x00000000080066bc      0x200 d:/programy/stm32cubeide_1.10.1/stm32cubeide/plugins/com.st.stm32cube.ide.mcu.externaltools.gnu-tools-for-stm32.10.3-2021.10.win32_1.0.0.202111181127/tools/bin/../lib/gcc/arm-none-eabi/10.3.1/../../../../arm-none-eabi/lib/thumb/v7e-m+fp/hard\libc_nano.a(lib_a-nano-svfprintf.o)
                0x00000000080066bc                _svfiprintf_r
                0x00000000080066bc                _svfprintf_r
 .text._printf_common
                0x00000000080068bc       0xda d:/programy/stm32cubeide_1.10.1/stm32cubeide/plugins/com.st.stm32cube.ide.mcu.externaltools.gnu-tools-for-stm32.10.3-2021.10.win32_1.0.0.202111181127/tools/bin/../lib/gcc/arm-none-eabi/10.3.1/../../../../arm-none-eabi/lib/thumb/v7e-m+fp/hard\libc_nano.a(lib_a-nano-vfprintf_i.o)
                0x00000000080068bc                _printf_common
 *fill*         0x0000000008006996        0x2 
 .text._printf_i
                0x0000000008006998      0x24c d:/programy/stm32cubeide_1.10.1/stm32cubeide/plugins/com.st.stm32cube.ide.mcu.externaltools.gnu-tools-for-stm32.10.3-2021.10.win32_1.0.0.202111181127/tools/bin/../lib/gcc/arm-none-eabi/10.3.1/../../../../arm-none-eabi/lib/thumb/v7e-m+fp/hard\libc_nano.a(lib_a-nano-vfprintf_i.o)
                0x0000000008006998                _printf_i
 .text.memcpy   0x0000000008006be4       0x1c d:/programy/stm32cubeide_1.10.1/stm32cubeide/plugins/com.st.stm32cube.ide.mcu.externaltools.gnu-tools-for-stm32.10.3-2021.10.win32_1.0.0.202111181127/tools/bin/../lib/gcc/arm-none-eabi/10.3.1/../../../../arm-none-eabi/lib/thumb/v7e-m+fp/hard\libc_nano.a(lib_a-memcpy-stub.o)
                0x0000000008006be4                memcpy
 .text.memmove  0x0000000008006c00       0x34 d:/programy/stm32cubeide_1.10.1/stm32cubeide/plugins/com.st.stm32cube.ide.mcu.externaltools.gnu-tools-for-stm32.10.3-2021.10.win32_1.0.0.202111181127/tools/bin/../lib/gcc/arm-none-eabi/10.3.1/../../../../arm-none-eabi/lib/thumb/v7e-m+fp/hard\libc_nano.a(lib_a-memmove.o)
                0x0000000008006c00                memmove
 .text._free_r  0x0000000008006c34       0x98 d:/programy/stm32cubeide_1.10.1/stm32cubeide/plugins/com.st.stm32cube.ide.mcu.externaltools.gnu-tools-for-stm32.10.3-2021.10.win32_1.0.0.202111181127/tools/bin/../lib/gcc/arm-none-eabi/10.3.1/../../../../arm-none-eabi/lib/thumb/v7e-m+fp/hard\libc_nano.a(lib_a-nano-freer.o)
                0x0000000008006c34                _free_r
 .text.sbrk_aligned
                0x0000000008006ccc       0x40 d:/programy/stm32cubeide_1.10.1/stm32cubeide/plugins/com.st.stm32cube.ide.mcu.externaltools.gnu-tools-for-stm32.10.3-2021.10.win32_1.0.0.202111181127/tools/bin/../lib/gcc/arm-none-eabi/10.3.1/../../../../arm-none-eabi/lib/thumb/v7e-m+fp/hard\libc_nano.a(lib_a-nano-mallocr.o)
 .text._malloc_r
                0x0000000008006d0c       0xe8 d:/programy/stm32cubeide_1.10.1/stm32cubeide/plugins/com.st.stm32cube.ide.mcu.externaltools.gnu-tools-for-stm32.10.3-2021.10.win32_1.0.0.202111181127/tools/bin/../lib/gcc/arm-none-eabi/10.3.1/../../../../arm-none-eabi/lib/thumb/v7e-m+fp/hard\libc_nano.a(lib_a-nano-mallocr.o)
                0x0000000008006d0c                _malloc_r
 .text._realloc_r
                0x0000000008006df4       0x5e d:/programy/stm32cubeide_1.10.1/stm32cubeide/plugins/com.st.stm32cube.ide.mcu.externaltools.gnu-tools-for-stm32.10.3-2021.10.win32_1.0.0.202111181127/tools/bin/../lib/gcc/arm-none-eabi/10.3.1/../../../../arm-none-eabi/lib/thumb/v7e-m+fp/hard\libc_nano.a(lib_a-nano-reallocr.o)
                0x0000000008006df4                _realloc_r
 *fill*         0x0000000008006e52        0x2 
 .text._sbrk_r  0x0000000008006e54       0x20 d:/programy/stm32cubeide_1.10.1/stm32cubeide/plugins/com.st.stm32cube.ide.mcu.externaltools.gnu-tools-for-stm32.10.3-2021.10.win32_1.0.0.202111181127/tools/bin/../lib/gcc/arm-none-eabi/10.3.1/../../../../arm-none-eabi/lib/thumb/v7e-m+fp/hard\libc_nano.a(lib_a-sbrkr.o)
                0x0000000008006e54                _sbrk_r
 .text.__malloc_lock
                0x0000000008006e74        0xc d:/programy/stm32cubeide_1.10.1/stm32cubeide/plugins/com.st.stm32cube.ide.mcu.externaltools.gnu-tools-for-stm32.10.3-2021.10.win32_1.0.0.202111181127/tools/bin/../lib/gcc/arm-none-eabi/10.3.1/../../../../arm-none-eabi/lib/thumb/v7e-m+fp/hard\libc_nano.a(lib_a-mlock.o)
                0x0000000008006e74                __malloc_lock
 .text.__malloc_unlock
                0x0000000008006e80        0xc d:/programy/stm32cubeide_1.10.1/stm32cubeide/plugins/com.st.stm32cube.ide.mcu.externaltools.gnu-tools-for-stm32.10.3-2021.10.win32_1.0.0.202111181127/tools/bin/../lib/gcc/arm-none-eabi/10.3.1/../../../../arm-none-eabi/lib/thumb/v7e-m+fp/hard\libc_nano.a(lib_a-mlock.o)
                0x0000000008006e80                __malloc_unlock
 .text._malloc_usable_size_r
                0x0000000008006e8c       0x10 d:/programy/stm32cubeide_1.10.1/stm32cubeide/plugins/com.st.stm32cube.ide.mcu.externaltools.gnu-tools-for-stm32.10.3-2021.10.win32_1.0.0.202111181127/tools/bin/../lib/gcc/arm-none-eabi/10.3.1/../../../../arm-none-eabi/lib/thumb/v7e-m+fp/hard\libc_nano.a(lib_a-nano-msizer.o)
                0x0000000008006e8c                _malloc_usable_size_r
 .text.__retarget_lock_acquire_recursive
                0x0000000008006e9c        0x2 d:/programy/stm32cubeide_1.10.1/stm32cubeide/plugins/com.st.stm32cube.ide.mcu.externaltools.gnu-tools-for-stm32.10.3-2021.10.win32_1.0.0.202111181127/tools/bin/../lib/gcc/arm-none-eabi/10.3.1/../../../../arm-none-eabi/lib/thumb/v7e-m+fp/hard\libc_nano.a(lib_a-lock.o)
                0x0000000008006e9c                __retarget_lock_acquire_recursive
 .text.__retarget_lock_release_recursive
                0x0000000008006e9e        0x2 d:/programy/stm32cubeide_1.10.1/stm32cubeide/plugins/com.st.stm32cube.ide.mcu.externaltools.gnu-tools-for-stm32.10.3-2021.10.win32_1.0.0.202111181127/tools/bin/../lib/gcc/arm-none-eabi/10.3.1/../../../../arm-none-eabi/lib/thumb/v7e-m+fp/hard\libc_nano.a(lib_a-lock.o)
                0x0000000008006e9e                __retarget_lock_release_recursive
 .text.sqrtf    0x0000000008006ea0       0x3c d:/programy/stm32cubeide_1.10.1/stm32cubeide/plugins/com.st.stm32cube.ide.mcu.externaltools.gnu-tools-for-stm32.10.3-2021.10.win32_1.0.0.202111181127/tools/bin/../lib/gcc/arm-none-eabi/10.3.1/../../../../arm-none-eabi/lib/thumb/v7e-m+fp/hard\libm.a(lib_a-wf_sqrt.o)
                0x0000000008006ea0                sqrtf
 .text.__ieee754_sqrtf
                0x0000000008006edc        0x6 d:/programy/stm32cubeide_1.10.1/stm32cubeide/plugins/com.st.stm32cube.ide.mcu.externaltools.gnu-tools-for-stm32.10.3-2021.10.win32_1.0.0.202111181127/tools/bin/../lib/gcc/arm-none-eabi/10.3.1/../../../../arm-none-eabi/lib/thumb/v7e-m+fp/hard\libm.a(lib_a-ef_sqrt.o)
                0x0000000008006edc                __ieee754_sqrtf
 *(.glue_7)
 .glue_7        0x0000000008006ee2        0x0 linker stubs
 *(.glue_7t)
 .glue_7t       0x0000000008006ee2        0x0 linker stubs
 *(.eh_frame)
 *fill*         0x0000000008006ee2        0x2 
 .eh_frame      0x0000000008006ee4        0x0 d:/programy/stm32cubeide_1.10.1/stm32cubeide/plugins/com.st.stm32cube.ide.mcu.externaltools.gnu-tools-for-stm32.10.3-2021.10.win32_1.0.0.202111181127/tools/bin/../lib/gcc/arm-none-eabi/10.3.1/thumb/v7e-m+fp/hard/crtbegin.o
 *(.init)
 .init          0x0000000008006ee4        0x4 d:/programy/stm32cubeide_1.10.1/stm32cubeide/plugins/com.st.stm32cube.ide.mcu.externaltools.gnu-tools-for-stm32.10.3-2021.10.win32_1.0.0.202111181127/tools/bin/../lib/gcc/arm-none-eabi/10.3.1/thumb/v7e-m+fp/hard/crti.o
                0x0000000008006ee4                _init
 .init          0x0000000008006ee8        0x8 d:/programy/stm32cubeide_1.10.1/stm32cubeide/plugins/com.st.stm32cube.ide.mcu.externaltools.gnu-tools-for-stm32.10.3-2021.10.win32_1.0.0.202111181127/tools/bin/../lib/gcc/arm-none-eabi/10.3.1/thumb/v7e-m+fp/hard/crtn.o
 *(.fini)
 .fini          0x0000000008006ef0        0x4 d:/programy/stm32cubeide_1.10.1/stm32cubeide/plugins/com.st.stm32cube.ide.mcu.externaltools.gnu-tools-for-stm32.10.3-2021.10.win32_1.0.0.202111181127/tools/bin/../lib/gcc/arm-none-eabi/10.3.1/thumb/v7e-m+fp/hard/crti.o
                0x0000000008006ef0                _fini
 .fini          0x0000000008006ef4        0x8 d:/programy/stm32cubeide_1.10.1/stm32cubeide/plugins/com.st.stm32cube.ide.mcu.externaltools.gnu-tools-for-stm32.10.3-2021.10.win32_1.0.0.202111181127/tools/bin/../lib/gcc/arm-none-eabi/10.3.1/thumb/v7e-m+fp/hard/crtn.o
                0x0000000008006efc                . = ALIGN (0x4)
                0x0000000008006efc                _etext = .

.vfp11_veneer   0x0000000008006efc        0x0
 .vfp11_veneer  0x0000000008006efc        0x0 linker stubs

.v4_bx          0x0000000008006efc        0x0
 .v4_bx         0x0000000008006efc        0x0 linker stubs

.iplt           0x0000000008006efc        0x0
 .iplt          0x0000000008006efc        0x0 d:/programy/stm32cubeide_1.10.1/stm32cubeide/plugins/com.st.stm32cube.ide.mcu.externaltools.gnu-tools-for-stm32.10.3-2021.10.win32_1.0.0.202111181127/tools/bin/../lib/gcc/arm-none-eabi/10.3.1/thumb/v7e-m+fp/hard/crtbegin.o

.rodata         0x0000000008006efc      0xde0
                0x0000000008006efc                . = ALIGN (0x4)
 *(.rodata)
 .rodata        0x0000000008006efc       0x3f ./Core/Src/main.o
 *(.rodata*)
 *fill*         0x0000000008006f3b        0x1 
 .rodata.Font11x18
                0x0000000008006f3c      0xd5c ./Core/Src/fonts.o
                0x0000000008006f3c                Font11x18
 .rodata.AHBPrescTable
                0x0000000008007c98       0x10 ./Core/Src/system_stm32g4xx.o
                0x0000000008007c98                AHBPrescTable
 .rodata._svfprintf_r.str1.1
                0x0000000008007ca8       0x11 d:/programy/stm32cubeide_1.10.1/stm32cubeide/plugins/com.st.stm32cube.ide.mcu.externaltools.gnu-tools-for-stm32.10.3-2021.10.win32_1.0.0.202111181127/tools/bin/../lib/gcc/arm-none-eabi/10.3.1/../../../../arm-none-eabi/lib/thumb/v7e-m+fp/hard\libc_nano.a(lib_a-nano-svfprintf.o)
 .rodata._printf_i.str1.1
                0x0000000008007cb9       0x22 d:/programy/stm32cubeide_1.10.1/stm32cubeide/plugins/com.st.stm32cube.ide.mcu.externaltools.gnu-tools-for-stm32.10.3-2021.10.win32_1.0.0.202111181127/tools/bin/../lib/gcc/arm-none-eabi/10.3.1/../../../../arm-none-eabi/lib/thumb/v7e-m+fp/hard\libc_nano.a(lib_a-nano-vfprintf_i.o)
                0x0000000008007cdc                . = ALIGN (0x4)
 *fill*         0x0000000008007cdb        0x1 

.rel.dyn        0x0000000008007cdc        0x0
 .rel.iplt      0x0000000008007cdc        0x0 d:/programy/stm32cubeide_1.10.1/stm32cubeide/plugins/com.st.stm32cube.ide.mcu.externaltools.gnu-tools-for-stm32.10.3-2021.10.win32_1.0.0.202111181127/tools/bin/../lib/gcc/arm-none-eabi/10.3.1/thumb/v7e-m+fp/hard/crtbegin.o

.ARM.extab      0x0000000008007cdc        0x0
                0x0000000008007cdc                . = ALIGN (0x4)
 *(.ARM.extab* .gnu.linkonce.armextab.*)
                0x0000000008007cdc                . = ALIGN (0x4)

.ARM            0x0000000008007cdc        0x0
                0x0000000008007cdc                . = ALIGN (0x4)
                0x0000000008007cdc                __exidx_start = .
 *(.ARM.exidx*)
                0x0000000008007cdc                __exidx_end = .
                0x0000000008007cdc                . = ALIGN (0x4)

.preinit_array  0x0000000008007cdc        0x0
                0x0000000008007cdc                . = ALIGN (0x4)
                0x0000000008007cdc                PROVIDE (__preinit_array_start = .)
 *(.preinit_array*)
                0x0000000008007cdc                PROVIDE (__preinit_array_end = .)
                0x0000000008007cdc                . = ALIGN (0x4)

.init_array     0x0000000008007cdc        0x4
                0x0000000008007cdc                . = ALIGN (0x4)
                0x0000000008007cdc                PROVIDE (__init_array_start = .)
 *(SORT_BY_NAME(.init_array.*))
 *(.init_array*)
 .init_array    0x0000000008007cdc        0x4 d:/programy/stm32cubeide_1.10.1/stm32cubeide/plugins/com.st.stm32cube.ide.mcu.externaltools.gnu-tools-for-stm32.10.3-2021.10.win32_1.0.0.202111181127/tools/bin/../lib/gcc/arm-none-eabi/10.3.1/thumb/v7e-m+fp/hard/crtbegin.o
                0x0000000008007ce0                PROVIDE (__init_array_end = .)
                0x0000000008007ce0                . = ALIGN (0x4)

.fini_array     0x0000000008007ce0        0x4
                0x0000000008007ce0                . = ALIGN (0x4)
                [!provide]                        PROVIDE (__fini_array_start = .)
 *(SORT_BY_NAME(.fini_array.*))
 *(.fini_array*)
 .fini_array    0x0000000008007ce0        0x4 d:/programy/stm32cubeide_1.10.1/stm32cubeide/plugins/com.st.stm32cube.ide.mcu.externaltools.gnu-tools-for-stm32.10.3-2021.10.win32_1.0.0.202111181127/tools/bin/../lib/gcc/arm-none-eabi/10.3.1/thumb/v7e-m+fp/hard/crtbegin.o
                [!provide]                        PROVIDE (__fini_array_end = .)
                0x0000000008007ce4                . = ALIGN (0x4)
                0x0000000008007ce4                _sidata = LOADADDR (.data)

.data           0x0000000020000000      0x284 load address 0x0000000008007ce4
                0x0000000020000000                . = ALIGN (0x4)
                0x0000000020000000                _sdata = .
 *(.data)
 *(.data*)
 .data.Font_11x18
                0x0000000020000000        0x8 ./Core/Src/fonts.o
                0x0000000020000000                Font_11x18
 .data.Wave_LUT
                0x0000000020000008      0x200 ./Core/Src/main.o
                0x0000000020000008                Wave_LUT
 .data.fSine    0x0000000020000208        0x4 ./Core/Src/main.o
                0x0000000020000208                fSine
 .data.Rn       0x000000002000020c        0x4 ./Core/Src/main.o
                0x000000002000020c                Rn
 .data.R        0x0000000020000210        0x4 ./Core/Src/main.o
                0x0000000020000210                R
 .data.SystemCoreClock
                0x0000000020000214        0x4 ./Core/Src/system_stm32g4xx.o
                0x0000000020000214                SystemCoreClock
 .data.uwTickPrio
                0x0000000020000218        0x4 ./Drivers/STM32G4xx_HAL_Driver/Src/stm32g4xx_hal.o
                0x0000000020000218                uwTickPrio
 .data.uwTickFreq
                0x000000002000021c        0x4 ./Drivers/STM32G4xx_HAL_Driver/Src/stm32g4xx_hal.o
                0x000000002000021c                uwTickFreq
 .data._impure_ptr
                0x0000000020000220        0x4 d:/programy/stm32cubeide_1.10.1/stm32cubeide/plugins/com.st.stm32cube.ide.mcu.externaltools.gnu-tools-for-stm32.10.3-2021.10.win32_1.0.0.202111181127/tools/bin/../lib/gcc/arm-none-eabi/10.3.1/../../../../arm-none-eabi/lib/thumb/v7e-m+fp/hard\libc_nano.a(lib_a-impure.o)
                0x0000000020000220                _impure_ptr
 .data.impure_data
                0x0000000020000224       0x60 d:/programy/stm32cubeide_1.10.1/stm32cubeide/plugins/com.st.stm32cube.ide.mcu.externaltools.gnu-tools-for-stm32.10.3-2021.10.win32_1.0.0.202111181127/tools/bin/../lib/gcc/arm-none-eabi/10.3.1/../../../../arm-none-eabi/lib/thumb/v7e-m+fp/hard\libc_nano.a(lib_a-impure.o)
 *(.RamFunc)
 *(.RamFunc*)
                0x0000000020000284                . = ALIGN (0x4)
                0x0000000020000284                _edata = .

.igot.plt       0x0000000020000284        0x0 load address 0x0000000008007f68
 .igot.plt      0x0000000020000284        0x0 d:/programy/stm32cubeide_1.10.1/stm32cubeide/plugins/com.st.stm32cube.ide.mcu.externaltools.gnu-tools-for-stm32.10.3-2021.10.win32_1.0.0.202111181127/tools/bin/../lib/gcc/arm-none-eabi/10.3.1/thumb/v7e-m+fp/hard/crtbegin.o
                0x0000000020000284                . = ALIGN (0x4)

.bss            0x0000000020000284      0x6e4 load address 0x0000000008007f68
                0x0000000020000284                _sbss = .
                0x0000000020000284                __bss_start__ = _sbss
 *(.bss)
 .bss           0x0000000020000284       0x1c d:/programy/stm32cubeide_1.10.1/stm32cubeide/plugins/com.st.stm32cube.ide.mcu.externaltools.gnu-tools-for-stm32.10.3-2021.10.win32_1.0.0.202111181127/tools/bin/../lib/gcc/arm-none-eabi/10.3.1/thumb/v7e-m+fp/hard/crtbegin.o
 *(.bss*)
 .bss.hadc1     0x00000000200002a0       0x6c ./Core/Src/main.o
                0x00000000200002a0                hadc1
 .bss.hadc2     0x000000002000030c       0x6c ./Core/Src/main.o
                0x000000002000030c                hadc2
 .bss.hdac1     0x0000000020000378       0x14 ./Core/Src/main.o
                0x0000000020000378                hdac1
 .bss.hdma_dac1_ch2
                0x000000002000038c       0x60 ./Core/Src/main.o
                0x000000002000038c                hdma_dac1_ch2
 .bss.hi2c1     0x00000000200003ec       0x4c ./Core/Src/main.o
                0x00000000200003ec                hi2c1
 .bss.htim2     0x0000000020000438       0x4c ./Core/Src/main.o
                0x0000000020000438                htim2
 .bss.htim3     0x0000000020000484       0x4c ./Core/Src/main.o
                0x0000000020000484                htim3
 .bss.htim4     0x00000000200004d0       0x4c ./Core/Src/main.o
                0x00000000200004d0                htim4
 .bss.X         0x000000002000051c        0x4 ./Core/Src/main.o
                0x000000002000051c                X
 .bss.V1        0x0000000020000520        0x4 ./Core/Src/main.o
                0x0000000020000520                V1
 .bss.V2        0x0000000020000524        0x4 ./Core/Src/main.o
                0x0000000020000524                V2
 .bss.V1_avg    0x0000000020000528        0x4 ./Core/Src/main.o
                0x0000000020000528                V1_avg
 .bss.V1_sum    0x000000002000052c        0x4 ./Core/Src/main.o
                0x000000002000052c                V1_sum
 .bss.V2_sum    0x0000000020000530        0x4 ./Core/Src/main.o
                0x0000000020000530                V2_sum
 .bss.V1_rms    0x0000000020000534        0x4 ./Core/Src/main.o
                0x0000000020000534                V1_rms
 .bss.V2_rms    0x0000000020000538        0x4 ./Core/Src/main.o
                0x0000000020000538                V2_rms
 .bss.samples   0x000000002000053c        0x4 ./Core/Src/main.o
                0x000000002000053c                samples
 .bss.flag      0x0000000020000540        0x4 ./Core/Src/main.o
                0x0000000020000540                flag
 .bss.SSD1306_Buffer
                0x0000000020000544      0x400 ./Core/Src/ssd1306.o
 .bss.SSD1306   0x0000000020000944        0x6 ./Core/Src/ssd1306.o
 *fill*         0x000000002000094a        0x2 
 .bss.HAL_RCC_ADC12_CLK_ENABLED
                0x000000002000094c        0x4 ./Core/Src/stm32g4xx_hal_msp.o
 .bss.__sbrk_heap_end
                0x0000000020000950        0x4 ./Core/Src/sysmem.o
 .bss.uwTick    0x0000000020000954        0x4 ./Drivers/STM32G4xx_HAL_Driver/Src/stm32g4xx_hal.o
                0x0000000020000954                uwTick
 .bss.__malloc_free_list
                0x0000000020000958        0x4 d:/programy/stm32cubeide_1.10.1/stm32cubeide/plugins/com.st.stm32cube.ide.mcu.externaltools.gnu-tools-for-stm32.10.3-2021.10.win32_1.0.0.202111181127/tools/bin/../lib/gcc/arm-none-eabi/10.3.1/../../../../arm-none-eabi/lib/thumb/v7e-m+fp/hard\libc_nano.a(lib_a-nano-mallocr.o)
                0x0000000020000958                __malloc_free_list
 .bss.__malloc_sbrk_start
                0x000000002000095c        0x4 d:/programy/stm32cubeide_1.10.1/stm32cubeide/plugins/com.st.stm32cube.ide.mcu.externaltools.gnu-tools-for-stm32.10.3-2021.10.win32_1.0.0.202111181127/tools/bin/../lib/gcc/arm-none-eabi/10.3.1/../../../../arm-none-eabi/lib/thumb/v7e-m+fp/hard\libc_nano.a(lib_a-nano-mallocr.o)
                0x000000002000095c                __malloc_sbrk_start
 .bss.errno     0x0000000020000960        0x4 d:/programy/stm32cubeide_1.10.1/stm32cubeide/plugins/com.st.stm32cube.ide.mcu.externaltools.gnu-tools-for-stm32.10.3-2021.10.win32_1.0.0.202111181127/tools/bin/../lib/gcc/arm-none-eabi/10.3.1/../../../../arm-none-eabi/lib/thumb/v7e-m+fp/hard\libc_nano.a(lib_a-reent.o)
                0x0000000020000960                errno
 .bss.__lock___malloc_recursive_mutex
                0x0000000020000964        0x1 d:/programy/stm32cubeide_1.10.1/stm32cubeide/plugins/com.st.stm32cube.ide.mcu.externaltools.gnu-tools-for-stm32.10.3-2021.10.win32_1.0.0.202111181127/tools/bin/../lib/gcc/arm-none-eabi/10.3.1/../../../../arm-none-eabi/lib/thumb/v7e-m+fp/hard\libc_nano.a(lib_a-lock.o)
                0x0000000020000964                __lock___malloc_recursive_mutex
 *(COMMON)
                0x0000000020000968                . = ALIGN (0x4)
 *fill*         0x0000000020000965        0x3 
                0x0000000020000968                _ebss = .
                0x0000000020000968                __bss_end__ = _ebss

._user_heap_stack
                0x0000000020000968      0x600 load address 0x0000000008007f68
                0x0000000020000968                . = ALIGN (0x8)
                [!provide]                        PROVIDE (end = .)
                0x0000000020000968                PROVIDE (_end = .)
                0x0000000020000b68                . = (. + _Min_Heap_Size)
 *fill*         0x0000000020000968      0x200 
                0x0000000020000f68                . = (. + _Min_Stack_Size)
 *fill*         0x0000000020000b68      0x400 
                0x0000000020000f68                . = ALIGN (0x8)

/DISCARD/
 libc.a(*)
 libm.a(*)
 libgcc.a(*)

.ARM.attributes
                0x0000000000000000       0x30
 *(.ARM.attributes)
 .ARM.attributes
                0x0000000000000000       0x1e d:/programy/stm32cubeide_1.10.1/stm32cubeide/plugins/com.st.stm32cube.ide.mcu.externaltools.gnu-tools-for-stm32.10.3-2021.10.win32_1.0.0.202111181127/tools/bin/../lib/gcc/arm-none-eabi/10.3.1/thumb/v7e-m+fp/hard/crti.o
 .ARM.attributes
                0x000000000000001e       0x34 d:/programy/stm32cubeide_1.10.1/stm32cubeide/plugins/com.st.stm32cube.ide.mcu.externaltools.gnu-tools-for-stm32.10.3-2021.10.win32_1.0.0.202111181127/tools/bin/../lib/gcc/arm-none-eabi/10.3.1/thumb/v7e-m+fp/hard/crtbegin.o
 .ARM.attributes
                0x0000000000000052       0x34 ./Core/Src/fonts.o
 .ARM.attributes
                0x0000000000000086       0x34 ./Core/Src/main.o
 .ARM.attributes
                0x00000000000000ba       0x34 ./Core/Src/ssd1306.o
 .ARM.attributes
                0x00000000000000ee       0x34 ./Core/Src/stm32g4xx_hal_msp.o
 .ARM.attributes
                0x0000000000000122       0x34 ./Core/Src/stm32g4xx_it.o
 .ARM.attributes
                0x0000000000000156       0x34 ./Core/Src/sysmem.o
 .ARM.attributes
                0x000000000000018a       0x34 ./Core/Src/system_stm32g4xx.o
 .ARM.attributes
                0x00000000000001be       0x21 ./Core/Startup/startup_stm32g431k6tx.o
 .ARM.attributes
                0x00000000000001df       0x34 ./Drivers/STM32G4xx_HAL_Driver/Src/stm32g4xx_hal.o
 .ARM.attributes
                0x0000000000000213       0x34 ./Drivers/STM32G4xx_HAL_Driver/Src/stm32g4xx_hal_adc.o
 .ARM.attributes
                0x0000000000000247       0x34 ./Drivers/STM32G4xx_HAL_Driver/Src/stm32g4xx_hal_adc_ex.o
 .ARM.attributes
                0x000000000000027b       0x34 ./Drivers/STM32G4xx_HAL_Driver/Src/stm32g4xx_hal_cortex.o
 .ARM.attributes
                0x00000000000002af       0x34 ./Drivers/STM32G4xx_HAL_Driver/Src/stm32g4xx_hal_dac.o
 .ARM.attributes
                0x00000000000002e3       0x34 ./Drivers/STM32G4xx_HAL_Driver/Src/stm32g4xx_hal_dac_ex.o
 .ARM.attributes
                0x0000000000000317       0x34 ./Drivers/STM32G4xx_HAL_Driver/Src/stm32g4xx_hal_dma.o
 .ARM.attributes
                0x000000000000034b       0x34 ./Drivers/STM32G4xx_HAL_Driver/Src/stm32g4xx_hal_gpio.o
 .ARM.attributes
                0x000000000000037f       0x34 ./Drivers/STM32G4xx_HAL_Driver/Src/stm32g4xx_hal_i2c.o
 .ARM.attributes
                0x00000000000003b3       0x34 ./Drivers/STM32G4xx_HAL_Driver/Src/stm32g4xx_hal_i2c_ex.o
 .ARM.attributes
                0x00000000000003e7       0x34 ./Drivers/STM32G4xx_HAL_Driver/Src/stm32g4xx_hal_pwr_ex.o
 .ARM.attributes
                0x000000000000041b       0x34 ./Drivers/STM32G4xx_HAL_Driver/Src/stm32g4xx_hal_rcc.o
 .ARM.attributes
                0x000000000000044f       0x34 ./Drivers/STM32G4xx_HAL_Driver/Src/stm32g4xx_hal_rcc_ex.o
 .ARM.attributes
                0x0000000000000483       0x34 ./Drivers/STM32G4xx_HAL_Driver/Src/stm32g4xx_hal_tim.o
 .ARM.attributes
                0x00000000000004b7       0x34 ./Drivers/STM32G4xx_HAL_Driver/Src/stm32g4xx_hal_tim_ex.o
 .ARM.attributes
                0x00000000000004eb       0x34 d:/programy/stm32cubeide_1.10.1/stm32cubeide/plugins/com.st.stm32cube.ide.mcu.externaltools.gnu-tools-for-stm32.10.3-2021.10.win32_1.0.0.202111181127/tools/bin/../lib/gcc/arm-none-eabi/10.3.1/../../../../arm-none-eabi/lib/thumb/v7e-m+fp/hard\libc_nano.a(lib_a-errno.o)
 .ARM.attributes
                0x000000000000051f       0x34 d:/programy/stm32cubeide_1.10.1/stm32cubeide/plugins/com.st.stm32cube.ide.mcu.externaltools.gnu-tools-for-stm32.10.3-2021.10.win32_1.0.0.202111181127/tools/bin/../lib/gcc/arm-none-eabi/10.3.1/../../../../arm-none-eabi/lib/thumb/v7e-m+fp/hard\libc_nano.a(lib_a-impure.o)
 .ARM.attributes
                0x0000000000000553       0x34 d:/programy/stm32cubeide_1.10.1/stm32cubeide/plugins/com.st.stm32cube.ide.mcu.externaltools.gnu-tools-for-stm32.10.3-2021.10.win32_1.0.0.202111181127/tools/bin/../lib/gcc/arm-none-eabi/10.3.1/../../../../arm-none-eabi/lib/thumb/v7e-m+fp/hard\libc_nano.a(lib_a-init.o)
 .ARM.attributes
                0x0000000000000587       0x34 d:/programy/stm32cubeide_1.10.1/stm32cubeide/plugins/com.st.stm32cube.ide.mcu.externaltools.gnu-tools-for-stm32.10.3-2021.10.win32_1.0.0.202111181127/tools/bin/../lib/gcc/arm-none-eabi/10.3.1/../../../../arm-none-eabi/lib/thumb/v7e-m+fp/hard\libc_nano.a(lib_a-memset.o)
 .ARM.attributes
                0x00000000000005bb       0x34 d:/programy/stm32cubeide_1.10.1/stm32cubeide/plugins/com.st.stm32cube.ide.mcu.externaltools.gnu-tools-for-stm32.10.3-2021.10.win32_1.0.0.202111181127/tools/bin/../lib/gcc/arm-none-eabi/10.3.1/../../../../arm-none-eabi/lib/thumb/v7e-m+fp/hard\libc_nano.a(lib_a-sprintf.o)
 .ARM.attributes
                0x00000000000005ef       0x34 d:/programy/stm32cubeide_1.10.1/stm32cubeide/plugins/com.st.stm32cube.ide.mcu.externaltools.gnu-tools-for-stm32.10.3-2021.10.win32_1.0.0.202111181127/tools/bin/../lib/gcc/arm-none-eabi/10.3.1/../../../../arm-none-eabi/lib/thumb/v7e-m+fp/hard\libc_nano.a(lib_a-nano-svfprintf.o)
 .ARM.attributes
                0x0000000000000623       0x34 d:/programy/stm32cubeide_1.10.1/stm32cubeide/plugins/com.st.stm32cube.ide.mcu.externaltools.gnu-tools-for-stm32.10.3-2021.10.win32_1.0.0.202111181127/tools/bin/../lib/gcc/arm-none-eabi/10.3.1/../../../../arm-none-eabi/lib/thumb/v7e-m+fp/hard\libc_nano.a(lib_a-nano-vfprintf_i.o)
 .ARM.attributes
                0x0000000000000657       0x1c d:/programy/stm32cubeide_1.10.1/stm32cubeide/plugins/com.st.stm32cube.ide.mcu.externaltools.gnu-tools-for-stm32.10.3-2021.10.win32_1.0.0.202111181127/tools/bin/../lib/gcc/arm-none-eabi/10.3.1/../../../../arm-none-eabi/lib/thumb/v7e-m+fp/hard\libc_nano.a(lib_a-memchr.o)
 .ARM.attributes
                0x0000000000000673       0x34 d:/programy/stm32cubeide_1.10.1/stm32cubeide/plugins/com.st.stm32cube.ide.mcu.externaltools.gnu-tools-for-stm32.10.3-2021.10.win32_1.0.0.202111181127/tools/bin/../lib/gcc/arm-none-eabi/10.3.1/../../../../arm-none-eabi/lib/thumb/v7e-m+fp/hard\libc_nano.a(lib_a-memcpy-stub.o)
 .ARM.attributes
                0x00000000000006a7       0x34 d:/programy/stm32cubeide_1.10.1/stm32cubeide/plugins/com.st.stm32cube.ide.mcu.externaltools.gnu-tools-for-stm32.10.3-2021.10.win32_1.0.0.202111181127/tools/bin/../lib/gcc/arm-none-eabi/10.3.1/../../../../arm-none-eabi/lib/thumb/v7e-m+fp/hard\libc_nano.a(lib_a-memmove.o)
 .ARM.attributes
                0x00000000000006db       0x34 d:/programy/stm32cubeide_1.10.1/stm32cubeide/plugins/com.st.stm32cube.ide.mcu.externaltools.gnu-tools-for-stm32.10.3-2021.10.win32_1.0.0.202111181127/tools/bin/../lib/gcc/arm-none-eabi/10.3.1/../../../../arm-none-eabi/lib/thumb/v7e-m+fp/hard\libc_nano.a(lib_a-nano-freer.o)
 .ARM.attributes
                0x000000000000070f       0x34 d:/programy/stm32cubeide_1.10.1/stm32cubeide/plugins/com.st.stm32cube.ide.mcu.externaltools.gnu-tools-for-stm32.10.3-2021.10.win32_1.0.0.202111181127/tools/bin/../lib/gcc/arm-none-eabi/10.3.1/../../../../arm-none-eabi/lib/thumb/v7e-m+fp/hard\libc_nano.a(lib_a-nano-mallocr.o)
 .ARM.attributes
                0x0000000000000743       0x34 d:/programy/stm32cubeide_1.10.1/stm32cubeide/plugins/com.st.stm32cube.ide.mcu.externaltools.gnu-tools-for-stm32.10.3-2021.10.win32_1.0.0.202111181127/tools/bin/../lib/gcc/arm-none-eabi/10.3.1/../../../../arm-none-eabi/lib/thumb/v7e-m+fp/hard\libc_nano.a(lib_a-nano-reallocr.o)
 .ARM.attributes
                0x0000000000000777       0x34 d:/programy/stm32cubeide_1.10.1/stm32cubeide/plugins/com.st.stm32cube.ide.mcu.externaltools.gnu-tools-for-stm32.10.3-2021.10.win32_1.0.0.202111181127/tools/bin/../lib/gcc/arm-none-eabi/10.3.1/../../../../arm-none-eabi/lib/thumb/v7e-m+fp/hard\libc_nano.a(lib_a-sbrkr.o)
 .ARM.attributes
                0x00000000000007ab       0x34 d:/programy/stm32cubeide_1.10.1/stm32cubeide/plugins/com.st.stm32cube.ide.mcu.externaltools.gnu-tools-for-stm32.10.3-2021.10.win32_1.0.0.202111181127/tools/bin/../lib/gcc/arm-none-eabi/10.3.1/../../../../arm-none-eabi/lib/thumb/v7e-m+fp/hard\libc_nano.a(lib_a-mlock.o)
 .ARM.attributes
                0x00000000000007df       0x34 d:/programy/stm32cubeide_1.10.1/stm32cubeide/plugins/com.st.stm32cube.ide.mcu.externaltools.gnu-tools-for-stm32.10.3-2021.10.win32_1.0.0.202111181127/tools/bin/../lib/gcc/arm-none-eabi/10.3.1/../../../../arm-none-eabi/lib/thumb/v7e-m+fp/hard\libc_nano.a(lib_a-nano-msizer.o)
 .ARM.attributes
                0x0000000000000813       0x34 d:/programy/stm32cubeide_1.10.1/stm32cubeide/plugins/com.st.stm32cube.ide.mcu.externaltools.gnu-tools-for-stm32.10.3-2021.10.win32_1.0.0.202111181127/tools/bin/../lib/gcc/arm-none-eabi/10.3.1/../../../../arm-none-eabi/lib/thumb/v7e-m+fp/hard\libc_nano.a(lib_a-reent.o)
 .ARM.attributes
                0x0000000000000847       0x34 d:/programy/stm32cubeide_1.10.1/stm32cubeide/plugins/com.st.stm32cube.ide.mcu.externaltools.gnu-tools-for-stm32.10.3-2021.10.win32_1.0.0.202111181127/tools/bin/../lib/gcc/arm-none-eabi/10.3.1/../../../../arm-none-eabi/lib/thumb/v7e-m+fp/hard\libc_nano.a(lib_a-lock.o)
 .ARM.attributes
                0x000000000000087b       0x34 d:/programy/stm32cubeide_1.10.1/stm32cubeide/plugins/com.st.stm32cube.ide.mcu.externaltools.gnu-tools-for-stm32.10.3-2021.10.win32_1.0.0.202111181127/tools/bin/../lib/gcc/arm-none-eabi/10.3.1/../../../../arm-none-eabi/lib/thumb/v7e-m+fp/hard\libm.a(lib_a-wf_sqrt.o)
 .ARM.attributes
                0x00000000000008af       0x34 d:/programy/stm32cubeide_1.10.1/stm32cubeide/plugins/com.st.stm32cube.ide.mcu.externaltools.gnu-tools-for-stm32.10.3-2021.10.win32_1.0.0.202111181127/tools/bin/../lib/gcc/arm-none-eabi/10.3.1/../../../../arm-none-eabi/lib/thumb/v7e-m+fp/hard\libm.a(lib_a-ef_sqrt.o)
 .ARM.attributes
                0x00000000000008e3       0x1e d:/programy/stm32cubeide_1.10.1/stm32cubeide/plugins/com.st.stm32cube.ide.mcu.externaltools.gnu-tools-for-stm32.10.3-2021.10.win32_1.0.0.202111181127/tools/bin/../lib/gcc/arm-none-eabi/10.3.1/thumb/v7e-m+fp/hard/crtn.o
OUTPUT(RLC_G4.elf elf32-littlearm)
LOAD linker stubs
LOAD d:/programy/stm32cubeide_1.10.1/stm32cubeide/plugins/com.st.stm32cube.ide.mcu.externaltools.gnu-tools-for-stm32.10.3-2021.10.win32_1.0.0.202111181127/tools/bin/../lib/gcc/arm-none-eabi/10.3.1/../../../../arm-none-eabi/lib/thumb/v7e-m+fp/hard\libc.a
LOAD d:/programy/stm32cubeide_1.10.1/stm32cubeide/plugins/com.st.stm32cube.ide.mcu.externaltools.gnu-tools-for-stm32.10.3-2021.10.win32_1.0.0.202111181127/tools/bin/../lib/gcc/arm-none-eabi/10.3.1/../../../../arm-none-eabi/lib/thumb/v7e-m+fp/hard\libm.a
LOAD d:/programy/stm32cubeide_1.10.1/stm32cubeide/plugins/com.st.stm32cube.ide.mcu.externaltools.gnu-tools-for-stm32.10.3-2021.10.win32_1.0.0.202111181127/tools/bin/../lib/gcc/arm-none-eabi/10.3.1/thumb/v7e-m+fp/hard\libgcc.a

.debug_info     0x0000000000000000    0x187b4
 .debug_info    0x0000000000000000      0x27a ./Core/Src/fonts.o
 .debug_info    0x000000000000027a     0x23c0 ./Core/Src/main.o
 .debug_info    0x000000000000263a     0x126a ./Core/Src/ssd1306.o
 .debug_info    0x00000000000038a4     0x1bfc ./Core/Src/stm32g4xx_hal_msp.o
 .debug_info    0x00000000000054a0      0x8f9 ./Core/Src/stm32g4xx_it.o
 .debug_info    0x0000000000005d99      0x171 ./Core/Src/sysmem.o
 .debug_info    0x0000000000005f0a      0x59f ./Core/Src/system_stm32g4xx.o
 .debug_info    0x00000000000064a9       0x22 ./Core/Startup/startup_stm32g431k6tx.o
 .debug_info    0x00000000000064cb      0xae3 ./Drivers/STM32G4xx_HAL_Driver/Src/stm32g4xx_hal.o
 .debug_info    0x0000000000006fae     0x213e ./Drivers/STM32G4xx_HAL_Driver/Src/stm32g4xx_hal_adc.o
 .debug_info    0x00000000000090ec     0x1e4b ./Drivers/STM32G4xx_HAL_Driver/Src/stm32g4xx_hal_adc_ex.o
 .debug_info    0x000000000000af37      0xdc4 ./Drivers/STM32G4xx_HAL_Driver/Src/stm32g4xx_hal_cortex.o
 .debug_info    0x000000000000bcfb      0xd17 ./Drivers/STM32G4xx_HAL_Driver/Src/stm32g4xx_hal_dac.o
 .debug_info    0x000000000000ca12      0xdf9 ./Drivers/STM32G4xx_HAL_Driver/Src/stm32g4xx_hal_dac_ex.o
 .debug_info    0x000000000000d80b      0x8ee ./Drivers/STM32G4xx_HAL_Driver/Src/stm32g4xx_hal_dma.o
 .debug_info    0x000000000000e0f9      0x82f ./Drivers/STM32G4xx_HAL_Driver/Src/stm32g4xx_hal_gpio.o
 .debug_info    0x000000000000e928     0x22ea ./Drivers/STM32G4xx_HAL_Driver/Src/stm32g4xx_hal_i2c.o
 .debug_info    0x0000000000010c12      0xb61 ./Drivers/STM32G4xx_HAL_Driver/Src/stm32g4xx_hal_i2c_ex.o
 .debug_info    0x0000000000011773      0x983 ./Drivers/STM32G4xx_HAL_Driver/Src/stm32g4xx_hal_pwr_ex.o
 .debug_info    0x00000000000120f6      0xc53 ./Drivers/STM32G4xx_HAL_Driver/Src/stm32g4xx_hal_rcc.o
 .debug_info    0x0000000000012d49      0xcfe ./Drivers/STM32G4xx_HAL_Driver/Src/stm32g4xx_hal_rcc_ex.o
 .debug_info    0x0000000000013a47     0x2e83 ./Drivers/STM32G4xx_HAL_Driver/Src/stm32g4xx_hal_tim.o
 .debug_info    0x00000000000168ca     0x1eea ./Drivers/STM32G4xx_HAL_Driver/Src/stm32g4xx_hal_tim_ex.o

.debug_abbrev   0x0000000000000000     0x310b
 .debug_abbrev  0x0000000000000000      0x111 ./Core/Src/fonts.o
 .debug_abbrev  0x0000000000000111      0x3c7 ./Core/Src/main.o
 .debug_abbrev  0x00000000000004d8      0x303 ./Core/Src/ssd1306.o
 .debug_abbrev  0x00000000000007db      0x267 ./Core/Src/stm32g4xx_hal_msp.o
 .debug_abbrev  0x0000000000000a42      0x1b5 ./Core/Src/stm32g4xx_it.o
 .debug_abbrev  0x0000000000000bf7       0xbb ./Core/Src/sysmem.o
 .debug_abbrev  0x0000000000000cb2      0x116 ./Core/Src/system_stm32g4xx.o
 .debug_abbrev  0x0000000000000dc8       0x12 ./Core/Startup/startup_stm32g431k6tx.o
 .debug_abbrev  0x0000000000000dda      0x269 ./Drivers/STM32G4xx_HAL_Driver/Src/stm32g4xx_hal.o
 .debug_abbrev  0x0000000000001043      0x2bf ./Drivers/STM32G4xx_HAL_Driver/Src/stm32g4xx_hal_adc.o
 .debug_abbrev  0x0000000000001302      0x2da ./Drivers/STM32G4xx_HAL_Driver/Src/stm32g4xx_hal_adc_ex.o
 .debug_abbrev  0x00000000000015dc      0x30d ./Drivers/STM32G4xx_HAL_Driver/Src/stm32g4xx_hal_cortex.o
 .debug_abbrev  0x00000000000018e9      0x206 ./Drivers/STM32G4xx_HAL_Driver/Src/stm32g4xx_hal_dac.o
 .debug_abbrev  0x0000000000001aef      0x231 ./Drivers/STM32G4xx_HAL_Driver/Src/stm32g4xx_hal_dac_ex.o
 .debug_abbrev  0x0000000000001d20      0x1d7 ./Drivers/STM32G4xx_HAL_Driver/Src/stm32g4xx_hal_dma.o
 .debug_abbrev  0x0000000000001ef7      0x1bb ./Drivers/STM32G4xx_HAL_Driver/Src/stm32g4xx_hal_gpio.o
 .debug_abbrev  0x00000000000020b2      0x243 ./Drivers/STM32G4xx_HAL_Driver/Src/stm32g4xx_hal_i2c.o
 .debug_abbrev  0x00000000000022f5      0x1b0 ./Drivers/STM32G4xx_HAL_Driver/Src/stm32g4xx_hal_i2c_ex.o
 .debug_abbrev  0x00000000000024a5      0x229 ./Drivers/STM32G4xx_HAL_Driver/Src/stm32g4xx_hal_pwr_ex.o
 .debug_abbrev  0x00000000000026ce      0x2bd ./Drivers/STM32G4xx_HAL_Driver/Src/stm32g4xx_hal_rcc.o
 .debug_abbrev  0x000000000000298b      0x247 ./Drivers/STM32G4xx_HAL_Driver/Src/stm32g4xx_hal_rcc_ex.o
 .debug_abbrev  0x0000000000002bd2      0x28e ./Drivers/STM32G4xx_HAL_Driver/Src/stm32g4xx_hal_tim.o
 .debug_abbrev  0x0000000000002e60      0x2ab ./Drivers/STM32G4xx_HAL_Driver/Src/stm32g4xx_hal_tim_ex.o

.debug_aranges  0x0000000000000000     0x1730
 .debug_aranges
                0x0000000000000000       0x20 ./Core/Src/fonts.o
 .debug_aranges
                0x0000000000000020       0xa0 ./Core/Src/main.o
 .debug_aranges
                0x00000000000000c0       0xf8 ./Core/Src/ssd1306.o
 .debug_aranges
                0x00000000000001b8       0x60 ./Core/Src/stm32g4xx_hal_msp.o
 .debug_aranges
                0x0000000000000218       0x70 ./Core/Src/stm32g4xx_it.o
 .debug_aranges
                0x0000000000000288       0x20 ./Core/Src/sysmem.o
 .debug_aranges
                0x00000000000002a8       0x28 ./Core/Src/system_stm32g4xx.o
 .debug_aranges
                0x00000000000002d0       0x28 ./Core/Startup/startup_stm32g431k6tx.o
 .debug_aranges
                0x00000000000002f8      0x130 ./Drivers/STM32G4xx_HAL_Driver/Src/stm32g4xx_hal.o
 .debug_aranges
                0x0000000000000428      0x248 ./Drivers/STM32G4xx_HAL_Driver/Src/stm32g4xx_hal_adc.o
 .debug_aranges
                0x0000000000000670      0x1c0 ./Drivers/STM32G4xx_HAL_Driver/Src/stm32g4xx_hal_adc_ex.o
 .debug_aranges
                0x0000000000000830      0x118 ./Drivers/STM32G4xx_HAL_Driver/Src/stm32g4xx_hal_cortex.o
 .debug_aranges
                0x0000000000000948       0xc0 ./Drivers/STM32G4xx_HAL_Driver/Src/stm32g4xx_hal_dac.o
 .debug_aranges
                0x0000000000000a08       0xc0 ./Drivers/STM32G4xx_HAL_Driver/Src/stm32g4xx_hal_dac_ex.o
 .debug_aranges
                0x0000000000000ac8       0x90 ./Drivers/STM32G4xx_HAL_Driver/Src/stm32g4xx_hal_dma.o
 .debug_aranges
                0x0000000000000b58       0x58 ./Drivers/STM32G4xx_HAL_Driver/Src/stm32g4xx_hal_gpio.o
 .debug_aranges
                0x0000000000000bb0      0x290 ./Drivers/STM32G4xx_HAL_Driver/Src/stm32g4xx_hal_i2c.o
 .debug_aranges
                0x0000000000000e40       0x48 ./Drivers/STM32G4xx_HAL_Driver/Src/stm32g4xx_hal_i2c_ex.o
 .debug_aranges
                0x0000000000000e88      0x140 ./Drivers/STM32G4xx_HAL_Driver/Src/stm32g4xx_hal_pwr_ex.o
 .debug_aranges
                0x0000000000000fc8       0x98 ./Drivers/STM32G4xx_HAL_Driver/Src/stm32g4xx_hal_rcc.o
 .debug_aranges
                0x0000000000001060       0xb0 ./Drivers/STM32G4xx_HAL_Driver/Src/stm32g4xx_hal_rcc_ex.o
 .debug_aranges
                0x0000000000001110      0x3e0 ./Drivers/STM32G4xx_HAL_Driver/Src/stm32g4xx_hal_tim.o
 .debug_aranges
                0x00000000000014f0      0x240 ./Drivers/STM32G4xx_HAL_Driver/Src/stm32g4xx_hal_tim_ex.o

.debug_ranges   0x0000000000000000     0x15c8
 .debug_ranges  0x0000000000000000       0x10 ./Core/Src/fonts.o
 .debug_ranges  0x0000000000000010       0x90 ./Core/Src/main.o
 .debug_ranges  0x00000000000000a0       0xe8 ./Core/Src/ssd1306.o
 .debug_ranges  0x0000000000000188       0x50 ./Core/Src/stm32g4xx_hal_msp.o
 .debug_ranges  0x00000000000001d8       0x60 ./Core/Src/stm32g4xx_it.o
 .debug_ranges  0x0000000000000238       0x10 ./Core/Src/sysmem.o
 .debug_ranges  0x0000000000000248       0x18 ./Core/Src/system_stm32g4xx.o
 .debug_ranges  0x0000000000000260       0x20 ./Core/Startup/startup_stm32g431k6tx.o
 .debug_ranges  0x0000000000000280      0x120 ./Drivers/STM32G4xx_HAL_Driver/Src/stm32g4xx_hal.o
 .debug_ranges  0x00000000000003a0      0x238 ./Drivers/STM32G4xx_HAL_Driver/Src/stm32g4xx_hal_adc.o
 .debug_ranges  0x00000000000005d8      0x1b0 ./Drivers/STM32G4xx_HAL_Driver/Src/stm32g4xx_hal_adc_ex.o
 .debug_ranges  0x0000000000000788      0x108 ./Drivers/STM32G4xx_HAL_Driver/Src/stm32g4xx_hal_cortex.o
 .debug_ranges  0x0000000000000890       0xb0 ./Drivers/STM32G4xx_HAL_Driver/Src/stm32g4xx_hal_dac.o
 .debug_ranges  0x0000000000000940       0xb0 ./Drivers/STM32G4xx_HAL_Driver/Src/stm32g4xx_hal_dac_ex.o
 .debug_ranges  0x00000000000009f0       0x80 ./Drivers/STM32G4xx_HAL_Driver/Src/stm32g4xx_hal_dma.o
 .debug_ranges  0x0000000000000a70       0x48 ./Drivers/STM32G4xx_HAL_Driver/Src/stm32g4xx_hal_gpio.o
 .debug_ranges  0x0000000000000ab8      0x280 ./Drivers/STM32G4xx_HAL_Driver/Src/stm32g4xx_hal_i2c.o
 .debug_ranges  0x0000000000000d38       0x38 ./Drivers/STM32G4xx_HAL_Driver/Src/stm32g4xx_hal_i2c_ex.o
 .debug_ranges  0x0000000000000d70      0x130 ./Drivers/STM32G4xx_HAL_Driver/Src/stm32g4xx_hal_pwr_ex.o
 .debug_ranges  0x0000000000000ea0       0x88 ./Drivers/STM32G4xx_HAL_Driver/Src/stm32g4xx_hal_rcc.o
 .debug_ranges  0x0000000000000f28       0xa0 ./Drivers/STM32G4xx_HAL_Driver/Src/stm32g4xx_hal_rcc_ex.o
 .debug_ranges  0x0000000000000fc8      0x3d0 ./Drivers/STM32G4xx_HAL_Driver/Src/stm32g4xx_hal_tim.o
 .debug_ranges  0x0000000000001398      0x230 ./Drivers/STM32G4xx_HAL_Driver/Src/stm32g4xx_hal_tim_ex.o

.debug_macro    0x0000000000000000    0x21204
 .debug_macro   0x0000000000000000      0x2e2 ./Core/Src/fonts.o
 .debug_macro   0x00000000000002e2      0xa78 ./Core/Src/fonts.o
 .debug_macro   0x0000000000000d5a      0x167 ./Core/Src/fonts.o
 .debug_macro   0x0000000000000ec1       0x2e ./Core/Src/fonts.o
 .debug_macro   0x0000000000000eef       0x28 ./Core/Src/fonts.o
 .debug_macro   0x0000000000000f17       0x22 ./Core/Src/fonts.o
 .debug_macro   0x0000000000000f39       0x8e ./Core/Src/fonts.o
 .debug_macro   0x0000000000000fc7       0x51 ./Core/Src/fonts.o
 .debug_macro   0x0000000000001018      0x103 ./Core/Src/fonts.o
 .debug_macro   0x000000000000111b       0x6a ./Core/Src/fonts.o
 .debug_macro   0x0000000000001185      0x1df ./Core/Src/fonts.o
 .debug_macro   0x0000000000001364       0x1c ./Core/Src/fonts.o
 .debug_macro   0x0000000000001380       0x22 ./Core/Src/fonts.o
 .debug_macro   0x00000000000013a2       0xfb ./Core/Src/fonts.o
 .debug_macro   0x000000000000149d     0x1011 ./Core/Src/fonts.o
 .debug_macro   0x00000000000024ae      0x11f ./Core/Src/fonts.o
 .debug_macro   0x00000000000025cd    0x11396 ./Core/Src/fonts.o
 .debug_macro   0x0000000000013963       0x6d ./Core/Src/fonts.o
 .debug_macro   0x00000000000139d0     0x3554 ./Core/Src/fonts.o
 .debug_macro   0x0000000000016f24      0x174 ./Core/Src/fonts.o
 .debug_macro   0x0000000000017098       0x5c ./Core/Src/fonts.o
 .debug_macro   0x00000000000170f4     0x141d ./Core/Src/fonts.o
 .debug_macro   0x0000000000018511      0x535 ./Core/Src/fonts.o
 .debug_macro   0x0000000000018a46      0x1b6 ./Core/Src/fonts.o
 .debug_macro   0x0000000000018bfc      0x288 ./Core/Src/fonts.o
 .debug_macro   0x0000000000018e84      0x41d ./Core/Src/fonts.o
 .debug_macro   0x00000000000192a1      0x18b ./Core/Src/fonts.o
 .debug_macro   0x000000000001942c       0x43 ./Core/Src/fonts.o
 .debug_macro   0x000000000001946f      0x23d ./Core/Src/fonts.o
 .debug_macro   0x00000000000196ac     0x10fd ./Core/Src/fonts.o
 .debug_macro   0x000000000001a7a9      0x72e ./Core/Src/fonts.o
 .debug_macro   0x000000000001aed7      0x391 ./Core/Src/fonts.o
 .debug_macro   0x000000000001b268      0x202 ./Core/Src/fonts.o
 .debug_macro   0x000000000001b46a      0x108 ./Core/Src/fonts.o
 .debug_macro   0x000000000001b572      0x211 ./Core/Src/fonts.o
 .debug_macro   0x000000000001b783      0x401 ./Core/Src/fonts.o
 .debug_macro   0x000000000001bb84      0x107 ./Core/Src/fonts.o
 .debug_macro   0x000000000001bc8b      0x22c ./Core/Src/fonts.o
 .debug_macro   0x000000000001beb7       0x61 ./Core/Src/fonts.o
 .debug_macro   0x000000000001bf18       0xa5 ./Core/Src/fonts.o
 .debug_macro   0x000000000001bfbd      0x122 ./Core/Src/fonts.o
 .debug_macro   0x000000000001c0df      0x3d1 ./Core/Src/fonts.o
 .debug_macro   0x000000000001c4b0      0xbbe ./Core/Src/fonts.o
 .debug_macro   0x000000000001d06e      0x47e ./Core/Src/fonts.o
 .debug_macro   0x000000000001d4ec      0x306 ./Core/Src/fonts.o
 .debug_macro   0x000000000001d7f2       0x52 ./Core/Src/fonts.o
 .debug_macro   0x000000000001d844       0x1e ./Core/Src/fonts.o
 .debug_macro   0x000000000001d862       0x3c ./Core/Src/fonts.o
 .debug_macro   0x000000000001d89e       0x34 ./Core/Src/fonts.o
 .debug_macro   0x000000000001d8d2       0x16 ./Core/Src/fonts.o
 .debug_macro   0x000000000001d8e8       0x43 ./Core/Src/fonts.o
 .debug_macro   0x000000000001d92b       0x34 ./Core/Src/fonts.o
 .debug_macro   0x000000000001d95f       0x10 ./Core/Src/fonts.o
 .debug_macro   0x000000000001d96f       0x58 ./Core/Src/fonts.o
 .debug_macro   0x000000000001d9c7       0x71 ./Core/Src/fonts.o
 .debug_macro   0x000000000001da38       0x1c ./Core/Src/fonts.o
 .debug_macro   0x000000000001da54      0x12a ./Core/Src/fonts.o
 .debug_macro   0x000000000001db7e      0x341 ./Core/Src/fonts.o
 .debug_macro   0x000000000001debf       0x10 ./Core/Src/fonts.o
 .debug_macro   0x000000000001decf       0x35 ./Core/Src/fonts.o
 .debug_macro   0x000000000001df04       0x20 ./Core/Src/fonts.o
 .debug_macro   0x000000000001df24      0x356 ./Core/Src/main.o
 .debug_macro   0x000000000001e27a       0x16 ./Core/Src/main.o
 .debug_macro   0x000000000001e290       0x16 ./Core/Src/main.o
 .debug_macro   0x000000000001e2a6       0x29 ./Core/Src/main.o
 .debug_macro   0x000000000001e2cf       0x1d ./Core/Src/main.o
 .debug_macro   0x000000000001e2ec      0x19b ./Core/Src/main.o
 .debug_macro   0x000000000001e487      0x36d ./Core/Src/ssd1306.o
 .debug_macro   0x000000000001e7f4      0x214 ./Core/Src/stm32g4xx_hal_msp.o
 .debug_macro   0x000000000001ea08      0x21e ./Core/Src/stm32g4xx_it.o
 .debug_macro   0x000000000001ec26       0xff ./Core/Src/sysmem.o
 .debug_macro   0x000000000001ed25      0x23b ./Core/Src/sysmem.o
 .debug_macro   0x000000000001ef60      0x20a ./Core/Src/system_stm32g4xx.o
 .debug_macro   0x000000000001f16a      0x258 ./Drivers/STM32G4xx_HAL_Driver/Src/stm32g4xx_hal.o
 .debug_macro   0x000000000001f3c2      0x227 ./Drivers/STM32G4xx_HAL_Driver/Src/stm32g4xx_hal_adc.o
 .debug_macro   0x000000000001f5e9      0x216 ./Drivers/STM32G4xx_HAL_Driver/Src/stm32g4xx_hal_adc_ex.o
 .debug_macro   0x000000000001f7ff      0x20a ./Drivers/STM32G4xx_HAL_Driver/Src/stm32g4xx_hal_cortex.o
 .debug_macro   0x000000000001fa09      0x220 ./Drivers/STM32G4xx_HAL_Driver/Src/stm32g4xx_hal_dac.o
 .debug_macro   0x000000000001fc29      0x20a ./Drivers/STM32G4xx_HAL_Driver/Src/stm32g4xx_hal_dac_ex.o
 .debug_macro   0x000000000001fe33      0x20a ./Drivers/STM32G4xx_HAL_Driver/Src/stm32g4xx_hal_dma.o
 .debug_macro   0x000000000002003d      0x211 ./Drivers/STM32G4xx_HAL_Driver/Src/stm32g4xx_hal_gpio.o
 .debug_macro   0x000000000002024e      0x2d6 ./Drivers/STM32G4xx_HAL_Driver/Src/stm32g4xx_hal_i2c.o
 .debug_macro   0x0000000000020524      0x20a ./Drivers/STM32G4xx_HAL_Driver/Src/stm32g4xx_hal_i2c_ex.o
 .debug_macro   0x000000000002072e      0x234 ./Drivers/STM32G4xx_HAL_Driver/Src/stm32g4xx_hal_pwr_ex.o
 .debug_macro   0x0000000000020962      0x24c ./Drivers/STM32G4xx_HAL_Driver/Src/stm32g4xx_hal_rcc.o
 .debug_macro   0x0000000000020bae      0x234 ./Drivers/STM32G4xx_HAL_Driver/Src/stm32g4xx_hal_rcc_ex.o
 .debug_macro   0x0000000000020de2      0x212 ./Drivers/STM32G4xx_HAL_Driver/Src/stm32g4xx_hal_tim.o
 .debug_macro   0x0000000000020ff4      0x210 ./Drivers/STM32G4xx_HAL_Driver/Src/stm32g4xx_hal_tim_ex.o

.debug_line     0x0000000000000000    0x19522
 .debug_line    0x0000000000000000      0x8ce ./Core/Src/fonts.o
 .debug_line    0x00000000000008ce      0xe1f ./Core/Src/main.o
 .debug_line    0x00000000000016ed     0x10a2 ./Core/Src/ssd1306.o
 .debug_line    0x000000000000278f      0x97c ./Core/Src/stm32g4xx_hal_msp.o
 .debug_line    0x000000000000310b      0x857 ./Core/Src/stm32g4xx_it.o
 .debug_line    0x0000000000003962      0x508 ./Core/Src/sysmem.o
 .debug_line    0x0000000000003e6a      0x7ce ./Core/Src/system_stm32g4xx.o
 .debug_line    0x0000000000004638       0x89 ./Core/Startup/startup_stm32g431k6tx.o
 .debug_line    0x00000000000046c1      0xb45 ./Drivers/STM32G4xx_HAL_Driver/Src/stm32g4xx_hal.o
 .debug_line    0x0000000000005206     0x1ee0 ./Drivers/STM32G4xx_HAL_Driver/Src/stm32g4xx_hal_adc.o
 .debug_line    0x00000000000070e6     0x1943 ./Drivers/STM32G4xx_HAL_Driver/Src/stm32g4xx_hal_adc_ex.o
 .debug_line    0x0000000000008a29      0xcf8 ./Drivers/STM32G4xx_HAL_Driver/Src/stm32g4xx_hal_cortex.o
 .debug_line    0x0000000000009721      0xce6 ./Drivers/STM32G4xx_HAL_Driver/Src/stm32g4xx_hal_dac.o
 .debug_line    0x000000000000a407      0xceb ./Drivers/STM32G4xx_HAL_Driver/Src/stm32g4xx_hal_dac_ex.o
 .debug_line    0x000000000000b0f2      0xeb1 ./Drivers/STM32G4xx_HAL_Driver/Src/stm32g4xx_hal_dma.o
 .debug_line    0x000000000000bfa3      0xb88 ./Drivers/STM32G4xx_HAL_Driver/Src/stm32g4xx_hal_gpio.o
 .debug_line    0x000000000000cb2b     0x33ec ./Drivers/STM32G4xx_HAL_Driver/Src/stm32g4xx_hal_i2c.o
 .debug_line    0x000000000000ff17      0x982 ./Drivers/STM32G4xx_HAL_Driver/Src/stm32g4xx_hal_i2c_ex.o
 .debug_line    0x0000000000010899      0xcfc ./Drivers/STM32G4xx_HAL_Driver/Src/stm32g4xx_hal_pwr_ex.o
 .debug_line    0x0000000000011595      0xf5b ./Drivers/STM32G4xx_HAL_Driver/Src/stm32g4xx_hal_rcc.o
 .debug_line    0x00000000000124f0     0x111e ./Drivers/STM32G4xx_HAL_Driver/Src/stm32g4xx_hal_rcc_ex.o
 .debug_line    0x000000000001360e     0x3e4c ./Drivers/STM32G4xx_HAL_Driver/Src/stm32g4xx_hal_tim.o
 .debug_line    0x000000000001745a     0x20c8 ./Drivers/STM32G4xx_HAL_Driver/Src/stm32g4xx_hal_tim_ex.o

.debug_str      0x0000000000000000    0xdb076
 .debug_str     0x0000000000000000    0xd2a11 ./Core/Src/fonts.o
                                      0xd2f6f (size before relaxing)
 .debug_str     0x00000000000d2a11     0x222f ./Core/Src/main.o
                                      0xd534f (size before relaxing)
 .debug_str     0x00000000000d4c40      0x4df ./Core/Src/ssd1306.o
                                      0xd3b5b (size before relaxing)
 .debug_str     0x00000000000d511f      0x2c1 ./Core/Src/stm32g4xx_hal_msp.o
                                      0xd165c (size before relaxing)
 .debug_str     0x00000000000d53e0      0x118 ./Core/Src/stm32g4xx_it.o
                                      0xd07a5 (size before relaxing)
 .debug_str     0x00000000000d54f8      0x4da ./Core/Src/sysmem.o
                                       0x5da5 (size before relaxing)
 .debug_str     0x00000000000d59d2       0xdb ./Core/Src/system_stm32g4xx.o
                                      0xd02a0 (size before relaxing)
 .debug_str     0x00000000000d5aad       0x36 ./Core/Startup/startup_stm32g431k6tx.o
                                         0x67 (size before relaxing)
 .debug_str     0x00000000000d5ae3      0x5a8 ./Drivers/STM32G4xx_HAL_Driver/Src/stm32g4xx_hal.o
                                      0xd0db8 (size before relaxing)
 .debug_str     0x00000000000d608b      0xafd ./Drivers/STM32G4xx_HAL_Driver/Src/stm32g4xx_hal_adc.o
                                      0xd12f1 (size before relaxing)
 .debug_str     0x00000000000d6b88      0x641 ./Drivers/STM32G4xx_HAL_Driver/Src/stm32g4xx_hal_adc_ex.o
                                      0xd1267 (size before relaxing)
 .debug_str     0x00000000000d71c9      0x31d ./Drivers/STM32G4xx_HAL_Driver/Src/stm32g4xx_hal_cortex.o
                                      0xd0a63 (size before relaxing)
 .debug_str     0x00000000000d74e6      0x279 ./Drivers/STM32G4xx_HAL_Driver/Src/stm32g4xx_hal_dac.o
                                      0xd094f (size before relaxing)
 .debug_str     0x00000000000d775f      0x25f ./Drivers/STM32G4xx_HAL_Driver/Src/stm32g4xx_hal_dac_ex.o
                                      0xd096b (size before relaxing)
 .debug_str     0x00000000000d79be      0x27d ./Drivers/STM32G4xx_HAL_Driver/Src/stm32g4xx_hal_dma.o
                                      0xd067a (size before relaxing)
 .debug_str     0x00000000000d7c3b      0x112 ./Drivers/STM32G4xx_HAL_Driver/Src/stm32g4xx_hal_gpio.o
                                      0xd042b (size before relaxing)
 .debug_str     0x00000000000d7d4d      0xd59 ./Drivers/STM32G4xx_HAL_Driver/Src/stm32g4xx_hal_i2c.o
                                      0xd156e (size before relaxing)
 .debug_str     0x00000000000d8aa6       0xb8 ./Drivers/STM32G4xx_HAL_Driver/Src/stm32g4xx_hal_i2c_ex.o
                                      0xd08d3 (size before relaxing)
 .debug_str     0x00000000000d8b5e      0x4b6 ./Drivers/STM32G4xx_HAL_Driver/Src/stm32g4xx_hal_pwr_ex.o
                                      0xd078e (size before relaxing)
 .debug_str     0x00000000000d9014      0x4c1 ./Drivers/STM32G4xx_HAL_Driver/Src/stm32g4xx_hal_rcc.o
                                      0xd0999 (size before relaxing)
 .debug_str     0x00000000000d94d5      0x3f9 ./Drivers/STM32G4xx_HAL_Driver/Src/stm32g4xx_hal_rcc_ex.o
                                      0xd099a (size before relaxing)
 .debug_str     0x00000000000d98ce      0xeb1 ./Drivers/STM32G4xx_HAL_Driver/Src/stm32g4xx_hal_tim.o
                                      0xd178e (size before relaxing)
 .debug_str     0x00000000000da77f      0x8f7 ./Drivers/STM32G4xx_HAL_Driver/Src/stm32g4xx_hal_tim_ex.o
                                      0xd1412 (size before relaxing)

.comment        0x0000000000000000       0x50
 .comment       0x0000000000000000       0x50 ./Core/Src/fonts.o