../Drivers/STM32F0xx_HAL_Driver/Src/stm32f0xx_hal_dac_ex.c:110:19:HAL_DAC_ConfigChannel	32	static
../Drivers/STM32F0xx_HAL_Driver/Src/stm32f0xx_hal_dac_ex.c:219:10:HAL_DAC_GetValue	16	static
../Drivers/STM32F0xx_HAL_Driver/Src/stm32f0xx_hal_dac_ex.c:285:19:HAL_DAC_Start	16	static
../Drivers/STM32F0xx_HAL_Driver/Src/stm32f0xx_hal_dac_ex.c:345:19:HAL_DAC_Start_DMA	32	static
../Drivers/STM32F0xx_HAL_Driver/Src/stm32f0xx_hal_dac_ex.c:591:6:HAL_DAC_IRQHandler	16	static
../Drivers/STM32F0xx_HAL_Driver/Src/stm32f0xx_hal_dac_ex.c:698:13:DAC_DMAConvCpltCh1	24	static
../Drivers/STM32F0xx_HAL_Driver/Src/stm32f0xx_hal_dac_ex.c:713:13:DAC_DMAHalfConvCpltCh1	24	static
../Drivers/STM32F0xx_HAL_Driver/Src/stm32f0xx_hal_dac_ex.c:726:13:DAC_DMAErrorCh1	24	static
../Drivers/STM32F0xx_HAL_Driver/Src/stm32f0xx_hal_dac_ex.c:757:6:DAC_DMAConvCpltCh2	24	static
../Drivers/STM32F0xx_HAL_Driver/Src/stm32f0xx_hal_dac_ex.c:776:6:DAC_DMAHalfConvCpltCh2	24	static
../Drivers/STM32F0xx_HAL_Driver/Src/stm32f0xx_hal_dac_ex.c:794:6:DAC_DMAErrorCh2	24	static
../Drivers/STM32F0xx_HAL_Driver/Src/stm32f0xx_hal_dac_ex.c:871:10:HAL_DACEx_DualGetValue	24	static
../Drivers/STM32F0xx_HAL_Driver/Src/stm32f0xx_hal_dac_ex.c:933:19:HAL_DACEx_TriangleWaveGenerate	24	static
../Drivers/STM32F0xx_HAL_Driver/Src/stm32f0xx_hal_dac_ex.c:981:19:HAL_DACEx_NoiseWaveGenerate	24	static
../Drivers/STM32F0xx_HAL_Driver/Src/stm32f0xx_hal_dac_ex.c:1045:19:HAL_DACEx_DualSetValue	32	static
../Drivers/STM32F0xx_HAL_Driver/Src/stm32f0xx_hal_dac_ex.c:1104:13:HAL_DACEx_ConvCpltCallbackCh2	16	static
../Drivers/STM32F0xx_HAL_Driver/Src/stm32f0xx_hal_dac_ex.c:1120:13:HAL_DACEx_ConvHalfCpltCallbackCh2	16	static
../Drivers/STM32F0xx_HAL_Driver/Src/stm32f0xx_hal_dac_ex.c:1136:13:HAL_DACEx_ErrorCallbackCh2	16	static
../Drivers/STM32F0xx_HAL_Driver/Src/stm32f0xx_hal_dac_ex.c:1152:13:HAL_DACEx_DMAUnderrunCallbackCh2	16	static
