../Drivers/STM32F0xx_HAL_Driver/Src/stm32f0xx_hal_dac.c:299:19:HAL_DAC_Init	16	static
../Drivers/STM32F0xx_HAL_Driver/Src/stm32f0xx_hal_dac.c:360:19:HAL_DAC_DeInit	16	static
../Drivers/STM32F0xx_HAL_Driver/Src/stm32f0xx_hal_dac.c:406:13:HAL_DAC_MspInit	16	static
../Drivers/STM32F0xx_HAL_Driver/Src/stm32f0xx_hal_dac.c:422:13:HAL_DAC_MspDeInit	16	static
../Drivers/STM32F0xx_HAL_Driver/Src/stm32f0xx_hal_dac.c:464:26:HAL_DAC_Start	16	static
../Drivers/STM32F0xx_HAL_Driver/Src/stm32f0xx_hal_dac.c:487:19:HAL_DAC_Stop	16	static
../Drivers/STM32F0xx_HAL_Driver/Src/stm32f0xx_hal_dac.c:519:26:HAL_DAC_Start_DMA	24	static
../Drivers/STM32F0xx_HAL_Driver/Src/stm32f0xx_hal_dac.c:545:19:HAL_DAC_Stop_DMA	32	static
../Drivers/STM32F0xx_HAL_Driver/Src/stm32f0xx_hal_dac.c:603:13:HAL_DAC_IRQHandler	16	static
../Drivers/STM32F0xx_HAL_Driver/Src/stm32f0xx_hal_dac.c:628:19:HAL_DAC_SetValue	32	static
../Drivers/STM32F0xx_HAL_Driver/Src/stm32f0xx_hal_dac.c:660:13:HAL_DAC_ConvCpltCallbackCh1	16	static
../Drivers/STM32F0xx_HAL_Driver/Src/stm32f0xx_hal_dac.c:676:13:HAL_DAC_ConvHalfCpltCallbackCh1	16	static
../Drivers/STM32F0xx_HAL_Driver/Src/stm32f0xx_hal_dac.c:692:13:HAL_DAC_ErrorCallbackCh1	16	static
../Drivers/STM32F0xx_HAL_Driver/Src/stm32f0xx_hal_dac.c:708:13:HAL_DAC_DMAUnderrunCallbackCh1	16	static
../Drivers/STM32F0xx_HAL_Driver/Src/stm32f0xx_hal_dac.c:747:17:HAL_DAC_GetValue	16	static
../Drivers/STM32F0xx_HAL_Driver/Src/stm32f0xx_hal_dac.c:771:26:HAL_DAC_ConfigChannel	24	static
../Drivers/STM32F0xx_HAL_Driver/Src/stm32f0xx_hal_dac.c:811:22:HAL_DAC_GetState	16	static
../Drivers/STM32F0xx_HAL_Driver/Src/stm32f0xx_hal_dac.c:824:10:HAL_DAC_GetError	16	static
